This is pdfTeX, Version 3.141592653-2.6-1.40.29 (TeX Live 2026) (preloaded format=pdflatex 2026.6.26)  28 JUL 2026 12:25
entering extended mode
 restricted \write18 enabled.
 %&-line parsing enabled.
**main_els
(./main_els.tex
LaTeX2e <2026-06-01>
L3 programming layer <2026-06-18>
(./elsarticle.cls
Document Class: elsarticle 2026/01/09, 3.5: Elsevier Ltd
(/Users/bytedance/Library/TinyTeX/texmf-dist/tex/latex/base/fontenc.sty
Package: fontenc 2025/07/18 v2.1d Standard LaTeX package
) (/Users/bytedance/Library/TinyTeX/texmf-dist/tex/latex/l3kernel/expl3.sty
Package: expl3 2026-06-18 L3 programming layer (loader) 
 (/Users/bytedance/Library/TinyTeX/texmf-dist/tex/latex/l3backend/l3backend-pdftex.def
File: l3backend-pdftex.def 2026-02-18 L3 backend support: PDF output (pdfTeX)
\l__color_backend_stack_int=\count276
)) (/Users/bytedance/Library/TinyTeX/texmf-dist/tex/latex/l3packages/xparse/xparse.sty
Package: xparse 2025-10-09 L3 Experimental document command parser
) (/Users/bytedance/Library/TinyTeX/texmf-dist/tex/latex/etoolbox/etoolbox.sty
Package: etoolbox 2025/10/02 v2.5m e-TeX tools for LaTeX (JAW)
\etb@tempcnta=\count277
)
\@bls=\dimen150
 (/Users/bytedance/Library/TinyTeX/texmf-dist/tex/latex/base/article.cls
Document Class: article 2025/01/22 v1.4n Standard LaTeX document class
(/Users/bytedance/Library/TinyTeX/texmf-dist/tex/latex/base/size12.clo
File: size12.clo 2025/01/22 v1.4n Standard LaTeX file (size option)
)
\c@part=\count278
\c@section=\count279
\c@subsection=\count280
\c@subsubsection=\count281
\c@paragraph=\count282
\c@subparagraph=\count283
\c@figure=\count284
\c@table=\count285
\abovecaptionskip=\skip49
\belowcaptionskip=\skip50
\bibindent=\dimen151
) (/Users/bytedance/Library/TinyTeX/texmf-dist/tex/latex/graphics/graphicx.sty
Package: graphicx 2026-05-17 v1.2e Enhanced LaTeX Graphics (DPC,SPQR)
 (/Users/bytedance/Library/TinyTeX/texmf-dist/tex/latex/graphics/keyval.sty
Package: keyval 2026-05-17 v1.15 key=value parser (DPC)
\KV@toks@=\toks17
) (/Users/bytedance/Library/TinyTeX/texmf-dist/tex/latex/graphics/graphics.sty
Package: graphics 2026-05-17 v1.4h Standard LaTeX Graphics (DPC,SPQR)
 (/Users/bytedance/Library/TinyTeX/texmf-dist/tex/latex/graphics/trig.sty
Package: trig 2023/12/02 v1.11 sin cos tan (DPC)
) (/Users/bytedance/Library/TinyTeX/texmf-dist/tex/latex/graphics-cfg/graphics.cfg
File: graphics.cfg 2016/06/04 v1.11 sample graphics configuration
)
Package graphics Info: Driver file: pdftex.def on input line 106.
 (/Users/bytedance/Library/TinyTeX/texmf-dist/tex/latex/graphics-def/pdftex.def
File: pdftex.def 2025/09/29 v1.2d Graphics/color driver for pdftex
))
\Gin@req@height=\dimen152
\Gin@req@width=\dimen153
)
\c@tnote=\count286
\c@fnote=\count287
\c@cnote=\count288
\c@ead=\count289
\c@elsarticle@author=\count290
\@eadauthor=\toks18
\c@affn=\count291
\absbox=\box53
\elsarticlehighlightsbox=\box54
\elsarticlegrabsbox=\box55
\keybox=\box56
\Columnwidth=\dimen154
\space@left=\dimen155
\els@boxa=\box57
\els@boxb=\box58
\leftMargin=\dimen156
\@enLab=\toks19
\@sep=\skip51
\@@sep=\skip52
 (./main_els.spl) (/Users/bytedance/Library/TinyTeX/texmf-dist/tex/latex/natbib/natbib.sty
Package: natbib 2010/09/13 8.31b (PWD, AO)
\bibhang=\skip53
\bibsep=\skip54
LaTeX Info: Redefining \cite on input line 694.
\c@NAT@ctr=\count292
)
\splwrite=\write3
\openout3 = `main_els.spl'.

\appnamewidth=\dimen157
) (./preamble_els.tex (/Users/bytedance/Library/TinyTeX/texmf-dist/tex/latex/amsmath/amsmath.sty
Package: amsmath 2026/05/19 v2.18d AMS math features
\@mathmargin=\skip55

For additional information on amsmath, use the `?' option.
(/Users/bytedance/Library/TinyTeX/texmf-dist/tex/latex/amsmath/amstext.sty
Package: amstext 2024/11/17 v2.01 AMS text
 (/Users/bytedance/Library/TinyTeX/texmf-dist/tex/latex/amsmath/amsgen.sty
File: amsgen.sty 1999/11/30 v2.0 generic functions
\@emptytoks=\toks20
\ex@=\dimen158
)) (/Users/bytedance/Library/TinyTeX/texmf-dist/tex/latex/amsmath/amsbsy.sty
Package: amsbsy 1999/11/29 v1.2d Bold Symbols
\pmbraise@=\dimen159
) (/Users/bytedance/Library/TinyTeX/texmf-dist/tex/latex/amsmath/amsopn.sty
Package: amsopn 2022/04/08 v2.04 operator names
)
\inf@bad=\count293
LaTeX Info: Redefining \frac on input line 233.
\uproot@=\count294
\leftroot@=\count295
LaTeX Info: Redefining \overline on input line 398.
LaTeX Info: Redefining \colon on input line 409.
\classnum@=\count296
\DOTSCASE@=\count297
LaTeX Info: Redefining \ldots on input line 495.
LaTeX Info: Redefining \dots on input line 498.
LaTeX Info: Redefining \cdots on input line 619.
\Mathstrutbox@=\box59
\strutbox@=\box60
LaTeX Info: Redefining \big on input line 721.
LaTeX Info: Redefining \Big on input line 722.
LaTeX Info: Redefining \bigg on input line 723.
LaTeX Info: Redefining \Bigg on input line 724.
\big@size=\dimen160
LaTeX Font Info:    Redeclaring font encoding OML on input line 742.
LaTeX Font Info:    Redeclaring font encoding OMS on input line 743.
\macc@depth=\count298
LaTeX Info: Redefining \bmod on input line 904.
LaTeX Info: Redefining \pmod on input line 909.
LaTeX Info: Redefining \smash on input line 939.
LaTeX Info: Redefining \relbar on input line 969.
LaTeX Info: Redefining \Relbar on input line 970.
\c@MaxMatrixCols=\count299
\dotsspace@=\muskip17
\c@parentequation=\count300
\dspbrk@lvl=\count301
\tag@help=\toks21
\row@=\count302
\column@=\count303
\maxfields@=\count304
\andhelp@=\toks22
\eqnshift@=\dimen161
\alignsep@=\dimen162
\tagshift@=\dimen163
\tagwidth@=\dimen164
\totwidth@=\dimen165
\lineht@=\dimen166
\@envbody=\toks23
\multlinegap=\skip56
\multlinetaggap=\skip57
\mathdisplay@stack=\toks24
LaTeX Info: Redefining \[ on input line 2965.
LaTeX Info: Redefining \] on input line 2966.
) (/Users/bytedance/Library/TinyTeX/texmf-dist/tex/latex/amsfonts/amssymb.sty
Package: amssymb 2013/01/14 v3.01 AMS font symbols
 (/Users/bytedance/Library/TinyTeX/texmf-dist/tex/latex/amsfonts/amsfonts.sty
Package: amsfonts 2013/01/14 v3.01 Basic AMSFonts support
\symAMSa=\mathgroup4
\symAMSb=\mathgroup5
LaTeX Font Info:    Redeclaring math symbol \hbar on input line 98.
LaTeX Font Info:    Overwriting math alphabet `\mathfrak' in version `bold'
(Font)                  U/euf/m/n --> U/euf/b/n on input line 106.
)) (/Users/bytedance/Library/TinyTeX/texmf-dist/tex/latex/booktabs/booktabs.sty
Package: booktabs 2020/01/12 v1.61803398 Publication quality tables
\heavyrulewidth=\dimen167
\lightrulewidth=\dimen168
\cmidrulewidth=\dimen169
\belowrulesep=\dimen170
\belowbottomsep=\dimen171
\aboverulesep=\dimen172
\abovetopsep=\dimen173
\cmidrulesep=\dimen174
\cmidrulekern=\dimen175
\defaultaddspace=\dimen176
\@cmidla=\count305
\@cmidlb=\count306
\@aboverulesep=\dimen177
\@belowrulesep=\dimen178
\@thisruleclass=\count307
\@lastruleclass=\count308
\@thisrulewidth=\dimen179
) (/Users/bytedance/Library/TinyTeX/texmf-dist/tex/latex/multirow/multirow.sty
Package: multirow 2024/11/12 v2.9 Span multiple rows of a table
\multirow@colwidth=\skip58
\multirow@cntb=\count309
\multirow@dima=\skip59
\bigstrutjot=\dimen180
) (/Users/bytedance/Library/TinyTeX/texmf-dist/tex/latex/float/float.sty
Package: float 2001/11/08 v1.3d Float enhancements (AL)
\c@float@type=\count310
\float@exts=\toks25
\float@box=\box61
\@float@everytoks=\toks26
\@floatcapt=\box62
) (/Users/bytedance/Library/TinyTeX/texmf-dist/tex/latex/psnfss/pifont.sty
Package: pifont 2020/03/25 PSNFSS-v9.3 Pi font support (SPQR) 
LaTeX Font Info:    Trying to load font information for U+pzd on input line 63.
 (/Users/bytedance/Library/TinyTeX/texmf-dist/tex/latex/psnfss/upzd.fd
File: upzd.fd 2001/06/04 font definitions for U/pzd.
)
LaTeX Font Info:    Trying to load font information for U+psy on input line 64.
 (/Users/bytedance/Library/TinyTeX/texmf-dist/tex/latex/psnfss/upsy.fd
File: upsy.fd 2001/06/04 font definitions for U/psy.
)) (/Users/bytedance/Library/TinyTeX/texmf-dist/tex/latex/xcolor/xcolor.sty
Package: xcolor 2024/09/29 v3.02 LaTeX color extensions (UK)
 (/Users/bytedance/Library/TinyTeX/texmf-dist/tex/latex/graphics-cfg/color.cfg
File: color.cfg 2016/01/02 v1.6 sample color configuration
)
Package xcolor Info: Driver file: pdftex.def on input line 274.
 (/Users/bytedance/Library/TinyTeX/texmf-dist/tex/latex/graphics/mathcolor.ltx)
Package xcolor Info: Model `cmy' substituted by `cmy0' on input line 1349.
Package xcolor Info: Model `hsb' substituted by `rgb' on input line 1353.
Package xcolor Info: Model `RGB' extended on input line 1365.
Package xcolor Info: Model `HTML' substituted by `rgb' on input line 1367.
Package xcolor Info: Model `Hsb' substituted by `hsb' on input line 1368.
Package xcolor Info: Model `tHsb' substituted by `hsb' on input line 1369.
Package xcolor Info: Model `HSB' substituted by `hsb' on input line 1370.
Package xcolor Info: Model `Gray' substituted by `gray' on input line 1371.
Package xcolor Info: Model `wave' substituted by `hsb' on input line 1372.
) (/Users/bytedance/Library/TinyTeX/texmf-dist/tex/latex/pgfplots/pgfplots.sty (/Users/bytedance/Library/TinyTeX/texmf-dist/tex/generic/pgfplots/pgfplots.revision.tex)
Package: pgfplots 2025/08/14 v1.18.2 Data Visualization (1.18.2)
 (/Users/bytedance/Library/TinyTeX/texmf-dist/tex/latex/pgf/frontendlayer/tikz.sty (/Users/bytedance/Library/TinyTeX/texmf-dist/tex/latex/pgf/basiclayer/pgf.sty (/Users/bytedance/Library/TinyTeX/texmf-dist/tex/latex/pgf/utilities/pgfrcs.sty (/Users/bytedance/Library/TinyTeX/texmf-dist/tex/generic/pgf/utilities/pgfutil-common.tex
\pgfutil@everybye=\toks27
\pgfutil@tempdima=\dimen181
\pgfutil@tempdimb=\dimen182
) (/Users/bytedance/Library/TinyTeX/texmf-dist/tex/generic/pgf/utilities/pgfutil-latex.def
\pgfutil@abb=\box63
) (/Users/bytedance/Library/TinyTeX/texmf-dist/tex/generic/pgf/utilities/pgfrcs.code.tex (/Users/bytedance/Library/TinyTeX/texmf-dist/tex/generic/pgf/pgf.revision.tex)
Package: pgfrcs 2025-08-29 v3.1.11a (3.1.11a)
))
Package: pgf 2025-08-29 v3.1.11a (3.1.11a)
 (/Users/bytedance/Library/TinyTeX/texmf-dist/tex/latex/pgf/basiclayer/pgfcore.sty (/Users/bytedance/Library/TinyTeX/texmf-dist/tex/latex/pgf/systemlayer/pgfsys.sty (/Users/bytedance/Library/TinyTeX/texmf-dist/tex/generic/pgf/systemlayer/pgfsys.code.tex
Package: pgfsys 2025-08-29 v3.1.11a (3.1.11a)
 (/Users/bytedance/Library/TinyTeX/texmf-dist/tex/generic/pgf/utilities/pgfkeys.code.tex
\pgfkeys@pathtoks=\toks28
\pgfkeys@temptoks=\toks29
 (/Users/bytedance/Library/TinyTeX/texmf-dist/tex/generic/pgf/utilities/pgfkeyslibraryfiltered.code.tex
\pgfkeys@tmptoks=\toks30
))
\pgf@x=\dimen183
\pgf@y=\dimen184
\pgf@xa=\dimen185
\pgf@ya=\dimen186
\pgf@xb=\dimen187
\pgf@yb=\dimen188
\pgf@xc=\dimen189
\pgf@yc=\dimen190
\pgf@xd=\dimen191
\pgf@yd=\dimen192
\w@pgf@writea=\write4
\r@pgf@reada=\read2
\c@pgf@counta=\count311
\c@pgf@countb=\count312
\c@pgf@countc=\count313
\c@pgf@countd=\count314
\t@pgf@toka=\toks31
\t@pgf@tokb=\toks32
\t@pgf@tokc=\toks33
\pgf@sys@id@count=\count315
 (/Users/bytedance/Library/TinyTeX/texmf-dist/tex/generic/pgf/systemlayer/pgf.cfg
File: pgf.cfg 2025-08-29 v3.1.11a (3.1.11a)
)
Driver file for pgf: pgfsys-pdftex.def
 (/Users/bytedance/Library/TinyTeX/texmf-dist/tex/generic/pgf/systemlayer/pgfsys-pdftex.def
File: pgfsys-pdftex.def 2025-08-29 v3.1.11a (3.1.11a)
 (/Users/bytedance/Library/TinyTeX/texmf-dist/tex/generic/pgf/systemlayer/pgfsys-common-pdf.def
File: pgfsys-common-pdf.def 2025-08-29 v3.1.11a (3.1.11a)
))) (/Users/bytedance/Library/TinyTeX/texmf-dist/tex/generic/pgf/systemlayer/pgfsyssoftpath.code.tex
File: pgfsyssoftpath.code.tex 2025-08-29 v3.1.11a (3.1.11a)
\pgfsyssoftpath@smallbuffer@items=\count316
\pgfsyssoftpath@bigbuffer@items=\count317
) (/Users/bytedance/Library/TinyTeX/texmf-dist/tex/generic/pgf/systemlayer/pgfsysprotocol.code.tex
File: pgfsysprotocol.code.tex 2025-08-29 v3.1.11a (3.1.11a)
)) (/Users/bytedance/Library/TinyTeX/texmf-dist/tex/generic/pgf/basiclayer/pgfcore.code.tex
Package: pgfcore 2025-08-29 v3.1.11a (3.1.11a)
 (/Users/bytedance/Library/TinyTeX/texmf-dist/tex/generic/pgf/math/pgfmath.code.tex (/Users/bytedance/Library/TinyTeX/texmf-dist/tex/generic/pgf/math/pgfmathutil.code.tex) (/Users/bytedance/Library/TinyTeX/texmf-dist/tex/generic/pgf/math/pgfmathparser.code.tex
\pgfmath@dimen=\dimen193
\pgfmath@count=\count318
\pgfmath@box=\box64
\pgfmath@toks=\toks34
\pgfmath@stack@operand=\toks35
\pgfmath@stack@operation=\toks36
) (/Users/bytedance/Library/TinyTeX/texmf-dist/tex/generic/pgf/math/pgfmathfunctions.code.tex) (/Users/bytedance/Library/TinyTeX/texmf-dist/tex/generic/pgf/math/pgfmathfunctions.basic.code.tex) (/Users/bytedance/Library/TinyTeX/texmf-dist/tex/generic/pgf/math/pgfmathfunctions.trigonometric.code.tex) (/Users/bytedance/Library/TinyTeX/texmf-dist/tex/generic/pgf/math/pgfmathfunctions.random.code.tex) (/Users/bytedance/Library/TinyTeX/texmf-dist/tex/generic/pgf/math/pgfmathfunctions.comparison.code.tex) (/Users/bytedance/Library/TinyTeX/texmf-dist/tex/generic/pgf/math/pgfmathfunctions.base.code.tex) (/Users/bytedance/Library/TinyTeX/texmf-dist/tex/generic/pgf/math/pgfmathfunctions.round.code.tex) (/Users/bytedance/Library/TinyTeX/texmf-dist/tex/generic/pgf/math/pgfmathfunctions.misc.code.tex) (/Users/bytedance/Library/TinyTeX/texmf-dist/tex/generic/pgf/math/pgfmathfunctions.integerarithmetics.code.tex) (/Users/bytedance/Library/TinyTeX/texmf-dist/tex/generic/pgf/math/pgfmathcalc.code.tex) (/Users/bytedance/Library/TinyTeX/texmf-dist/tex/generic/pgf/math/pgfmathfloat.code.tex
\c@pgfmathroundto@lastzeros=\count319
)) (/Users/bytedance/Library/TinyTeX/texmf-dist/tex/generic/pgf/math/pgfint.code.tex) (/Users/bytedance/Library/TinyTeX/texmf-dist/tex/generic/pgf/basiclayer/pgfcorepoints.code.tex
File: pgfcorepoints.code.tex 2025-08-29 v3.1.11a (3.1.11a)
\pgf@picminx=\dimen194
\pgf@picmaxx=\dimen195
\pgf@picminy=\dimen196
\pgf@picmaxy=\dimen197
\pgf@pathminx=\dimen198
\pgf@pathmaxx=\dimen199
\pgf@pathminy=\dimen256
\pgf@pathmaxy=\dimen257
\pgf@xx=\dimen258
\pgf@xy=\dimen259
\pgf@yx=\dimen260
\pgf@yy=\dimen261
\pgf@zx=\dimen262
\pgf@zy=\dimen263
) (/Users/bytedance/Library/TinyTeX/texmf-dist/tex/generic/pgf/basiclayer/pgfcorepathconstruct.code.tex
File: pgfcorepathconstruct.code.tex 2025-08-29 v3.1.11a (3.1.11a)
\pgf@path@lastx=\dimen264
\pgf@path@lasty=\dimen265
) (/Users/bytedance/Library/TinyTeX/texmf-dist/tex/generic/pgf/basiclayer/pgfcorepathusage.code.tex
File: pgfcorepathusage.code.tex 2025-08-29 v3.1.11a (3.1.11a)
\pgf@shorten@end@additional=\dimen266
\pgf@shorten@start@additional=\dimen267
) (/Users/bytedance/Library/TinyTeX/texmf-dist/tex/generic/pgf/basiclayer/pgfcorescopes.code.tex
File: pgfcorescopes.code.tex 2025-08-29 v3.1.11a (3.1.11a)
\pgfpic=\box65
\pgf@hbox=\box66
\pgf@layerbox@main=\box67
\pgf@picture@serial@count=\count320
) (/Users/bytedance/Library/TinyTeX/texmf-dist/tex/generic/pgf/basiclayer/pgfcoregraphicstate.code.tex
File: pgfcoregraphicstate.code.tex 2025-08-29 v3.1.11a (3.1.11a)
\pgflinewidth=\dimen268
) (/Users/bytedance/Library/TinyTeX/texmf-dist/tex/generic/pgf/basiclayer/pgfcoretransformations.code.tex
File: pgfcoretransformations.code.tex 2025-08-29 v3.1.11a (3.1.11a)
\pgf@pt@x=\dimen269
\pgf@pt@y=\dimen270
\pgf@pt@temp=\dimen271
) (/Users/bytedance/Library/TinyTeX/texmf-dist/tex/generic/pgf/basiclayer/pgfcorequick.code.tex
File: pgfcorequick.code.tex 2025-08-29 v3.1.11a (3.1.11a)
) (/Users/bytedance/Library/TinyTeX/texmf-dist/tex/generic/pgf/basiclayer/pgfcoreobjects.code.tex
File: pgfcoreobjects.code.tex 2025-08-29 v3.1.11a (3.1.11a)
) (/Users/bytedance/Library/TinyTeX/texmf-dist/tex/generic/pgf/basiclayer/pgfcorepathprocessing.code.tex
File: pgfcorepathprocessing.code.tex 2025-08-29 v3.1.11a (3.1.11a)
) (/Users/bytedance/Library/TinyTeX/texmf-dist/tex/generic/pgf/basiclayer/pgfcorearrows.code.tex
File: pgfcorearrows.code.tex 2025-08-29 v3.1.11a (3.1.11a)
\pgfarrowsep=\dimen272
) (/Users/bytedance/Library/TinyTeX/texmf-dist/tex/generic/pgf/basiclayer/pgfcoreshade.code.tex
File: pgfcoreshade.code.tex 2025-08-29 v3.1.11a (3.1.11a)
\pgf@max=\dimen273
\pgf@sys@shading@range@num=\count321
\pgf@shadingcount=\count322
) (/Users/bytedance/Library/TinyTeX/texmf-dist/tex/generic/pgf/basiclayer/pgfcoreimage.code.tex
File: pgfcoreimage.code.tex 2025-08-29 v3.1.11a (3.1.11a)
) (/Users/bytedance/Library/TinyTeX/texmf-dist/tex/generic/pgf/basiclayer/pgfcoreexternal.code.tex
File: pgfcoreexternal.code.tex 2025-08-29 v3.1.11a (3.1.11a)
\pgfexternal@startupbox=\box68
) (/Users/bytedance/Library/TinyTeX/texmf-dist/tex/generic/pgf/basiclayer/pgfcorelayers.code.tex
File: pgfcorelayers.code.tex 2025-08-29 v3.1.11a (3.1.11a)
) (/Users/bytedance/Library/TinyTeX/texmf-dist/tex/generic/pgf/basiclayer/pgfcoretransparency.code.tex
File: pgfcoretransparency.code.tex 2025-08-29 v3.1.11a (3.1.11a)
) (/Users/bytedance/Library/TinyTeX/texmf-dist/tex/generic/pgf/basiclayer/pgfcorepatterns.code.tex
File: pgfcorepatterns.code.tex 2025-08-29 v3.1.11a (3.1.11a)
) (/Users/bytedance/Library/TinyTeX/texmf-dist/tex/generic/pgf/basiclayer/pgfcorerdf.code.tex
File: pgfcorerdf.code.tex 2025-08-29 v3.1.11a (3.1.11a)
))) (/Users/bytedance/Library/TinyTeX/texmf-dist/tex/generic/pgf/modules/pgfmoduleshapes.code.tex
File: pgfmoduleshapes.code.tex 2025-08-29 v3.1.11a (3.1.11a)
\pgfnodeparttextbox=\box69
) (/Users/bytedance/Library/TinyTeX/texmf-dist/tex/generic/pgf/modules/pgfmoduleplot.code.tex
File: pgfmoduleplot.code.tex 2025-08-29 v3.1.11a (3.1.11a)
) (/Users/bytedance/Library/TinyTeX/texmf-dist/tex/latex/pgf/compatibility/pgfcomp-version-0-65.sty
Package: pgfcomp-version-0-65 2025-08-29 v3.1.11a (3.1.11a)
\pgf@nodesepstart=\dimen274
\pgf@nodesepend=\dimen275
) (/Users/bytedance/Library/TinyTeX/texmf-dist/tex/latex/pgf/compatibility/pgfcomp-version-1-18.sty
Package: pgfcomp-version-1-18 2025-08-29 v3.1.11a (3.1.11a)
)) (/Users/bytedance/Library/TinyTeX/texmf-dist/tex/latex/pgf/utilities/pgffor.sty (/Users/bytedance/Library/TinyTeX/texmf-dist/tex/latex/pgf/utilities/pgfkeys.sty (/Users/bytedance/Library/TinyTeX/texmf-dist/tex/generic/pgf/utilities/pgfkeys.code.tex)) (/Users/bytedance/Library/TinyTeX/texmf-dist/tex/latex/pgf/math/pgfmath.sty (/Users/bytedance/Library/TinyTeX/texmf-dist/tex/generic/pgf/math/pgfmath.code.tex)) (/Users/bytedance/Library/TinyTeX/texmf-dist/tex/generic/pgf/utilities/pgffor.code.tex
Package: pgffor 2025-08-29 v3.1.11a (3.1.11a)
\pgffor@iter=\dimen276
\pgffor@skip=\dimen277
\pgffor@stack=\toks37
\pgffor@toks=\toks38
)) (/Users/bytedance/Library/TinyTeX/texmf-dist/tex/generic/pgf/frontendlayer/tikz/tikz.code.tex
Package: tikz 2025-08-29 v3.1.11a (3.1.11a)
 (/Users/bytedance/Library/TinyTeX/texmf-dist/tex/generic/pgf/libraries/pgflibraryplothandlers.code.tex
File: pgflibraryplothandlers.code.tex 2025-08-29 v3.1.11a (3.1.11a)
\pgf@plot@mark@count=\count323
\pgfplotmarksize=\dimen278
)
\tikz@lastx=\dimen279
\tikz@lasty=\dimen280
\tikz@lastxsaved=\dimen281
\tikz@lastysaved=\dimen282
\tikz@lastmovetox=\dimen283
\tikz@lastmovetoy=\dimen284
\tikzleveldistance=\dimen285
\tikzsiblingdistance=\dimen286
\tikz@figbox=\box70
\tikz@figbox@bg=\box71
\tikz@tempbox=\box72
\tikz@tempbox@bg=\box73
\tikztreelevel=\count324
\tikznumberofchildren=\count325
\tikznumberofcurrentchild=\count326
\tikz@fig@count=\count327
 (/Users/bytedance/Library/TinyTeX/texmf-dist/tex/generic/pgf/modules/pgfmodulematrix.code.tex
File: pgfmodulematrix.code.tex 2025-08-29 v3.1.11a (3.1.11a)
\pgfmatrixcurrentrow=\count328
\pgfmatrixcurrentcolumn=\count329
\pgf@matrix@numberofcolumns=\count330
)
\tikz@expandcount=\count331
 (/Users/bytedance/Library/TinyTeX/texmf-dist/tex/generic/pgf/frontendlayer/tikz/libraries/tikzlibrarytopaths.code.tex
File: tikzlibrarytopaths.code.tex 2025-08-29 v3.1.11a (3.1.11a)
))) (/Users/bytedance/Library/TinyTeX/texmf-dist/tex/generic/pgfplots/pgfplots.code.tex (/Users/bytedance/Library/TinyTeX/texmf-dist/tex/generic/pgfplots/pgfplotscore.code.tex
\t@pgfplots@toka=\toks39
\t@pgfplots@tokb=\toks40
\t@pgfplots@tokc=\toks41
\pgfplots@tmpa=\dimen287
\c@pgfplots@coordindex=\count332
\c@pgfplots@scanlineindex=\count333
 (/Users/bytedance/Library/TinyTeX/texmf-dist/tex/generic/pgfplots/sys/pgfplotssysgeneric.code.tex)) (/Users/bytedance/Library/TinyTeX/texmf-dist/tex/generic/pgfplots/libs/pgfplotslibrary.code.tex) (/Users/bytedance/Library/TinyTeX/texmf-dist/tex/generic/pgfplots/oldpgfcompatib/pgfplotsoldpgfsupp_loader.code.tex (/Users/bytedance/Library/TinyTeX/texmf-dist/tex/generic/pgf/libraries/pgflibraryfpu.code.tex) (/Users/bytedance/Library/TinyTeX/texmf-dist/tex/generic/pgfplots/oldpgfcompatib/pgfplotsoldpgfsupp_pgfutil-common-lists.tex)) (/Users/bytedance/Library/TinyTeX/texmf-dist/tex/generic/pgfplots/util/pgfplotsutil.code.tex (/Users/bytedance/Library/TinyTeX/texmf-dist/tex/generic/pgfplots/liststructure/pgfplotsliststructure.code.tex) (/Users/bytedance/Library/TinyTeX/texmf-dist/tex/generic/pgfplots/liststructure/pgfplotsliststructureext.code.tex) (/Users/bytedance/Library/TinyTeX/texmf-dist/tex/generic/pgfplots/liststructure/pgfplotsarray.code.tex
\c@pgfplotsarray@tmp=\count334
) (/Users/bytedance/Library/TinyTeX/texmf-dist/tex/generic/pgfplots/liststructure/pgfplotsmatrix.code.tex) (/Users/bytedance/Library/TinyTeX/texmf-dist/tex/generic/pgfplots/numtable/pgfplotstableshared.code.tex
\c@pgfplotstable@counta=\count335
\t@pgfplotstable@a=\toks42
) (/Users/bytedance/Library/TinyTeX/texmf-dist/tex/generic/pgfplots/liststructure/pgfplotsdeque.code.tex) (/Users/bytedance/Library/TinyTeX/texmf-dist/tex/generic/pgfplots/util/pgfplotsbinary.code.tex (/Users/bytedance/Library/TinyTeX/texmf-dist/tex/generic/pgfplots/util/pgfplotsbinary.data.code.tex)) (/Users/bytedance/Library/TinyTeX/texmf-dist/tex/generic/pgfplots/util/pgfplotsutil.verb.code.tex) (/Users/bytedance/Library/TinyTeX/texmf-dist/tex/generic/pgfplots/libs/pgflibrarypgfplots.surfshading.code.tex
\c@pgfplotslibrarysurf@no=\count336
 (/Users/bytedance/Library/TinyTeX/texmf-dist/tex/generic/pgfplots/sys/pgflibrarypgfplots.surfshading.pgfsys-pdftex.def))) (/Users/bytedance/Library/TinyTeX/texmf-dist/tex/generic/pgfplots/util/pgfplotscolormap.code.tex (/Users/bytedance/Library/TinyTeX/texmf-dist/tex/generic/pgfplots/util/pgfplotscolor.code.tex)) (/Users/bytedance/Library/TinyTeX/texmf-dist/tex/generic/pgfplots/pgfplotsstackedplots.code.tex) (/Users/bytedance/Library/TinyTeX/texmf-dist/tex/generic/pgfplots/pgfplotsplothandlers.code.tex (/Users/bytedance/Library/TinyTeX/texmf-dist/tex/generic/pgfplots/pgfplotsmeshplothandler.code.tex (/Users/bytedance/Library/TinyTeX/texmf-dist/tex/generic/pgfplots/pgfplotsmeshplotimage.code.tex))) (/Users/bytedance/Library/TinyTeX/texmf-dist/tex/generic/pgfplots/pgfplots.scaling.code.tex)
(/Users/bytedance/Library/TinyTeX/texmf-dist/tex/generic/pgfplots/pgfplotscoordprocessing.code.tex) (/Users/bytedance/Library/TinyTeX/texmf-dist/tex/generic/pgfplots/pgfplots.errorbars.code.tex) (/Users/bytedance/Library/TinyTeX/texmf-dist/tex/generic/pgfplots/pgfplots.markers.code.tex) (/Users/bytedance/Library/TinyTeX/texmf-dist/tex/generic/pgfplots/pgfplotsticks.code.tex) (/Users/bytedance/Library/TinyTeX/texmf-dist/tex/generic/pgfplots/pgfplots.paths.code.tex) (/Users/bytedance/Library/TinyTeX/texmf-dist/tex/generic/pgf/frontendlayer/tikz/libraries/tikzlibrarydecorations.code.tex (/Users/bytedance/Library/TinyTeX/texmf-dist/tex/generic/pgf/modules/pgfmoduledecorations.code.tex
\pgfdecoratedcompleteddistance=\dimen288
\pgfdecoratedremainingdistance=\dimen289
\pgfdecoratedinputsegmentcompleteddistance=\dimen290
\pgfdecoratedinputsegmentremainingdistance=\dimen291
\pgf@decorate@distancetomove=\dimen292
\pgf@decorate@repeatstate=\count337
\pgfdecorationsegmentamplitude=\dimen293
\pgfdecorationsegmentlength=\dimen294
)
\tikz@lib@dec@box=\box74
) (/Users/bytedance/Library/TinyTeX/texmf-dist/tex/generic/pgf/frontendlayer/tikz/libraries/tikzlibrarydecorations.pathmorphing.code.tex (/Users/bytedance/Library/TinyTeX/texmf-dist/tex/generic/pgf/libraries/decorations/pgflibrarydecorations.pathmorphing.code.tex)) (/Users/bytedance/Library/TinyTeX/texmf-dist/tex/generic/pgf/frontendlayer/tikz/libraries/tikzlibrarydecorations.pathreplacing.code.tex (/Users/bytedance/Library/TinyTeX/texmf-dist/tex/generic/pgf/libraries/decorations/pgflibrarydecorations.pathreplacing.code.tex)) (/Users/bytedance/Library/TinyTeX/texmf-dist/tex/generic/pgfplots/libs/tikzlibrarypgfplots.contourlua.code.tex)
\pgfplots@numplots=\count338
\pgfplots@xmin@reg=\dimen295
\pgfplots@xmax@reg=\dimen296
\pgfplots@ymin@reg=\dimen297
\pgfplots@ymax@reg=\dimen298
\pgfplots@zmin@reg=\dimen299
\pgfplots@zmax@reg=\dimen300
) (/Users/bytedance/Library/TinyTeX/texmf-dist/tex/generic/pgf/frontendlayer/tikz/libraries/tikzlibraryplotmarks.code.tex
File: tikzlibraryplotmarks.code.tex 2025-08-29 v3.1.11a (3.1.11a)
 (/Users/bytedance/Library/TinyTeX/texmf-dist/tex/generic/pgf/libraries/pgflibraryplotmarks.code.tex
File: pgflibraryplotmarks.code.tex 2025-08-29 v3.1.11a (3.1.11a)
))) (/Users/bytedance/Library/TinyTeX/texmf-dist/tex/generic/pgf/frontendlayer/tikz/libraries/tikzlibrarypositioning.code.tex
File: tikzlibrarypositioning.code.tex 2025-08-29 v3.1.11a (3.1.11a)
) (/Users/bytedance/Library/TinyTeX/texmf-dist/tex/generic/pgf/libraries/pgflibraryarrows.meta.code.tex
File: pgflibraryarrows.meta.code.tex 2025-08-29 v3.1.11a (3.1.11a)
\pgfarrowinset=\dimen301
\pgfarrowlength=\dimen302
\pgfarrowwidth=\dimen303
\pgfarrowlinewidth=\dimen304
) (/Users/bytedance/Library/TinyTeX/texmf-dist/tex/generic/pgf/frontendlayer/tikz/libraries/tikzlibrarycalc.code.tex
File: tikzlibrarycalc.code.tex 2025-08-29 v3.1.11a (3.1.11a)
) (/Users/bytedance/Library/TinyTeX/texmf-dist/tex/generic/pgf/frontendlayer/tikz/libraries/tikzlibraryfit.code.tex
File: tikzlibraryfit.code.tex 2025-08-29 v3.1.11a (3.1.11a)
) (/Users/bytedance/Library/TinyTeX/texmf-dist/tex/generic/pgf/frontendlayer/tikz/libraries/tikzlibrarybackgrounds.code.tex
File: tikzlibrarybackgrounds.code.tex 2025-08-29 v3.1.11a (3.1.11a)
\pgf@layerbox@background=\box75
\pgf@layerboxsaved@background=\box76
) (/Users/bytedance/Library/TinyTeX/texmf-dist/tex/generic/pgf/frontendlayer/tikz/libraries/tikzlibraryshapes.geometric.code.tex
File: tikzlibraryshapes.geometric.code.tex 2025-08-29 v3.1.11a (3.1.11a)
 (/Users/bytedance/Library/TinyTeX/texmf-dist/tex/generic/pgf/libraries/shapes/pgflibraryshapes.geometric.code.tex
File: pgflibraryshapes.geometric.code.tex 2025-08-29 v3.1.11a (3.1.11a)
))) (/Users/bytedance/Library/TinyTeX/texmf-dist/tex/latex/hyperref/hyperref.sty
Package: hyperref 2026-06-17 v7.01r Hypertext links for LaTeX
 (/Users/bytedance/Library/TinyTeX/texmf-dist/tex/generic/iftex/iftex.sty
Package: iftex 2024/12/12 v1.0g TeX engine tests
) (/Users/bytedance/Library/TinyTeX/texmf-dist/tex/latex/kvsetkeys/kvsetkeys.sty
Package: kvsetkeys 2022-10-05 v1.19 Key value parser (HO)
) (/Users/bytedance/Library/TinyTeX/texmf-dist/tex/generic/kvdefinekeys/kvdefinekeys.sty
Package: kvdefinekeys 2019-12-19 v1.6 Define keys (HO)
) (/Users/bytedance/Library/TinyTeX/texmf-dist/tex/generic/pdfescape/pdfescape.sty
Package: pdfescape 2019/12/09 v1.15 Implements pdfTeX's escape features (HO)
 (/Users/bytedance/Library/TinyTeX/texmf-dist/tex/generic/ltxcmds/ltxcmds.sty
Package: ltxcmds 2023-12-04 v1.26 LaTeX kernel commands for general use (HO)
) (/Users/bytedance/Library/TinyTeX/texmf-dist/tex/generic/pdftexcmds/pdftexcmds.sty
Package: pdftexcmds 2020-06-27 v0.33 Utility functions of pdfTeX for LuaTeX (HO)
 (/Users/bytedance/Library/TinyTeX/texmf-dist/tex/generic/infwarerr/infwarerr.sty
Package: infwarerr 2019/12/03 v1.5 Providing info/warning/error messages (HO)
)
Package pdftexcmds Info: \pdf@primitive is available.
Package pdftexcmds Info: \pdf@ifprimitive is available.
Package pdftexcmds Info: \pdfdraftmode found.
)) (/Users/bytedance/Library/TinyTeX/texmf-dist/tex/latex/hycolor/hycolor.sty
Package: hycolor 2020-01-27 v1.10 Color options for hyperref/bookmark (HO)
) (/Users/bytedance/Library/TinyTeX/texmf-dist/tex/latex/hyperref/nameref.sty
Package: nameref 2026-01-29 v2.58 Cross-referencing by name of section
 (/Users/bytedance/Library/TinyTeX/texmf-dist/tex/latex/refcount/refcount.sty
Package: refcount 2019/12/15 v3.6 Data extraction from label references (HO)
) (/Users/bytedance/Library/TinyTeX/texmf-dist/tex/generic/gettitlestring/gettitlestring.sty
Package: gettitlestring 2019/12/15 v1.6 Cleanup title references (HO)
 (/Users/bytedance/Library/TinyTeX/texmf-dist/tex/latex/kvoptions/kvoptions.sty
Package: kvoptions 2022-06-15 v3.15 Key value format for package options (HO)
))
\c@section@level=\count339
) (/Users/bytedance/Library/TinyTeX/texmf-dist/tex/generic/stringenc/stringenc.sty
Package: stringenc 2019/11/29 v1.12 Convert strings between diff. encodings (HO)
)
\@linkdim=\dimen305
\Hy@linkcounter=\count340
\Hy@pagecounter=\count341
 (/Users/bytedance/Library/TinyTeX/texmf-dist/tex/latex/hyperref/pd1enc.def
File: pd1enc.def 2026-06-17 v7.01r Hyperref: PDFDocEncoding definition (HO)
Now handling font encoding PD1 ...
... no UTF-8 mapping file for font encoding PD1
) (/Users/bytedance/Library/TinyTeX/texmf-dist/tex/generic/intcalc/intcalc.sty
Package: intcalc 2019/12/15 v1.3 Expandable calculations with integers (HO)
)
\Hy@SavedSpaceFactor=\count342
 (/Users/bytedance/Library/TinyTeX/texmf-dist/tex/latex/hyperref/puenc.def
File: puenc.def 2026-06-17 v7.01r Hyperref: PDF Unicode definition (HO)
Now handling font encoding PU ...
... no UTF-8 mapping file for font encoding PU
)
Package hyperref Info: Hyper figures OFF on input line 4199.
Package hyperref Info: Link nesting OFF on input line 4204.
Package hyperref Info: Hyper index ON on input line 4207.
Package hyperref Info: Plain pages OFF on input line 4214.
Package hyperref Info: Backreferencing OFF on input line 4219.
Package hyperref Info: Implicit mode ON; LaTeX internals redefined.
Package hyperref Info: Bookmarks ON on input line 4466.
\c@Hy@tempcnt=\count343
 (/Users/bytedance/Library/TinyTeX/texmf-dist/tex/latex/url/url.sty
\Urlmuskip=\muskip18
Package: url 2013/09/16  ver 3.4  Verb mode for urls, etc.
)
LaTeX Info: Redefining \url on input line 4805.
\XeTeXLinkMargin=\dimen306
 (/Users/bytedance/Library/TinyTeX/texmf-dist/tex/generic/bitset/bitset.sty
Package: bitset 2019/12/09 v1.3 Handle bit-vector datatype (HO)
 (/Users/bytedance/Library/TinyTeX/texmf-dist/tex/generic/bigintcalc/bigintcalc.sty
Package: bigintcalc 2019/12/15 v1.5 Expandable calculations on big integers (HO)
))
\Fld@menulength=\count344
\Field@Width=\dimen307
\Fld@charsize=\dimen308
Package hyperref Info: Hyper figures OFF on input line 6091.
Package hyperref Info: Link nesting OFF on input line 6096.
Package hyperref Info: Hyper index ON on input line 6099.
Package hyperref Info: backreferencing OFF on input line 6106.
Package hyperref Info: Link coloring OFF on input line 6111.
Package hyperref Info: Link coloring with OCG OFF on input line 6116.
Package hyperref Info: PDF/A mode OFF on input line 6121.
\Hy@abspage=\count345
\c@Item=\count346
\c@Hfootnote=\count347
)
Package hyperref Info: Driver (autodetected): hpdftex.
 (/Users/bytedance/Library/TinyTeX/texmf-dist/tex/latex/hyperref/hpdftex.def
File: hpdftex.def 2026-06-17 v7.01r Hyperref driver for pdfTeX
\Fld@listcount=\count348
\c@bookmark@seq@number=\count349
 (/Users/bytedance/Library/TinyTeX/texmf-dist/tex/latex/rerunfilecheck/rerunfilecheck.sty
Package: rerunfilecheck 2025-06-21 v1.11 Rerun checks for auxiliary files (HO)
 (/Users/bytedance/Library/TinyTeX/texmf-dist/tex/generic/uniquecounter/uniquecounter.sty
Package: uniquecounter 2019/12/15 v1.4 Provide unlimited unique counter (HO)
)
Package uniquecounter Info: New unique counter `rerunfilecheck' on input line 284.
)
\Hy@SectionHShift=\skip60
) (./main_els.aux)
\openout1 = `main_els.aux'.

LaTeX Font Info:    Checking defaults for OML/cmm/m/it on input line 27.
LaTeX Font Info:    ... okay on input line 27.
LaTeX Font Info:    Checking defaults for OMS/cmsy/m/n on input line 27.
LaTeX Font Info:    ... okay on input line 27.
LaTeX Font Info:    Checking defaults for OT1/cmr/m/n on input line 27.
LaTeX Font Info:    ... okay on input line 27.
LaTeX Font Info:    Checking defaults for T1/cmr/m/n on input line 27.
LaTeX Font Info:    ... okay on input line 27.
LaTeX Font Info:    Checking defaults for TS1/cmr/m/n on input line 27.
LaTeX Font Info:    ... okay on input line 27.
LaTeX Font Info:    Checking defaults for OMX/cmex/m/n on input line 27.
LaTeX Font Info:    ... okay on input line 27.
LaTeX Font Info:    Checking defaults for U/cmr/m/n on input line 27.
LaTeX Font Info:    ... okay on input line 27.
LaTeX Font Info:    Checking defaults for PD1/pdf/m/n on input line 27.
LaTeX Font Info:    ... okay on input line 27.
LaTeX Font Info:    Checking defaults for PU/pdf/m/n on input line 27.
LaTeX Font Info:    ... okay on input line 27.
 (/Users/bytedance/Library/TinyTeX/texmf-dist/tex/latex/epstopdf-pkg/epstopdf-base.sty
Package: epstopdf-base 2020-01-24 v2.11 Base part for package epstopdf
Package epstopdf-base Info: Redefining graphics rule for `.eps' on input line 485.
 (/Users/bytedance/Library/TinyTeX/texmf-dist/tex/latex/latexconfig/epstopdf-sys.cfg
File: epstopdf-sys.cfg 2010/07/13 v1.3 Configuration of (r)epstopdf for TeX Live
))
Package pgfplots notification 'compat/show suggested version=true': you might benefit from \pgfplotsset{compat=1.18} (current compat level: 1.16).

Package hyperref Info: Link coloring OFF on input line 27.
(./main_els.out) (./main_els.out)
\@outlinefile=\write5
\openout5 = `main_els.out'.

LaTeX Font Info:    Trying to load font information for U+msa on input line 59.
 (/Users/bytedance/Library/TinyTeX/texmf-dist/tex/latex/amsfonts/umsa.fd
File: umsa.fd 2013/01/14 v3.01 AMS symbols A
)
LaTeX Font Info:    Trying to load font information for U+msb on input line 59.
 (/Users/bytedance/Library/TinyTeX/texmf-dist/tex/latex/amsfonts/umsb.fd
File: umsb.fd 2013/01/14 v3.01 AMS symbols B
)

Package hyperref Warning: Token not allowed in a PDF string (Unicode):
(hyperref)                removing `\<def>-command' on input line 74.


Package hyperref Warning: Token not allowed in a PDF string (Unicode):
(hyperref)                removing `\cnotenum' on input line 74.


Package hyperref Warning: Token not allowed in a PDF string (Unicode):
(hyperref)                removing `\<def>-command' on input line 74.


Package hyperref Warning: Token not allowed in a PDF string (Unicode):
(hyperref)                removing `\@corref' on input line 74.

[1


{/Users/bytedance/Library/TinyTeX/texmf-var/fonts/map/pdftex/updmap/pdftex.map}]
LaTeX Font Info:    Calculating math sizes for size <> on input line 74.


LaTeX Font Warning: Font shape `OT1/cmr/m/n' in size <> not available
(Font)              size <5> substituted on input line 74.


LaTeX Font Warning: Font shape `OT1/cmr/m/n' in size <0.7> not available
(Font)              size <5> substituted on input line 74.


LaTeX Font Warning: Font shape `OT1/cmr/m/n' in size <0.5> not available
(Font)              size <5> substituted on input line 74.


LaTeX Font Warning: Font shape `OML/cmm/m/it' in size <> not available
(Font)              size <5> substituted on input line 74.


LaTeX Font Warning: Font shape `OML/cmm/m/it' in size <0.7> not available
(Font)              size <5> substituted on input line 74.


LaTeX Font Warning: Font shape `OML/cmm/m/it' in size <0.5> not available
(Font)              size <5> substituted on input line 74.


LaTeX Font Warning: Font shape `OMS/cmsy/m/n' in size <> not available
(Font)              size <5> substituted on input line 74.


LaTeX Font Warning: Font shape `OMS/cmsy/m/n' in size <0.7> not available
(Font)              size <5> substituted on input line 74.


LaTeX Font Warning: Font shape `OMS/cmsy/m/n' in size <0.5> not available
(Font)              size <5> substituted on input line 74.

(./sections/1_introduction.tex [2] [3] [4]) (./sections/2_method.tex [5] [6]
Overfull \hbox (90.08505pt too wide) in paragraph at lines 110--116
\T1/cmr/m/n/12 ples. This stage can be dis-abled (ab-la-tion A1) by set-ting \T1/cmtt/m/n/12 use_prototype_query_refine$\OT1/cmr/m/n/12 =$\T1/cmr/m/n/12 false,
 []

[7] [8]
Overfull \hbox (75.55104pt too wide) in paragraph at lines 190--197
\T1/cmr/m/n/12 the $\OT1/cmr/m/n/12 1 \OMS/cmsy/m/n/12 ^^B \OT1/cmr/m/n/12 1$ \T1/cmr/m/n/12 con-vo-lu-tion, resid-ual con-nec-tion, and Con-vFFN. Set-ting \T1/cmtt/m/n/12 use_soft_fallback$\OT1/cmr/m/n/12 =$\T1/cmr/m/n/12 false
 []

) (./figures/fig1_architecture.tex
Overfull \hbox (3.4236pt too wide) in paragraph at lines 220--166
[]\T1/cmr/m/n/12 DPR keeps the back-bone in-ter-face and pa-ram-e-ter bud-get in the lightweight
 []

) (./figures/fig2_dpr.tex [9]) [10] (./sections/3_experiments_setup.tex
Overfull \hbox (42.94672pt too wide) in paragraph at lines 32--42
\OML/cmm/m/it/12 C[]\OT1/cmr/m/n/12 40$\T1/cmr/m/n/12 . The num-ber of pro-to-type slots per block is $\OML/cmm/m/it/12 M \OT1/cmr/m/n/12 = [16\OML/cmm/m/it/12 ; \OT1/cmr/m/n/12 32\OML/cmm/m/it/12 ; \OT1/cmr/m/n/12 64\OML/cmm/m/it/12 ; \OT1/cmr/m/n/12 128\OML/cmm/m/it/12 ; \OT1/cmr/m/n/12 16\OML/cmm/m/it/12 ; \OT1/cmr/m/n/12 32\OML/cmm/m/it/12 ; \OT1/cmr/m/n/12 64\OML/cmm/m/it/12 ; \OT1/cmr/m/n/12 128]$\T1/cmr/m/n/12 ,
 []

[11])
Overfull \hbox (0.4103pt too wide) in paragraph at lines 59--83
 []\T1/cmr/m/it/12 Efficiency mea-sure-ment..[] \T1/cmr/m/n/12 Pa-ram-e-ters, Multi-Adds (MACs re-ported by thop),
 []

(./sections/3_experiments_comparison.tex [12]
Overfull \hbox (33.67316pt too wide) in paragraph at lines 39--55
\T1/cmr/m/n/12 Manga109 PSNR from $\OT1/cmr/m/n/12 31\OML/cmm/m/it/12 :\OT1/cmr/m/n/12 31$ \T1/cmr/m/n/12 to $\OT1/cmr/m/n/12 31\OML/cmm/m/it/12 :\OT1/cmr/m/n/12 32$\T1/cmr/m/n/12 ; at $\OMS/cmsy/m/n/12 ^^B\OT1/cmr/m/n/12 2$ \T1/cmr/m/n/12 it reaches the best Set14 ($\OT1/cmr/m/n/12 34\OML/cmm/m/it/12 :\OT1/cmr/m/n/12 06$\T1/cmr/m/n/12 /$\OT1/cmr/m/n/12 0\OML/cmm/m/it/12 :\OT1/cmr/m/n/12 9220$\T1/cmr/m/n/12 ),
 []

) (./tables/table1_main_comparison.tex
Overfull \hbox (6.62422pt too wide) in alignment at lines 19--63
[] [] [] [] [] [] [] [] [] [] [] []
 []

) (./tables/table2_efficiency.tex [13] [14]) (./sections/3_experiments_efficiency.tex [15]) (./figures/fig3_psnr_params.tex [16]) (./sections/3_experiments_visual.tex
Overfull \hbox (8.0389pt too wide) in paragraph at lines 18--26
\T1/cmr/m/n/12 en-ergy: two Ur-ban100 im-ages dom-i-nated by repet-i-tive build-ing grids (\T1/cmtt/m/n/12 img_092\T1/cmr/m/n/12 ,
 []

[17]) (./figures/fig7_visual.tex
Overfull \hbox (6.59576pt too wide) in paragraph at lines 27--30
\T1/cmr/m/n/12 IMDN only par-tially re-cov-ers them. The Transformer-based meth-ods (SwinIR-
 []

<figures/fig7_assets/Urban100_img_092_GT_full_box.png, id=389, 1027.84pt x 694.595pt>
File: figures/fig7_assets/Urban100_img_092_GT_full_box.png Graphic file (type png)
<use figures/fig7_assets/Urban100_img_092_GT_full_box.png>
Package pdftex.def Info: figures/fig7_assets/Urban100_img_092_GT_full_box.png  used on input line 66.
(pdftex.def)             Requested size: 68.99196pt x 46.62617pt.
<figures/fig7_assets/Urban100_img_024_GT_full_box.png, id=390, 1027.84pt x 662.475pt>
File: figures/fig7_assets/Urban100_img_024_GT_full_box.png Graphic file (type png)
<use figures/fig7_assets/Urban100_img_024_GT_full_box.png>
Package pdftex.def Info: figures/fig7_assets/Urban100_img_024_GT_full_box.png  used on input line 67.
(pdftex.def)             Requested size: 72.33255pt x 46.62617pt.
<figures/fig7_assets/Manga109_ThatsIzumiko_000_GT_full_box.png, id=391, 827.09pt x 1172.38pt>
File: figures/fig7_assets/Manga109_ThatsIzumiko_000_GT_full_box.png Graphic file (type png)
<use figures/fig7_assets/Manga109_ThatsIzumiko_000_GT_full_box.png>
Package pdftex.def Info: figures/fig7_assets/Manga109_ThatsIzumiko_000_GT_full_box.png  used on input line 68.
(pdftex.def)             Requested size: 32.88866pt x 46.62617pt.
<figures/fig7_assets/Urban100_img_092_Bicubic_crop.png, id=392, 289.08pt x 289.08pt>
File: figures/fig7_assets/Urban100_img_092_Bicubic_crop.png Graphic file (type png)
<use figures/fig7_assets/Urban100_img_092_Bicubic_crop.png>
Package pdftex.def Info: figures/fig7_assets/Urban100_img_092_Bicubic_crop.png  used on input line 71.
(pdftex.def)             Requested size: 52.64786pt x 52.64528pt.
<figures/fig7_assets/Urban100_img_092_IMDN_crop.png, id=393, 289.08pt x 289.08pt>
File: figures/fig7_assets/Urban100_img_092_IMDN_crop.png Graphic file (type png)
<use figures/fig7_assets/Urban100_img_092_IMDN_crop.png>
Package pdftex.def Info: figures/fig7_assets/Urban100_img_092_IMDN_crop.png  used on input line 71.
(pdftex.def)             Requested size: 52.64786pt x 52.64528pt.
<figures/fig7_assets/Urban100_img_092_SwinIR-light_crop.png, id=394, 289.08pt x 289.08pt>
File: figures/fig7_assets/Urban100_img_092_SwinIR-light_crop.png Graphic file (type png)
<use figures/fig7_assets/Urban100_img_092_SwinIR-light_crop.png>
Package pdftex.def Info: figures/fig7_assets/Urban100_img_092_SwinIR-light_crop.png  used on input line 71.
(pdftex.def)             Requested size: 52.64786pt x 52.64528pt.
<figures/fig7_assets/Urban100_img_092_SRFormer-light_crop.png, id=395, 289.08pt x 289.08pt>
File: figures/fig7_assets/Urban100_img_092_SRFormer-light_crop.png Graphic file (type png)
<use figures/fig7_assets/Urban100_img_092_SRFormer-light_crop.png>
Package pdftex.def Info: figures/fig7_assets/Urban100_img_092_SRFormer-light_crop.png  used on input line 71.
(pdftex.def)             Requested size: 52.64786pt x 52.64528pt.
<figures/fig7_assets/Urban100_img_092_CATANet_crop.png, id=396, 289.08pt x 289.08pt>
File: figures/fig7_assets/Urban100_img_092_CATANet_crop.png Graphic file (type png)
<use figures/fig7_assets/Urban100_img_092_CATANet_crop.png>
Package pdftex.def Info: figures/fig7_assets/Urban100_img_092_CATANet_crop.png  used on input line 71.
(pdftex.def)             Requested size: 52.64786pt x 52.64528pt.
<figures/fig7_assets/Urban100_img_092_DPRNet_crop.png, id=397, 289.08pt x 289.08pt>
File: figures/fig7_assets/Urban100_img_092_DPRNet_crop.png Graphic file (type png)
<use figures/fig7_assets/Urban100_img_092_DPRNet_crop.png>
Package pdftex.def Info: figures/fig7_assets/Urban100_img_092_DPRNet_crop.png  used on input line 71.
(pdftex.def)             Requested size: 52.64786pt x 52.64528pt.
<figures/fig7_assets/Urban100_img_092_GT_crop.png, id=398, 289.08pt x 289.08pt>
File: figures/fig7_assets/Urban100_img_092_GT_crop.png Graphic file (type png)
<use figures/fig7_assets/Urban100_img_092_GT_crop.png>
Package pdftex.def Info: figures/fig7_assets/Urban100_img_092_GT_crop.png  used on input line 71.
(pdftex.def)             Requested size: 52.64786pt x 52.64528pt.
<figures/fig7_assets/Urban100_img_024_Bicubic_crop.png, id=399, 289.08pt x 289.08pt>
File: figures/fig7_assets/Urban100_img_024_Bicubic_crop.png Graphic file (type png)
<use figures/fig7_assets/Urban100_img_024_Bicubic_crop.png>
Package pdftex.def Info: figures/fig7_assets/Urban100_img_024_Bicubic_crop.png  used on input line 74.
(pdftex.def)             Requested size: 52.64786pt x 52.64528pt.
<figures/fig7_assets/Urban100_img_024_IMDN_crop.png, id=400, 289.08pt x 289.08pt>
File: figures/fig7_assets/Urban100_img_024_IMDN_crop.png Graphic file (type png)
<use figures/fig7_assets/Urban100_img_024_IMDN_crop.png>
Package pdftex.def Info: figures/fig7_assets/Urban100_img_024_IMDN_crop.png  used on input line 74.
(pdftex.def)             Requested size: 52.64786pt x 52.64528pt.
<figures/fig7_assets/Urban100_img_024_SwinIR-light_crop.png, id=401, 289.08pt x 289.08pt>
File: figures/fig7_assets/Urban100_img_024_SwinIR-light_crop.png Graphic file (type png)
<use figures/fig7_assets/Urban100_img_024_SwinIR-light_crop.png>
Package pdftex.def Info: figures/fig7_assets/Urban100_img_024_SwinIR-light_crop.png  used on input line 74.
(pdftex.def)             Requested size: 52.64786pt x 52.64528pt.
<figures/fig7_assets/Urban100_img_024_SRFormer-light_crop.png, id=402, 289.08pt x 289.08pt>
File: figures/fig7_assets/Urban100_img_024_SRFormer-light_crop.png Graphic file (type png)
<use figures/fig7_assets/Urban100_img_024_SRFormer-light_crop.png>
Package pdftex.def Info: figures/fig7_assets/Urban100_img_024_SRFormer-light_crop.png  used on input line 74.
(pdftex.def)             Requested size: 52.64786pt x 52.64528pt.
<figures/fig7_assets/Urban100_img_024_CATANet_crop.png, id=403, 289.08pt x 289.08pt>
File: figures/fig7_assets/Urban100_img_024_CATANet_crop.png Graphic file (type png)
<use figures/fig7_assets/Urban100_img_024_CATANet_crop.png>
Package pdftex.def Info: figures/fig7_assets/Urban100_img_024_CATANet_crop.png  used on input line 74.
(pdftex.def)             Requested size: 52.64786pt x 52.64528pt.
<figures/fig7_assets/Urban100_img_024_DPRNet_crop.png, id=404, 289.08pt x 289.08pt>
File: figures/fig7_assets/Urban100_img_024_DPRNet_crop.png Graphic file (type png)
<use figures/fig7_assets/Urban100_img_024_DPRNet_crop.png>
Package pdftex.def Info: figures/fig7_assets/Urban100_img_024_DPRNet_crop.png  used on input line 74.
(pdftex.def)             Requested size: 52.64786pt x 52.64528pt.
<figures/fig7_assets/Urban100_img_024_GT_crop.png, id=405, 289.08pt x 289.08pt>
File: figures/fig7_assets/Urban100_img_024_GT_crop.png Graphic file (type png)
<use figures/fig7_assets/Urban100_img_024_GT_crop.png>
Package pdftex.def Info: figures/fig7_assets/Urban100_img_024_GT_crop.png  used on input line 74.
(pdftex.def)             Requested size: 52.64786pt x 52.64528pt.
<figures/fig7_assets/Manga109_ThatsIzumiko_000_Bicubic_crop.png, id=406, 289.08pt x 289.08pt>
File: figures/fig7_assets/Manga109_ThatsIzumiko_000_Bicubic_crop.png Graphic file (type png)
<use figures/fig7_assets/Manga109_ThatsIzumiko_000_Bicubic_crop.png>
Package pdftex.def Info: figures/fig7_assets/Manga109_ThatsIzumiko_000_Bicubic_crop.png  used on input line 77.
(pdftex.def)             Requested size: 52.64786pt x 52.64528pt.
<figures/fig7_assets/Manga109_ThatsIzumiko_000_IMDN_crop.png, id=407, 289.08pt x 289.08pt>
File: figures/fig7_assets/Manga109_ThatsIzumiko_000_IMDN_crop.png Graphic file (type png)
<use figures/fig7_assets/Manga109_ThatsIzumiko_000_IMDN_crop.png>
Package pdftex.def Info: figures/fig7_assets/Manga109_ThatsIzumiko_000_IMDN_crop.png  used on input line 77.
(pdftex.def)             Requested size: 52.64786pt x 52.64528pt.
<figures/fig7_assets/Manga109_ThatsIzumiko_000_SwinIR-light_crop.png, id=408, 289.08pt x 289.08pt>
File: figures/fig7_assets/Manga109_ThatsIzumiko_000_SwinIR-light_crop.png Graphic file (type png)
<use figures/fig7_assets/Manga109_ThatsIzumiko_000_SwinIR-light_crop.png>
Package pdftex.def Info: figures/fig7_assets/Manga109_ThatsIzumiko_000_SwinIR-light_crop.png  used on input line 77.
(pdftex.def)             Requested size: 52.64786pt x 52.64528pt.
<figures/fig7_assets/Manga109_ThatsIzumiko_000_SRFormer-light_crop.png, id=409, 289.08pt x 289.08pt>
File: figures/fig7_assets/Manga109_ThatsIzumiko_000_SRFormer-light_crop.png Graphic file (type png)
<use figures/fig7_assets/Manga109_ThatsIzumiko_000_SRFormer-light_crop.png>
Package pdftex.def Info: figures/fig7_assets/Manga109_ThatsIzumiko_000_SRFormer-light_crop.png  used on input line 77.
(pdftex.def)             Requested size: 52.64786pt x 52.64528pt.
<figures/fig7_assets/Manga109_ThatsIzumiko_000_CATANet_crop.png, id=410, 289.08pt x 289.08pt>
File: figures/fig7_assets/Manga109_ThatsIzumiko_000_CATANet_crop.png Graphic file (type png)
<use figures/fig7_assets/Manga109_ThatsIzumiko_000_CATANet_crop.png>
Package pdftex.def Info: figures/fig7_assets/Manga109_ThatsIzumiko_000_CATANet_crop.png  used on input line 77.
(pdftex.def)             Requested size: 52.64786pt x 52.64528pt.
<figures/fig7_assets/Manga109_ThatsIzumiko_000_DPRNet_crop.png, id=411, 289.08pt x 289.08pt>
File: figures/fig7_assets/Manga109_ThatsIzumiko_000_DPRNet_crop.png Graphic file (type png)
<use figures/fig7_assets/Manga109_ThatsIzumiko_000_DPRNet_crop.png>
Package pdftex.def Info: figures/fig7_assets/Manga109_ThatsIzumiko_000_DPRNet_crop.png  used on input line 77.
(pdftex.def)             Requested size: 52.64786pt x 52.64528pt.
<figures/fig7_assets/Manga109_ThatsIzumiko_000_GT_crop.png, id=412, 289.08pt x 289.08pt>
File: figures/fig7_assets/Manga109_ThatsIzumiko_000_GT_crop.png Graphic file (type png)
<use figures/fig7_assets/Manga109_ThatsIzumiko_000_GT_crop.png>
Package pdftex.def Info: figures/fig7_assets/Manga109_ThatsIzumiko_000_GT_crop.png  used on input line 77.
(pdftex.def)             Requested size: 52.64786pt x 52.64528pt.
) [18] (./sections/3_experiments_ablation.tex [19 <./figures/fig7_assets/Urban100_img_092_GT_full_box.png (PNG copy)> <./figures/fig7_assets/Urban100_img_024_GT_full_box.png (PNG copy)> <./figures/fig7_assets/Manga109_ThatsIzumiko_000_GT_full_box.png (PNG copy)> <./figures/fig7_assets/Urban100_img_092_Bicubic_crop.png (PNG copy)> <./figures/fig7_assets/Urban100_img_092_IMDN_crop.png (PNG copy)> <./figures/fig7_assets/Urban100_img_092_SwinIR-light_crop.png (PNG copy)> <./figures/fig7_assets/Urban100_img_092_SRFormer-light_crop.png (PNG copy)> <./figures/fig7_assets/Urban100_img_092_CATANet_crop.png (PNG copy)> <./figures/fig7_assets/Urban100_img_092_DPRNet_crop.png (PNG copy)> <./figures/fig7_assets/Urban100_img_092_GT_crop.png (PNG copy)> <./figures/fig7_assets/Urban100_img_024_Bicubic_crop.png (PNG copy)> <./figures/fig7_assets/Urban100_img_024_IMDN_crop.png (PNG copy)> <./figures/fig7_assets/Urban100_img_024_SwinIR-light_crop.png (PNG copy)> <./figures/fig7_assets/Urban100_img_024_SRFormer-light_crop.png (PNG copy)> <./figures/fig7_assets/Urban100_img_024_CATANet_crop.png (PNG copy)> <./figures/fig7_assets/Urban100_img_024_DPRNet_crop.png (PNG copy)> <./figures/fig7_assets/Urban100_img_024_GT_crop.png (PNG copy)> <./figures/fig7_assets/Manga109_ThatsIzumiko_000_Bicubic_crop.png (PNG copy)> <./figures/fig7_assets/Manga109_ThatsIzumiko_000_IMDN_crop.png (PNG copy)> <./figures/fig7_assets/Manga109_ThatsIzumiko_000_SwinIR-light_crop.png (PNG copy)> <./figures/fig7_assets/Manga109_ThatsIzumiko_000_SRFormer-light_crop.png (PNG copy)> <./figures/fig7_assets/Manga109_ThatsIzumiko_000_CATANet_crop.png (PNG copy)> <./figures/fig7_assets/Manga109_ThatsIzumiko_000_DPRNet_crop.png (PNG copy)> <./figures/fig7_assets/Manga109_ThatsIzumiko_000_GT_crop.png (PNG copy)>]
Overfull \hbox (1.64328pt too wide) in paragraph at lines 33--43
 []\T1/cmr/m/it/12 C1: dy-namic pro-to-types vs. his-tory cen-ters..[] \T1/cmr/m/n/12 Ta-ble []4[] di-rectly com-pares DPR's
 []


Overfull \hbox (2.80281pt too wide) in paragraph at lines 33--43
\T1/cmr/m/n/12 batch his-tory cen-ter with an EMA up-date (\T1/cmr/m/it/12 EMA-center\T1/cmr/m/n/12 ), a re-implementation
 []

[20]) (./tables/table_c1_dpr_vs_ema.tex) (./tables/table3_ablation_a1.tex [21]) (./tables/table4_ablation_a2.tex) (./tables/table5_ablation_a3.tex [22]) [23] (./sections/3_experiments_routing_analysis.tex [24]) (./figures/fig5_xscore_hist.tex
Overfull \hbox (3.15295pt too wide) in paragraph at lines 57--58
 [][] 
 []


Overfull \hbox (3.15295pt too wide) in paragraph at lines 81--82
 [][] 
 []

) (./figures/fig6_usage_entropy.tex
Package pgfplots info on input line 31: Using 'lua backend=false' for axis: x coord trafo unsupported.
 [25]) (./figures/fig8_cluster_maps.tex [26]
<figures/fig58_assets/fig8_Urban100_img_092_lr.png, id=505, 1027.84pt x 694.595pt>
File: figures/fig58_assets/fig8_Urban100_img_092_lr.png Graphic file (type png)
<use figures/fig58_assets/fig8_Urban100_img_092_lr.png>
Package pdftex.def Info: figures/fig58_assets/fig8_Urban100_img_092_lr.png  used on input line 49.
(pdftex.def)             Requested size: 94.11493pt x 63.5919pt.
<figures/fig58_assets/fig8_Urban100_img_092_b0_cluster.png, id=506, 1027.84pt x 694.595pt>
File: figures/fig58_assets/fig8_Urban100_img_092_b0_cluster.png Graphic file (type png)
<use figures/fig58_assets/fig8_Urban100_img_092_b0_cluster.png>
Package pdftex.def Info: figures/fig58_assets/fig8_Urban100_img_092_b0_cluster.png  used on input line 49.
(pdftex.def)             Requested size: 94.11493pt x 63.5919pt.
<figures/fig58_assets/fig8_Urban100_img_092_b3_cluster.png, id=507, 1027.84pt x 694.595pt>
File: figures/fig58_assets/fig8_Urban100_img_092_b3_cluster.png Graphic file (type png)
<use figures/fig58_assets/fig8_Urban100_img_092_b3_cluster.png>
Package pdftex.def Info: figures/fig58_assets/fig8_Urban100_img_092_b3_cluster.png  used on input line 49.
(pdftex.def)             Requested size: 94.11493pt x 63.5919pt.
<figures/fig58_assets/fig8_Urban100_img_092_b7_cluster.png, id=508, 1027.84pt x 694.595pt>
File: figures/fig58_assets/fig8_Urban100_img_092_b7_cluster.png Graphic file (type png)
<use figures/fig58_assets/fig8_Urban100_img_092_b7_cluster.png>
Package pdftex.def Info: figures/fig58_assets/fig8_Urban100_img_092_b7_cluster.png  used on input line 49.
(pdftex.def)             Requested size: 94.11493pt x 63.5919pt.
<figures/fig58_assets/fig8_Urban100_img_024_lr.png, id=509, 1027.84pt x 662.475pt>
File: figures/fig58_assets/fig8_Urban100_img_024_lr.png Graphic file (type png)
<use figures/fig58_assets/fig8_Urban100_img_024_lr.png>
Package pdftex.def Info: figures/fig58_assets/fig8_Urban100_img_024_lr.png  used on input line 52.
(pdftex.def)             Requested size: 94.11493pt x 60.65125pt.
<figures/fig58_assets/fig8_Urban100_img_024_b0_cluster.png, id=510, 1027.84pt x 662.475pt>
File: figures/fig58_assets/fig8_Urban100_img_024_b0_cluster.png Graphic file (type png)
<use figures/fig58_assets/fig8_Urban100_img_024_b0_cluster.png>
Package pdftex.def Info: figures/fig58_assets/fig8_Urban100_img_024_b0_cluster.png  used on input line 52.
(pdftex.def)             Requested size: 94.11493pt x 60.65125pt.
<figures/fig58_assets/fig8_Urban100_img_024_b3_cluster.png, id=511, 1027.84pt x 662.475pt>
File: figures/fig58_assets/fig8_Urban100_img_024_b3_cluster.png Graphic file (type png)
<use figures/fig58_assets/fig8_Urban100_img_024_b3_cluster.png>
Package pdftex.def Info: figures/fig58_assets/fig8_Urban100_img_024_b3_cluster.png  used on input line 52.
(pdftex.def)             Requested size: 94.11493pt x 60.65125pt.
<figures/fig58_assets/fig8_Urban100_img_024_b7_cluster.png, id=512, 1027.84pt x 662.475pt>
File: figures/fig58_assets/fig8_Urban100_img_024_b7_cluster.png Graphic file (type png)
<use figures/fig58_assets/fig8_Urban100_img_024_b7_cluster.png>
Package pdftex.def Info: figures/fig58_assets/fig8_Urban100_img_024_b7_cluster.png  used on input line 52.
(pdftex.def)             Requested size: 94.11493pt x 60.65125pt.
<figures/fig58_assets/fig8_Manga109_ThatsIzumiko_000_lr.png, id=513, 827.09pt x 1172.38pt>
File: figures/fig58_assets/fig8_Manga109_ThatsIzumiko_000_lr.png Graphic file (type png)
<use figures/fig58_assets/fig8_Manga109_ThatsIzumiko_000_lr.png>
Package pdftex.def Info: figures/fig58_assets/fig8_Manga109_ThatsIzumiko_000_lr.png  used on input line 55.
(pdftex.def)             Requested size: 94.11493pt x 133.39868pt.
<figures/fig58_assets/fig8_Manga109_ThatsIzumiko_000_b0_cluster.png, id=514, 827.09pt x 1172.38pt>
File: figures/fig58_assets/fig8_Manga109_ThatsIzumiko_000_b0_cluster.png Graphic file (type png)
<use figures/fig58_assets/fig8_Manga109_ThatsIzumiko_000_b0_cluster.png>
Package pdftex.def Info: figures/fig58_assets/fig8_Manga109_ThatsIzumiko_000_b0_cluster.png  used on input line 55.
(pdftex.def)             Requested size: 94.11493pt x 133.39868pt.
<figures/fig58_assets/fig8_Manga109_ThatsIzumiko_000_b3_cluster.png, id=515, 827.09pt x 1172.38pt>
File: figures/fig58_assets/fig8_Manga109_ThatsIzumiko_000_b3_cluster.png Graphic file (type png)
<use figures/fig58_assets/fig8_Manga109_ThatsIzumiko_000_b3_cluster.png>
Package pdftex.def Info: figures/fig58_assets/fig8_Manga109_ThatsIzumiko_000_b3_cluster.png  used on input line 55.
(pdftex.def)             Requested size: 94.11493pt x 133.39868pt.
<figures/fig58_assets/fig8_Manga109_ThatsIzumiko_000_b7_cluster.png, id=516, 827.09pt x 1172.38pt>
File: figures/fig58_assets/fig8_Manga109_ThatsIzumiko_000_b7_cluster.png Graphic file (type png)
<use figures/fig58_assets/fig8_Manga109_ThatsIzumiko_000_b7_cluster.png>
Package pdftex.def Info: figures/fig58_assets/fig8_Manga109_ThatsIzumiko_000_b7_cluster.png  used on input line 55.
(pdftex.def)             Requested size: 94.11493pt x 133.39868pt.
) [27] (./sections/4_discussion.tex
Overfull \hbox (7.78441pt too wide) in paragraph at lines 18--31
\T1/cmr/m/n/12 di-cate where content-aware rout-ing helps most. On Ur-ban100 and Manga109---
 []

[28 <./figures/fig58_assets/fig8_Urban100_img_092_lr.png (PNG copy)> <./figures/fig58_assets/fig8_Urban100_img_092_b0_cluster.png (PNG copy)> <./figures/fig58_assets/fig8_Urban100_img_092_b3_cluster.png (PNG copy)> <./figures/fig58_assets/fig8_Urban100_img_092_b7_cluster.png (PNG copy)> <./figures/fig58_assets/fig8_Urban100_img_024_lr.png (PNG copy)> <./figures/fig58_assets/fig8_Urban100_img_024_b0_cluster.png (PNG copy)> <./figures/fig58_assets/fig8_Urban100_img_024_b3_cluster.png (PNG copy)> <./figures/fig58_assets/fig8_Urban100_img_024_b7_cluster.png (PNG copy)> <./figures/fig58_assets/fig8_Manga109_ThatsIzumiko_000_lr.png (PNG copy)> <./figures/fig58_assets/fig8_Manga109_ThatsIzumiko_000_b0_cluster.png (PNG copy)> <./figures/fig58_assets/fig8_Manga109_ThatsIzumiko_000_b3_cluster.png (PNG copy)> <./figures/fig58_assets/fig8_Manga109_ThatsIzumiko_000_b7_cluster.png (PNG copy)>] [29]) (./sections/5_conclusion.tex) [30] (./main_els.bbl [31] [32] [33] [34] [35] [36]) [37] (./main_els.aux)
 ***********
LaTeX2e <2026-06-01>
L3 programming layer <2026-06-18>
 ***********


LaTeX Font Warning: Size substitutions with differences
(Font)              up to 4.5pt have occurred.

Package rerunfilecheck Info: File `main_els.out' has not changed.
(rerunfilecheck)             Checksum: B23B5A93BE850256D1581CBD3B5C85DE;2865.
 ) 
Here is how much of TeX's memory you used:
 34428 strings out of 469158
 816812 string characters out of 5459505
 1365957 words of memory out of 5000000
 62657 multiletter control sequences out of 15000+600000
 649532 words of font info for 100 fonts, out of 8000000 for 9000
 14 hyphenation exceptions out of 8191
 104i,22n,111p,1083b,2347s stack positions out of 10000i,1000n,20000p,200000b,200000s
 </Users/bytedance/Library/TinyTeX/texmf-var/fonts/pk/ljfour/jknappen/ec/ecrm0600.600pk> </Users/bytedance/Library/TinyTeX/texmf-var/fonts/pk/ljfour/jknappen/ec/ecti0800.600pk> </Users/bytedance/Library/TinyTeX/texmf-var/fonts/pk/ljfour/jknappen/ec/ecbx1000.600pk> </Users/bytedance/Library/TinyTeX/texmf-var/fonts/pk/ljfour/jknappen/ec/ecbx0800.600pk> </Users/bytedance/Library/TinyTeX/texmf-var/fonts/pk/ljfour/jknappen/ec/tcrm1200.600pk> </Users/bytedance/Library/TinyTeX/texmf-var/fonts/pk/ljfour/jknappen/ec/ectt1200.600pk> </Users/bytedance/Library/TinyTeX/texmf-var/fonts/pk/ljfour/jknappen/ec/ectt1000.600pk> </Users/bytedance/Library/TinyTeX/texmf-var/fonts/pk/ljfour/jknappen/ec/ecrm1000.600pk> </Users/bytedance/Library/TinyTeX/texmf-var/fonts/pk/ljfour/jknappen/ec/ecti1200.600pk> </Users/bytedance/Library/TinyTeX/texmf-var/fonts/pk/ljfour/jknappen/ec/ecbx1200.600pk> </Users/bytedance/Library/TinyTeX/texmf-var/fonts/pk/ljfour/jknappen/ec/ecti1000.600pk> </Users/bytedance/Library/TinyTeX/texmf-var/fonts/pk/ljfour/jknappen/ec/ecti0700.600pk> </Users/bytedance/Library/TinyTeX/texmf-var/fonts/pk/ljfour/jknappen/ec/ecrm0800.600pk> </Users/bytedance/Library/TinyTeX/texmf-var/fonts/pk/ljfour/jknappen/ec/ecrm1200.600pk> </Users/bytedance/Library/TinyTeX/texmf-var/fonts/pk/ljfour/jknappen/ec/ecrm1728.600pk></Users/bytedance/Library/TinyTeX/texmf-dist/fonts/type1/public/amsfonts/cm/cmbx8.pfb></Users/bytedance/Library/TinyTeX/texmf-dist/fonts/type1/public/amsfonts/cm/cmex10.pfb></Users/bytedance/Library/TinyTeX/texmf-dist/fonts/type1/public/amsfonts/cm/cmmi10.pfb></Users/bytedance/Library/TinyTeX/texmf-dist/fonts/type1/public/amsfonts/cm/cmmi12.pfb></Users/bytedance/Library/TinyTeX/texmf-dist/fonts/type1/public/amsfonts/cm/cmmi6.pfb></Users/bytedance/Library/TinyTeX/texmf-dist/fonts/type1/public/amsfonts/cm/cmmi7.pfb></Users/bytedance/Library/TinyTeX/texmf-dist/fonts/type1/public/amsfonts/cm/cmmi8.pfb></Users/bytedance/Library/TinyTeX/texmf-dist/fonts/type1/public/amsfonts/cm/cmr10.pfb></Users/bytedance/Library/TinyTeX/texmf-dist/fonts/type1/public/amsfonts/cm/cmr12.pfb></Users/bytedance/Library/TinyTeX/texmf-dist/fonts/type1/public/amsfonts/cm/cmr5.pfb></Users/bytedance/Library/TinyTeX/texmf-dist/fonts/type1/public/amsfonts/cm/cmr6.pfb></Users/bytedance/Library/TinyTeX/texmf-dist/fonts/type1/public/amsfonts/cm/cmr7.pfb></Users/bytedance/Library/TinyTeX/texmf-dist/fonts/type1/public/amsfonts/cm/cmr8.pfb></Users/bytedance/Library/TinyTeX/texmf-dist/fonts/type1/public/amsfonts/cm/cmsy10.pfb></Users/bytedance/Library/TinyTeX/texmf-dist/fonts/type1/public/amsfonts/cm/cmsy6.pfb></Users/bytedance/Library/TinyTeX/texmf-dist/fonts/type1/public/amsfonts/cm/cmsy7.pfb></Users/bytedance/Library/TinyTeX/texmf-dist/fonts/type1/public/amsfonts/cm/cmsy8.pfb></Users/bytedance/Library/TinyTeX/texmf-dist/fonts/type1/public/amsfonts/symbols/msbm10.pfb></Users/bytedance/Library/TinyTeX/texmf-dist/fonts/type1/urw/zapfding/uzdr.pfb>
Output written on main_els.pdf (37 pages, 10901196 bytes).
PDF statistics:
 1362 PDF objects out of 1440 (max. 8388607)
 686 compressed objects within 7 object streams
 170 named destinations out of 1000 (max. 500000)
 329 words of extra memory for PDF output out of 10000 (max. 10000000)

