This is pdfTeX, Version 3.141592653-2.6-1.40.29 (TeX Live 2026) (preloaded format=pdflatex 2026.6.26)  12 JUL 2026 21:56
entering extended mode
 restricted \write18 enabled.
 %&-line parsing enabled.
**main.tex
(./main.tex
LaTeX2e <2026-06-01>
L3 programming layer <2026-06-18>
(/Users/bytedance/Library/TinyTeX/texmf-dist/tex/latex/base/article.cls
Document Class: article 2025/01/22 v1.4n Standard LaTeX document class
(/Users/bytedance/Library/TinyTeX/texmf-dist/tex/latex/base/size10.clo
File: size10.clo 2025/01/22 v1.4n Standard LaTeX file (size option)
)
\c@part=\count276
\c@section=\count277
\c@subsection=\count278
\c@subsubsection=\count279
\c@paragraph=\count280
\c@subparagraph=\count281
\c@figure=\count282
\c@table=\count283
\abovecaptionskip=\skip49
\belowcaptionskip=\skip50
\bibindent=\dimen150
) (./cvpr.sty
Package: cvpr 2026 LaTeX class for IEEE CVPR
 (/Users/bytedance/Library/TinyTeX/texmf-dist/tex/latex/psnfss/times.sty
Package: times 2020/03/25 PSNFSS-v9.3 (SPQR) 
) (/Users/bytedance/Library/TinyTeX/texmf-dist/tex/latex/tools/xspace.sty
Package: xspace 2014/10/28 v1.13 Space after command names (DPC,MH)
) (/Users/bytedance/Library/TinyTeX/texmf-dist/tex/latex/xcolor/xcolor.sty
Package: xcolor 2024/09/29 v3.02 LaTeX color extensions (UK)
 (/Users/bytedance/Library/TinyTeX/texmf-dist/tex/latex/graphics-cfg/color.cfg
File: color.cfg 2016/01/02 v1.6 sample color configuration
)
Package xcolor Info: Driver file: pdftex.def on input line 274.
 (/Users/bytedance/Library/TinyTeX/texmf-dist/tex/latex/graphics-def/pdftex.def
File: pdftex.def 2025/09/29 v1.2d Graphics/color driver for pdftex
) (/Users/bytedance/Library/TinyTeX/texmf-dist/tex/latex/graphics/mathcolor.ltx)
Package xcolor Info: Model `cmy' substituted by `cmy0' on input line 1349.
Package xcolor Info: Model `hsb' substituted by `rgb' on input line 1353.
Package xcolor Info: Model `RGB' extended on input line 1365.
Package xcolor Info: Model `HTML' substituted by `rgb' on input line 1367.
Package xcolor Info: Model `Hsb' substituted by `hsb' on input line 1368.
Package xcolor Info: Model `tHsb' substituted by `hsb' on input line 1369.
Package xcolor Info: Model `HSB' substituted by `hsb' on input line 1370.
Package xcolor Info: Model `Gray' substituted by `gray' on input line 1371.
Package xcolor Info: Model `wave' substituted by `hsb' on input line 1372.
) (/Users/bytedance/Library/TinyTeX/texmf-dist/tex/latex/graphics/dvipsnam.def
File: dvipsnam.def 2026-05-17 v3.0m Driver-dependent file (DPC,SPQR)
) (/Users/bytedance/Library/TinyTeX/texmf-dist/tex/latex/graphics/graphicx.sty
Package: graphicx 2026-05-17 v1.2e Enhanced LaTeX Graphics (DPC,SPQR)
 (/Users/bytedance/Library/TinyTeX/texmf-dist/tex/latex/graphics/keyval.sty
Package: keyval 2026-05-17 v1.15 key=value parser (DPC)
\KV@toks@=\toks17
) (/Users/bytedance/Library/TinyTeX/texmf-dist/tex/latex/graphics/graphics.sty
Package: graphics 2026-05-17 v1.4h Standard LaTeX Graphics (DPC,SPQR)
 (/Users/bytedance/Library/TinyTeX/texmf-dist/tex/latex/graphics/trig.sty
Package: trig 2023/12/02 v1.11 sin cos tan (DPC)
) (/Users/bytedance/Library/TinyTeX/texmf-dist/tex/latex/graphics-cfg/graphics.cfg
File: graphics.cfg 2016/06/04 v1.11 sample graphics configuration
)
Package graphics Info: Driver file: pdftex.def on input line 106.
)
\Gin@req@height=\dimen151
\Gin@req@width=\dimen152
) (/Users/bytedance/Library/TinyTeX/texmf-dist/tex/latex/amsmath/amsmath.sty
Package: amsmath 2026/05/19 v2.18d AMS math features
\@mathmargin=\skip51

For additional information on amsmath, use the `?' option.
(/Users/bytedance/Library/TinyTeX/texmf-dist/tex/latex/amsmath/amstext.sty
Package: amstext 2024/11/17 v2.01 AMS text
 (/Users/bytedance/Library/TinyTeX/texmf-dist/tex/latex/amsmath/amsgen.sty
File: amsgen.sty 1999/11/30 v2.0 generic functions
\@emptytoks=\toks18
\ex@=\dimen153
)) (/Users/bytedance/Library/TinyTeX/texmf-dist/tex/latex/amsmath/amsbsy.sty
Package: amsbsy 1999/11/29 v1.2d Bold Symbols
\pmbraise@=\dimen154
) (/Users/bytedance/Library/TinyTeX/texmf-dist/tex/latex/amsmath/amsopn.sty
Package: amsopn 2022/04/08 v2.04 operator names
)
\inf@bad=\count284
LaTeX Info: Redefining \frac on input line 233.
\uproot@=\count285
\leftroot@=\count286
LaTeX Info: Redefining \overline on input line 398.
LaTeX Info: Redefining \colon on input line 409.
\classnum@=\count287
\DOTSCASE@=\count288
LaTeX Info: Redefining \ldots on input line 495.
LaTeX Info: Redefining \dots on input line 498.
LaTeX Info: Redefining \cdots on input line 619.
\Mathstrutbox@=\box53
\strutbox@=\box54
LaTeX Info: Redefining \big on input line 721.
LaTeX Info: Redefining \Big on input line 722.
LaTeX Info: Redefining \bigg on input line 723.
LaTeX Info: Redefining \Bigg on input line 724.
\big@size=\dimen155
LaTeX Font Info:    Redeclaring font encoding OML on input line 742.
LaTeX Font Info:    Redeclaring font encoding OMS on input line 743.
\macc@depth=\count289
LaTeX Info: Redefining \bmod on input line 904.
LaTeX Info: Redefining \pmod on input line 909.
LaTeX Info: Redefining \smash on input line 939.
LaTeX Info: Redefining \relbar on input line 969.
LaTeX Info: Redefining \Relbar on input line 970.
\c@MaxMatrixCols=\count290
\dotsspace@=\muskip17
\c@parentequation=\count291
\dspbrk@lvl=\count292
\tag@help=\toks19
\row@=\count293
\column@=\count294
\maxfields@=\count295
\andhelp@=\toks20
\eqnshift@=\dimen156
\alignsep@=\dimen157
\tagshift@=\dimen158
\tagwidth@=\dimen159
\totwidth@=\dimen160
\lineht@=\dimen161
\@envbody=\toks21
\multlinegap=\skip52
\multlinetaggap=\skip53
\mathdisplay@stack=\toks22
LaTeX Info: Redefining \[ on input line 2965.
LaTeX Info: Redefining \] on input line 2966.
) (/Users/bytedance/Library/TinyTeX/texmf-dist/tex/latex/amsfonts/amssymb.sty
Package: amssymb 2013/01/14 v3.01 AMS font symbols
 (/Users/bytedance/Library/TinyTeX/texmf-dist/tex/latex/amsfonts/amsfonts.sty
Package: amsfonts 2013/01/14 v3.01 Basic AMSFonts support
\symAMSa=\mathgroup4
\symAMSb=\mathgroup5
LaTeX Font Info:    Redeclaring math symbol \hbar on input line 98.
LaTeX Font Info:    Overwriting math alphabet `\mathfrak' in version `bold'
(Font)                  U/euf/m/n --> U/euf/b/n on input line 106.
)) (/Users/bytedance/Library/TinyTeX/texmf-dist/tex/latex/booktabs/booktabs.sty
Package: booktabs 2020/01/12 v1.61803398 Publication quality tables
\heavyrulewidth=\dimen162
\lightrulewidth=\dimen163
\cmidrulewidth=\dimen164
\belowrulesep=\dimen165
\belowbottomsep=\dimen166
\aboverulesep=\dimen167
\abovetopsep=\dimen168
\cmidrulesep=\dimen169
\cmidrulekern=\dimen170
\defaultaddspace=\dimen171
\@cmidla=\count296
\@cmidlb=\count297
\@aboverulesep=\dimen172
\@belowrulesep=\dimen173
\@thisruleclass=\count298
\@lastruleclass=\count299
\@thisrulewidth=\dimen174
) (/Users/bytedance/Library/TinyTeX/texmf-dist/tex/latex/natbib/natbib.sty
Package: natbib 2010/09/13 8.31b (PWD, AO)
\bibhang=\skip54
\bibsep=\skip55
LaTeX Info: Redefining \cite on input line 694.
\c@NAT@ctr=\count300
) (/Users/bytedance/Library/TinyTeX/texmf-dist/tex/latex/silence/silence.sty
Package: silence 2012/07/02 v1.5b Selective filtering of warnings and error messages
\sl@Save=\count301
\sl@StateNumber=\count302
\sl@MessageCount=\count303
\sl@Casualties=\count304
\sl@Filter=\toks23
\sl@Message=\toks24
\sl@UnexpandedMessage=\toks25
\sl@Mess@ge=\toks26
\sl@WarningCount=\count305
\sl@WarningNumber=\count306
\sl@WarningCasualties=\count307
\sl@TempBOW=\toks27
\sl@BankOfWarnings=\toks28
LaTeX Info: Redefining \GenericWarning on input line 433.
\sl@ErrorCount=\count308
\sl@ErrorNumber=\count309
\sl@ErrorCasualties=\count310
\sl@TempBOE=\toks29
\sl@BankOfErrors=\toks30
LaTeX Info: Redefining \GenericError on input line 601.
) (/Users/bytedance/Library/TinyTeX/texmf-dist/tex/latex/etoolbox/etoolbox.sty
Package: etoolbox 2025/10/02 v2.5m e-TeX tools for LaTeX (JAW)
\etb@tempcnta=\count311
) (/Users/bytedance/Library/TinyTeX/texmf-dist/tex/latex/caption/caption.sty
Package: caption 2023/08/05 v3.6o Customizing captions (AR)
 (/Users/bytedance/Library/TinyTeX/texmf-dist/tex/latex/caption/caption3.sty
Package: caption3 2023/07/31 v2.4d caption3 kernel (AR)
\caption@tempdima=\dimen175
\captionmargin=\dimen176
\caption@leftmargin=\dimen177
\caption@rightmargin=\dimen178
\caption@width=\dimen179
\caption@indent=\dimen180
\caption@parindent=\dimen181
\caption@hangindent=\dimen182
Package caption Info: Standard document class detected.
)
\c@caption@flags=\count312
\c@continuedfloat=\count313
) (/Users/bytedance/Library/TinyTeX/texmf-dist/tex/latex/caption/subcaption.sty
Package: subcaption 2023/07/28 v1.6b Sub-captions (AR)
Package caption Info: New subtype `subfigure' on input line 238.
\c@subfigure=\count314
Package caption Info: New subtype `subtable' on input line 238.
\c@subtable=\count315
) (/Users/bytedance/Library/TinyTeX/texmf-dist/tex/latex/url/url.sty
\Urlmuskip=\muskip18
Package: url 2013/09/16  ver 3.4  Verb mode for urls, etc.
)
CVPR 8.5 x 11-Inch Proceedings Style `cvpr.sty'.
\cvprrulerbox=\box55
\cvprrulercount=\count316
\cvprruleroffset=\dimen183
\cv@lineheight=\dimen184
\cv@boxheight=\dimen185
\cv@tmpbox=\box56
\cv@refno=\count317
\cv@tot=\count318
\cv@tmpc@=\count319
\cv@tmpc=\count320
(/Users/bytedance/Library/TinyTeX/texmf-dist/tex/latex/lineno/lineno.sty
Package: lineno 2026/03/08 line numbers on paragraphs v5.9
 (/Users/bytedance/Library/TinyTeX/texmf-dist/tex/latex/kvoptions/kvoptions.sty
Package: kvoptions 2022-06-15 v3.15 Key value format for package options (HO)
 (/Users/bytedance/Library/TinyTeX/texmf-dist/tex/generic/ltxcmds/ltxcmds.sty
Package: ltxcmds 2023-12-04 v1.26 LaTeX kernel commands for general use (HO)
) (/Users/bytedance/Library/TinyTeX/texmf-dist/tex/latex/kvsetkeys/kvsetkeys.sty
Package: kvsetkeys 2022-10-05 v1.19 Key value parser (HO)
))
\linenopenalty=\count321
\output=\toks31
\linenoprevgraf=\count322
\linenumbersep=\dimen186
\linenumberwidth=\dimen187
\c@linenumber=\count323
\c@pagewiselinenumber=\count324
\c@LN@truepage=\count325
\c@internallinenumber=\count326
\c@internallinenumbers=\count327
\quotelinenumbersep=\dimen188
\bframerule=\dimen189
\bframesep=\dimen190
\bframebox=\box57
\@LN@amsmath@ams@eqpen=\count328
) (/Users/bytedance/Library/TinyTeX/texmf-dist/tex/latex/enumitem/enumitem.sty
Package: enumitem 2025/02/06 v3.11 Customized lists
\labelindent=\skip56
\enit@outerparindent=\dimen191
\enit@toks=\toks32
\enit@inbox=\box58
\enit@count@id=\count329
\enitdp@description=\count330
)) (./preamble.tex (/Users/bytedance/Library/TinyTeX/texmf-dist/tex/latex/multirow/multirow.sty
Package: multirow 2024/11/12 v2.9 Span multiple rows of a table
\multirow@colwidth=\skip57
\multirow@cntb=\count331
\multirow@dima=\skip58
\bigstrutjot=\dimen192
) (/Users/bytedance/Library/TinyTeX/texmf-dist/tex/latex/psnfss/pifont.sty
Package: pifont 2020/03/25 PSNFSS-v9.3 Pi font support (SPQR) 
LaTeX Font Info:    Trying to load font information for U+pzd on input line 63.
 (/Users/bytedance/Library/TinyTeX/texmf-dist/tex/latex/psnfss/upzd.fd
File: upzd.fd 2001/06/04 font definitions for U/pzd.
)
LaTeX Font Info:    Trying to load font information for U+psy on input line 64.
 (/Users/bytedance/Library/TinyTeX/texmf-dist/tex/latex/psnfss/upsy.fd
File: upsy.fd 2001/06/04 font definitions for U/psy.
)) (/Users/bytedance/Library/TinyTeX/texmf-dist/tex/latex/pgfplots/pgfplots.sty (/Users/bytedance/Library/TinyTeX/texmf-dist/tex/generic/pgfplots/pgfplots.revision.tex)
Package: pgfplots 2025/08/14 v1.18.2 Data Visualization (1.18.2)
 (/Users/bytedance/Library/TinyTeX/texmf-dist/tex/latex/pgf/frontendlayer/tikz.sty (/Users/bytedance/Library/TinyTeX/texmf-dist/tex/latex/pgf/basiclayer/pgf.sty (/Users/bytedance/Library/TinyTeX/texmf-dist/tex/latex/pgf/utilities/pgfrcs.sty (/Users/bytedance/Library/TinyTeX/texmf-dist/tex/generic/pgf/utilities/pgfutil-common.tex
\pgfutil@everybye=\toks33
\pgfutil@tempdima=\dimen193
\pgfutil@tempdimb=\dimen194
) (/Users/bytedance/Library/TinyTeX/texmf-dist/tex/generic/pgf/utilities/pgfutil-latex.def
\pgfutil@abb=\box59
) (/Users/bytedance/Library/TinyTeX/texmf-dist/tex/generic/pgf/utilities/pgfrcs.code.tex (/Users/bytedance/Library/TinyTeX/texmf-dist/tex/generic/pgf/pgf.revision.tex)
Package: pgfrcs 2025-08-29 v3.1.11a (3.1.11a)
))
Package: pgf 2025-08-29 v3.1.11a (3.1.11a)
 (/Users/bytedance/Library/TinyTeX/texmf-dist/tex/latex/pgf/basiclayer/pgfcore.sty (/Users/bytedance/Library/TinyTeX/texmf-dist/tex/latex/pgf/systemlayer/pgfsys.sty (/Users/bytedance/Library/TinyTeX/texmf-dist/tex/generic/pgf/systemlayer/pgfsys.code.tex
Package: pgfsys 2025-08-29 v3.1.11a (3.1.11a)
 (/Users/bytedance/Library/TinyTeX/texmf-dist/tex/generic/pgf/utilities/pgfkeys.code.tex
\pgfkeys@pathtoks=\toks34
\pgfkeys@temptoks=\toks35
 (/Users/bytedance/Library/TinyTeX/texmf-dist/tex/generic/pgf/utilities/pgfkeyslibraryfiltered.code.tex
\pgfkeys@tmptoks=\toks36
))
\pgf@x=\dimen195
\pgf@y=\dimen196
\pgf@xa=\dimen197
\pgf@ya=\dimen198
\pgf@xb=\dimen199
\pgf@yb=\dimen256
\pgf@xc=\dimen257
\pgf@yc=\dimen258
\pgf@xd=\dimen259
\pgf@yd=\dimen260
\w@pgf@writea=\write3
\r@pgf@reada=\read2
\c@pgf@counta=\count332
\c@pgf@countb=\count333
\c@pgf@countc=\count334
\c@pgf@countd=\count335
\t@pgf@toka=\toks37
\t@pgf@tokb=\toks38
\t@pgf@tokc=\toks39
\pgf@sys@id@count=\count336
 (/Users/bytedance/Library/TinyTeX/texmf-dist/tex/generic/pgf/systemlayer/pgf.cfg
File: pgf.cfg 2025-08-29 v3.1.11a (3.1.11a)
)
Driver file for pgf: pgfsys-pdftex.def
 (/Users/bytedance/Library/TinyTeX/texmf-dist/tex/generic/pgf/systemlayer/pgfsys-pdftex.def
File: pgfsys-pdftex.def 2025-08-29 v3.1.11a (3.1.11a)
 (/Users/bytedance/Library/TinyTeX/texmf-dist/tex/generic/pgf/systemlayer/pgfsys-common-pdf.def
File: pgfsys-common-pdf.def 2025-08-29 v3.1.11a (3.1.11a)
))) (/Users/bytedance/Library/TinyTeX/texmf-dist/tex/generic/pgf/systemlayer/pgfsyssoftpath.code.tex
File: pgfsyssoftpath.code.tex 2025-08-29 v3.1.11a (3.1.11a)
\pgfsyssoftpath@smallbuffer@items=\count337
\pgfsyssoftpath@bigbuffer@items=\count338
) (/Users/bytedance/Library/TinyTeX/texmf-dist/tex/generic/pgf/systemlayer/pgfsysprotocol.code.tex
File: pgfsysprotocol.code.tex 2025-08-29 v3.1.11a (3.1.11a)
)) (/Users/bytedance/Library/TinyTeX/texmf-dist/tex/generic/pgf/basiclayer/pgfcore.code.tex
Package: pgfcore 2025-08-29 v3.1.11a (3.1.11a)
 (/Users/bytedance/Library/TinyTeX/texmf-dist/tex/generic/pgf/math/pgfmath.code.tex (/Users/bytedance/Library/TinyTeX/texmf-dist/tex/generic/pgf/math/pgfmathutil.code.tex) (/Users/bytedance/Library/TinyTeX/texmf-dist/tex/generic/pgf/math/pgfmathparser.code.tex
\pgfmath@dimen=\dimen261
\pgfmath@count=\count339
\pgfmath@box=\box60
\pgfmath@toks=\toks40
\pgfmath@stack@operand=\toks41
\pgfmath@stack@operation=\toks42
) (/Users/bytedance/Library/TinyTeX/texmf-dist/tex/generic/pgf/math/pgfmathfunctions.code.tex) (/Users/bytedance/Library/TinyTeX/texmf-dist/tex/generic/pgf/math/pgfmathfunctions.basic.code.tex) (/Users/bytedance/Library/TinyTeX/texmf-dist/tex/generic/pgf/math/pgfmathfunctions.trigonometric.code.tex) (/Users/bytedance/Library/TinyTeX/texmf-dist/tex/generic/pgf/math/pgfmathfunctions.random.code.tex) (/Users/bytedance/Library/TinyTeX/texmf-dist/tex/generic/pgf/math/pgfmathfunctions.comparison.code.tex) (/Users/bytedance/Library/TinyTeX/texmf-dist/tex/generic/pgf/math/pgfmathfunctions.base.code.tex) (/Users/bytedance/Library/TinyTeX/texmf-dist/tex/generic/pgf/math/pgfmathfunctions.round.code.tex) (/Users/bytedance/Library/TinyTeX/texmf-dist/tex/generic/pgf/math/pgfmathfunctions.misc.code.tex) (/Users/bytedance/Library/TinyTeX/texmf-dist/tex/generic/pgf/math/pgfmathfunctions.integerarithmetics.code.tex) (/Users/bytedance/Library/TinyTeX/texmf-dist/tex/generic/pgf/math/pgfmathcalc.code.tex) (/Users/bytedance/Library/TinyTeX/texmf-dist/tex/generic/pgf/math/pgfmathfloat.code.tex
\c@pgfmathroundto@lastzeros=\count340
)) (/Users/bytedance/Library/TinyTeX/texmf-dist/tex/generic/pgf/math/pgfint.code.tex) (/Users/bytedance/Library/TinyTeX/texmf-dist/tex/generic/pgf/basiclayer/pgfcorepoints.code.tex
File: pgfcorepoints.code.tex 2025-08-29 v3.1.11a (3.1.11a)
\pgf@picminx=\dimen262
\pgf@picmaxx=\dimen263
\pgf@picminy=\dimen264
\pgf@picmaxy=\dimen265
\pgf@pathminx=\dimen266
\pgf@pathmaxx=\dimen267
\pgf@pathminy=\dimen268
\pgf@pathmaxy=\dimen269
\pgf@xx=\dimen270
\pgf@xy=\dimen271
\pgf@yx=\dimen272
\pgf@yy=\dimen273
\pgf@zx=\dimen274
\pgf@zy=\dimen275
) (/Users/bytedance/Library/TinyTeX/texmf-dist/tex/generic/pgf/basiclayer/pgfcorepathconstruct.code.tex
File: pgfcorepathconstruct.code.tex 2025-08-29 v3.1.11a (3.1.11a)
\pgf@path@lastx=\dimen276
\pgf@path@lasty=\dimen277
) (/Users/bytedance/Library/TinyTeX/texmf-dist/tex/generic/pgf/basiclayer/pgfcorepathusage.code.tex
File: pgfcorepathusage.code.tex 2025-08-29 v3.1.11a (3.1.11a)
\pgf@shorten@end@additional=\dimen278
\pgf@shorten@start@additional=\dimen279
) (/Users/bytedance/Library/TinyTeX/texmf-dist/tex/generic/pgf/basiclayer/pgfcorescopes.code.tex
File: pgfcorescopes.code.tex 2025-08-29 v3.1.11a (3.1.11a)
\pgfpic=\box61
\pgf@hbox=\box62
\pgf@layerbox@main=\box63
\pgf@picture@serial@count=\count341
) (/Users/bytedance/Library/TinyTeX/texmf-dist/tex/generic/pgf/basiclayer/pgfcoregraphicstate.code.tex
File: pgfcoregraphicstate.code.tex 2025-08-29 v3.1.11a (3.1.11a)
\pgflinewidth=\dimen280
) (/Users/bytedance/Library/TinyTeX/texmf-dist/tex/generic/pgf/basiclayer/pgfcoretransformations.code.tex
File: pgfcoretransformations.code.tex 2025-08-29 v3.1.11a (3.1.11a)
\pgf@pt@x=\dimen281
\pgf@pt@y=\dimen282
\pgf@pt@temp=\dimen283
) (/Users/bytedance/Library/TinyTeX/texmf-dist/tex/generic/pgf/basiclayer/pgfcorequick.code.tex
File: pgfcorequick.code.tex 2025-08-29 v3.1.11a (3.1.11a)
) (/Users/bytedance/Library/TinyTeX/texmf-dist/tex/generic/pgf/basiclayer/pgfcoreobjects.code.tex
File: pgfcoreobjects.code.tex 2025-08-29 v3.1.11a (3.1.11a)
) (/Users/bytedance/Library/TinyTeX/texmf-dist/tex/generic/pgf/basiclayer/pgfcorepathprocessing.code.tex
File: pgfcorepathprocessing.code.tex 2025-08-29 v3.1.11a (3.1.11a)
) (/Users/bytedance/Library/TinyTeX/texmf-dist/tex/generic/pgf/basiclayer/pgfcorearrows.code.tex
File: pgfcorearrows.code.tex 2025-08-29 v3.1.11a (3.1.11a)
\pgfarrowsep=\dimen284
) (/Users/bytedance/Library/TinyTeX/texmf-dist/tex/generic/pgf/basiclayer/pgfcoreshade.code.tex
File: pgfcoreshade.code.tex 2025-08-29 v3.1.11a (3.1.11a)
\pgf@max=\dimen285
\pgf@sys@shading@range@num=\count342
\pgf@shadingcount=\count343
) (/Users/bytedance/Library/TinyTeX/texmf-dist/tex/generic/pgf/basiclayer/pgfcoreimage.code.tex
File: pgfcoreimage.code.tex 2025-08-29 v3.1.11a (3.1.11a)
) (/Users/bytedance/Library/TinyTeX/texmf-dist/tex/generic/pgf/basiclayer/pgfcoreexternal.code.tex
File: pgfcoreexternal.code.tex 2025-08-29 v3.1.11a (3.1.11a)
\pgfexternal@startupbox=\box64
) (/Users/bytedance/Library/TinyTeX/texmf-dist/tex/generic/pgf/basiclayer/pgfcorelayers.code.tex
File: pgfcorelayers.code.tex 2025-08-29 v3.1.11a (3.1.11a)
) (/Users/bytedance/Library/TinyTeX/texmf-dist/tex/generic/pgf/basiclayer/pgfcoretransparency.code.tex
File: pgfcoretransparency.code.tex 2025-08-29 v3.1.11a (3.1.11a)
) (/Users/bytedance/Library/TinyTeX/texmf-dist/tex/generic/pgf/basiclayer/pgfcorepatterns.code.tex
File: pgfcorepatterns.code.tex 2025-08-29 v3.1.11a (3.1.11a)
) (/Users/bytedance/Library/TinyTeX/texmf-dist/tex/generic/pgf/basiclayer/pgfcorerdf.code.tex
File: pgfcorerdf.code.tex 2025-08-29 v3.1.11a (3.1.11a)
))) (/Users/bytedance/Library/TinyTeX/texmf-dist/tex/generic/pgf/modules/pgfmoduleshapes.code.tex
File: pgfmoduleshapes.code.tex 2025-08-29 v3.1.11a (3.1.11a)
\pgfnodeparttextbox=\box65
) (/Users/bytedance/Library/TinyTeX/texmf-dist/tex/generic/pgf/modules/pgfmoduleplot.code.tex
File: pgfmoduleplot.code.tex 2025-08-29 v3.1.11a (3.1.11a)
) (/Users/bytedance/Library/TinyTeX/texmf-dist/tex/latex/pgf/compatibility/pgfcomp-version-0-65.sty
Package: pgfcomp-version-0-65 2025-08-29 v3.1.11a (3.1.11a)
\pgf@nodesepstart=\dimen286
\pgf@nodesepend=\dimen287
) (/Users/bytedance/Library/TinyTeX/texmf-dist/tex/latex/pgf/compatibility/pgfcomp-version-1-18.sty
Package: pgfcomp-version-1-18 2025-08-29 v3.1.11a (3.1.11a)
)) (/Users/bytedance/Library/TinyTeX/texmf-dist/tex/latex/pgf/utilities/pgffor.sty (/Users/bytedance/Library/TinyTeX/texmf-dist/tex/latex/pgf/utilities/pgfkeys.sty (/Users/bytedance/Library/TinyTeX/texmf-dist/tex/generic/pgf/utilities/pgfkeys.code.tex)) (/Users/bytedance/Library/TinyTeX/texmf-dist/tex/latex/pgf/math/pgfmath.sty (/Users/bytedance/Library/TinyTeX/texmf-dist/tex/generic/pgf/math/pgfmath.code.tex)) (/Users/bytedance/Library/TinyTeX/texmf-dist/tex/generic/pgf/utilities/pgffor.code.tex
Package: pgffor 2025-08-29 v3.1.11a (3.1.11a)
\pgffor@iter=\dimen288
\pgffor@skip=\dimen289
\pgffor@stack=\toks43
\pgffor@toks=\toks44
)) (/Users/bytedance/Library/TinyTeX/texmf-dist/tex/generic/pgf/frontendlayer/tikz/tikz.code.tex
Package: tikz 2025-08-29 v3.1.11a (3.1.11a)
 (/Users/bytedance/Library/TinyTeX/texmf-dist/tex/generic/pgf/libraries/pgflibraryplothandlers.code.tex
File: pgflibraryplothandlers.code.tex 2025-08-29 v3.1.11a (3.1.11a)
\pgf@plot@mark@count=\count344
\pgfplotmarksize=\dimen290
)
\tikz@lastx=\dimen291
\tikz@lasty=\dimen292
\tikz@lastxsaved=\dimen293
\tikz@lastysaved=\dimen294
\tikz@lastmovetox=\dimen295
\tikz@lastmovetoy=\dimen296
\tikzleveldistance=\dimen297
\tikzsiblingdistance=\dimen298
\tikz@figbox=\box66
\tikz@figbox@bg=\box67
\tikz@tempbox=\box68
\tikz@tempbox@bg=\box69
\tikztreelevel=\count345
\tikznumberofchildren=\count346
\tikznumberofcurrentchild=\count347
\tikz@fig@count=\count348
 (/Users/bytedance/Library/TinyTeX/texmf-dist/tex/generic/pgf/modules/pgfmodulematrix.code.tex
File: pgfmodulematrix.code.tex 2025-08-29 v3.1.11a (3.1.11a)
\pgfmatrixcurrentrow=\count349
\pgfmatrixcurrentcolumn=\count350
\pgf@matrix@numberofcolumns=\count351
)
\tikz@expandcount=\count352
 (/Users/bytedance/Library/TinyTeX/texmf-dist/tex/generic/pgf/frontendlayer/tikz/libraries/tikzlibrarytopaths.code.tex
File: tikzlibrarytopaths.code.tex 2025-08-29 v3.1.11a (3.1.11a)
))) (/Users/bytedance/Library/TinyTeX/texmf-dist/tex/generic/pgfplots/pgfplots.code.tex (/Users/bytedance/Library/TinyTeX/texmf-dist/tex/generic/pgfplots/pgfplotscore.code.tex
\t@pgfplots@toka=\toks45
\t@pgfplots@tokb=\toks46
\t@pgfplots@tokc=\toks47
\pgfplots@tmpa=\dimen299
\c@pgfplots@coordindex=\count353
\c@pgfplots@scanlineindex=\count354
 (/Users/bytedance/Library/TinyTeX/texmf-dist/tex/generic/pgfplots/sys/pgfplotssysgeneric.code.tex)) (/Users/bytedance/Library/TinyTeX/texmf-dist/tex/generic/pgfplots/libs/pgfplotslibrary.code.tex) (/Users/bytedance/Library/TinyTeX/texmf-dist/tex/generic/pgfplots/oldpgfcompatib/pgfplotsoldpgfsupp_loader.code.tex (/Users/bytedance/Library/TinyTeX/texmf-dist/tex/generic/pgf/libraries/pgflibraryfpu.code.tex) (/Users/bytedance/Library/TinyTeX/texmf-dist/tex/generic/pgfplots/oldpgfcompatib/pgfplotsoldpgfsupp_pgfutil-common-lists.tex)) (/Users/bytedance/Library/TinyTeX/texmf-dist/tex/generic/pgfplots/util/pgfplotsutil.code.tex (/Users/bytedance/Library/TinyTeX/texmf-dist/tex/generic/pgfplots/liststructure/pgfplotsliststructure.code.tex) (/Users/bytedance/Library/TinyTeX/texmf-dist/tex/generic/pgfplots/liststructure/pgfplotsliststructureext.code.tex) (/Users/bytedance/Library/TinyTeX/texmf-dist/tex/generic/pgfplots/liststructure/pgfplotsarray.code.tex
\c@pgfplotsarray@tmp=\count355
) (/Users/bytedance/Library/TinyTeX/texmf-dist/tex/generic/pgfplots/liststructure/pgfplotsmatrix.code.tex) (/Users/bytedance/Library/TinyTeX/texmf-dist/tex/generic/pgfplots/numtable/pgfplotstableshared.code.tex
\c@pgfplotstable@counta=\count356
\t@pgfplotstable@a=\toks48
) (/Users/bytedance/Library/TinyTeX/texmf-dist/tex/generic/pgfplots/liststructure/pgfplotsdeque.code.tex) (/Users/bytedance/Library/TinyTeX/texmf-dist/tex/generic/pgfplots/util/pgfplotsbinary.code.tex (/Users/bytedance/Library/TinyTeX/texmf-dist/tex/generic/pgfplots/util/pgfplotsbinary.data.code.tex)) (/Users/bytedance/Library/TinyTeX/texmf-dist/tex/generic/pgfplots/util/pgfplotsutil.verb.code.tex) (/Users/bytedance/Library/TinyTeX/texmf-dist/tex/generic/pgfplots/libs/pgflibrarypgfplots.surfshading.code.tex
\c@pgfplotslibrarysurf@no=\count357
 (/Users/bytedance/Library/TinyTeX/texmf-dist/tex/generic/pgfplots/sys/pgflibrarypgfplots.surfshading.pgfsys-pdftex.def))) (/Users/bytedance/Library/TinyTeX/texmf-dist/tex/generic/pgfplots/util/pgfplotscolormap.code.tex (/Users/bytedance/Library/TinyTeX/texmf-dist/tex/generic/pgfplots/util/pgfplotscolor.code.tex)) (/Users/bytedance/Library/TinyTeX/texmf-dist/tex/generic/pgfplots/pgfplotsstackedplots.code.tex) (/Users/bytedance/Library/TinyTeX/texmf-dist/tex/generic/pgfplots/pgfplotsplothandlers.code.tex (/Users/bytedance/Library/TinyTeX/texmf-dist/tex/generic/pgfplots/pgfplotsmeshplothandler.code.tex (/Users/bytedance/Library/TinyTeX/texmf-dist/tex/generic/pgfplots/pgfplotsmeshplotimage.code.tex))) (/Users/bytedance/Library/TinyTeX/texmf-dist/tex/generic/pgfplots/pgfplots.scaling.code.tex) (/Users/bytedance/Library/TinyTeX/texmf-dist/tex/generic/pgfplots/pgfplotscoordprocessing.code.tex) (/Users/bytedance/Library/TinyTeX/texmf-dist/tex/generic/pgfplots/pgfplots.errorbars.code.tex) (/Users/bytedance/Library/TinyTeX/texmf-dist/tex/generic/pgfplots/pgfplots.markers.code.tex) (/Users/bytedance/Library/TinyTeX/texmf-dist/tex/generic/pgfplots/pgfplotsticks.code.tex) (/Users/bytedance/Library/TinyTeX/texmf-dist/tex/generic/pgfplots/pgfplots.paths.code.tex)
(/Users/bytedance/Library/TinyTeX/texmf-dist/tex/generic/pgf/frontendlayer/tikz/libraries/tikzlibrarydecorations.code.tex (/Users/bytedance/Library/TinyTeX/texmf-dist/tex/generic/pgf/modules/pgfmoduledecorations.code.tex
\pgfdecoratedcompleteddistance=\dimen300
\pgfdecoratedremainingdistance=\dimen301
\pgfdecoratedinputsegmentcompleteddistance=\dimen302
\pgfdecoratedinputsegmentremainingdistance=\dimen303
\pgf@decorate@distancetomove=\dimen304
\pgf@decorate@repeatstate=\count358
\pgfdecorationsegmentamplitude=\dimen305
\pgfdecorationsegmentlength=\dimen306
)
\tikz@lib@dec@box=\box70
) (/Users/bytedance/Library/TinyTeX/texmf-dist/tex/generic/pgf/frontendlayer/tikz/libraries/tikzlibrarydecorations.pathmorphing.code.tex (/Users/bytedance/Library/TinyTeX/texmf-dist/tex/generic/pgf/libraries/decorations/pgflibrarydecorations.pathmorphing.code.tex)) (/Users/bytedance/Library/TinyTeX/texmf-dist/tex/generic/pgf/frontendlayer/tikz/libraries/tikzlibrarydecorations.pathreplacing.code.tex (/Users/bytedance/Library/TinyTeX/texmf-dist/tex/generic/pgf/libraries/decorations/pgflibrarydecorations.pathreplacing.code.tex)) (/Users/bytedance/Library/TinyTeX/texmf-dist/tex/generic/pgfplots/libs/tikzlibrarypgfplots.contourlua.code.tex)
\pgfplots@numplots=\count359
\pgfplots@xmin@reg=\dimen307
\pgfplots@xmax@reg=\dimen308
\pgfplots@ymin@reg=\dimen309
\pgfplots@ymax@reg=\dimen310
\pgfplots@zmin@reg=\dimen311
\pgfplots@zmax@reg=\dimen312
) (/Users/bytedance/Library/TinyTeX/texmf-dist/tex/generic/pgf/frontendlayer/tikz/libraries/tikzlibraryplotmarks.code.tex
File: tikzlibraryplotmarks.code.tex 2025-08-29 v3.1.11a (3.1.11a)
 (/Users/bytedance/Library/TinyTeX/texmf-dist/tex/generic/pgf/libraries/pgflibraryplotmarks.code.tex
File: pgflibraryplotmarks.code.tex 2025-08-29 v3.1.11a (3.1.11a)
))) (/Users/bytedance/Library/TinyTeX/texmf-dist/tex/generic/pgf/frontendlayer/tikz/libraries/tikzlibrarypositioning.code.tex
File: tikzlibrarypositioning.code.tex 2025-08-29 v3.1.11a (3.1.11a)
) (/Users/bytedance/Library/TinyTeX/texmf-dist/tex/generic/pgf/libraries/pgflibraryarrows.meta.code.tex
File: pgflibraryarrows.meta.code.tex 2025-08-29 v3.1.11a (3.1.11a)
\pgfarrowinset=\dimen313
\pgfarrowlength=\dimen314
\pgfarrowwidth=\dimen315
\pgfarrowlinewidth=\dimen316
) (/Users/bytedance/Library/TinyTeX/texmf-dist/tex/generic/pgf/frontendlayer/tikz/libraries/tikzlibrarycalc.code.tex
File: tikzlibrarycalc.code.tex 2025-08-29 v3.1.11a (3.1.11a)
) (/Users/bytedance/Library/TinyTeX/texmf-dist/tex/generic/pgf/frontendlayer/tikz/libraries/tikzlibraryfit.code.tex
File: tikzlibraryfit.code.tex 2025-08-29 v3.1.11a (3.1.11a)
) (/Users/bytedance/Library/TinyTeX/texmf-dist/tex/generic/pgf/frontendlayer/tikz/libraries/tikzlibrarybackgrounds.code.tex
File: tikzlibrarybackgrounds.code.tex 2025-08-29 v3.1.11a (3.1.11a)
\pgf@layerbox@background=\box71
\pgf@layerboxsaved@background=\box72
) (/Users/bytedance/Library/TinyTeX/texmf-dist/tex/generic/pgf/frontendlayer/tikz/libraries/tikzlibraryshapes.geometric.code.tex
File: tikzlibraryshapes.geometric.code.tex 2025-08-29 v3.1.11a (3.1.11a)
 (/Users/bytedance/Library/TinyTeX/texmf-dist/tex/generic/pgf/libraries/shapes/pgflibraryshapes.geometric.code.tex
File: pgflibraryshapes.geometric.code.tex 2025-08-29 v3.1.11a (3.1.11a)
))) (/Users/bytedance/Library/TinyTeX/texmf-dist/tex/latex/hyperref/hyperref.sty
Package: hyperref 2026-06-17 v7.01r Hypertext links for LaTeX
 (/Users/bytedance/Library/TinyTeX/texmf-dist/tex/generic/iftex/iftex.sty
Package: iftex 2024/12/12 v1.0g TeX engine tests
) (/Users/bytedance/Library/TinyTeX/texmf-dist/tex/generic/kvdefinekeys/kvdefinekeys.sty
Package: kvdefinekeys 2019-12-19 v1.6 Define keys (HO)
) (/Users/bytedance/Library/TinyTeX/texmf-dist/tex/generic/pdfescape/pdfescape.sty
Package: pdfescape 2019/12/09 v1.15 Implements pdfTeX's escape features (HO)
 (/Users/bytedance/Library/TinyTeX/texmf-dist/tex/generic/pdftexcmds/pdftexcmds.sty
Package: pdftexcmds 2020-06-27 v0.33 Utility functions of pdfTeX for LuaTeX (HO)
 (/Users/bytedance/Library/TinyTeX/texmf-dist/tex/generic/infwarerr/infwarerr.sty
Package: infwarerr 2019/12/03 v1.5 Providing info/warning/error messages (HO)
)
Package pdftexcmds Info: \pdf@primitive is available.
Package pdftexcmds Info: \pdf@ifprimitive is available.
Package pdftexcmds Info: \pdfdraftmode found.
)) (/Users/bytedance/Library/TinyTeX/texmf-dist/tex/latex/hycolor/hycolor.sty
Package: hycolor 2020-01-27 v1.10 Color options for hyperref/bookmark (HO)
) (/Users/bytedance/Library/TinyTeX/texmf-dist/tex/latex/hyperref/nameref.sty
Package: nameref 2026-01-29 v2.58 Cross-referencing by name of section
 (/Users/bytedance/Library/TinyTeX/texmf-dist/tex/latex/refcount/refcount.sty
Package: refcount 2019/12/15 v3.6 Data extraction from label references (HO)
) (/Users/bytedance/Library/TinyTeX/texmf-dist/tex/generic/gettitlestring/gettitlestring.sty
Package: gettitlestring 2019/12/15 v1.6 Cleanup title references (HO)
)
\c@section@level=\count360
) (/Users/bytedance/Library/TinyTeX/texmf-dist/tex/generic/stringenc/stringenc.sty
Package: stringenc 2019/11/29 v1.12 Convert strings between diff. encodings (HO)
)
\@linkdim=\dimen317
\Hy@linkcounter=\count361
\Hy@pagecounter=\count362
 (/Users/bytedance/Library/TinyTeX/texmf-dist/tex/latex/hyperref/pd1enc.def
File: pd1enc.def 2026-06-17 v7.01r Hyperref: PDFDocEncoding definition (HO)
Now handling font encoding PD1 ...
... no UTF-8 mapping file for font encoding PD1
) (/Users/bytedance/Library/TinyTeX/texmf-dist/tex/generic/intcalc/intcalc.sty
Package: intcalc 2019/12/15 v1.3 Expandable calculations with integers (HO)
)
\Hy@SavedSpaceFactor=\count363
 (/Users/bytedance/Library/TinyTeX/texmf-dist/tex/latex/hyperref/puenc.def
File: puenc.def 2026-06-17 v7.01r Hyperref: PDF Unicode definition (HO)
Now handling font encoding PU ...
... no UTF-8 mapping file for font encoding PU
)
Package hyperref Info: Option `breaklinks' set `true' on input line 4070.
Package hyperref Info: Option `colorlinks' set `true' on input line 4070.
Package hyperref Info: Hyper figures OFF on input line 4199.
Package hyperref Info: Link nesting OFF on input line 4204.
Package hyperref Info: Hyper index ON on input line 4207.
Package hyperref Info: Plain pages OFF on input line 4214.
Package hyperref Info: Backreferencing ON on input line 4217.
Package hyperref Info: Implicit mode ON; LaTeX internals redefined.
Package hyperref Info: Bookmarks ON on input line 4466.
 (/Users/bytedance/Library/TinyTeX/texmf-dist/tex/latex/hyperref/backref.sty
Package: backref 2025-06-21 v1.45 Bibliographical back referencing
 (/Users/bytedance/Library/TinyTeX/texmf-dist/tex/latex/rerunfilecheck/rerunfilecheck.sty
Package: rerunfilecheck 2025-06-21 v1.11 Rerun checks for auxiliary files (HO)
 (/Users/bytedance/Library/TinyTeX/texmf-dist/tex/generic/uniquecounter/uniquecounter.sty
Package: uniquecounter 2019/12/15 v1.4 Provide unlimited unique counter (HO)
 (/Users/bytedance/Library/TinyTeX/texmf-dist/tex/generic/bigintcalc/bigintcalc.sty
Package: bigintcalc 2019/12/15 v1.5 Expandable calculations on big integers (HO)
))
Package uniquecounter Info: New unique counter `rerunfilecheck' on input line 284.
))
\c@Hy@tempcnt=\count364
LaTeX Info: Redefining \url on input line 4805.
\XeTeXLinkMargin=\dimen318
 (/Users/bytedance/Library/TinyTeX/texmf-dist/tex/generic/bitset/bitset.sty
Package: bitset 2019/12/09 v1.3 Handle bit-vector datatype (HO)
)
\Fld@menulength=\count365
\Field@Width=\dimen319
\Fld@charsize=\dimen320
Package hyperref Info: Hyper figures OFF on input line 6091.
Package hyperref Info: Link nesting OFF on input line 6096.
Package hyperref Info: Hyper index ON on input line 6099.
Package hyperref Info: backreferencing ON on input line 6104.
Package hyperref Info: Link coloring ON on input line 6109.
Package hyperref Info: Link coloring with OCG OFF on input line 6116.
Package hyperref Info: PDF/A mode OFF on input line 6121.
\Hy@abspage=\count366
\c@Item=\count367
\c@Hfootnote=\count368
)
Package hyperref Info: Driver (autodetected): hpdftex.
 (/Users/bytedance/Library/TinyTeX/texmf-dist/tex/latex/hyperref/hpdftex.def
File: hpdftex.def 2026-06-17 v7.01r Hyperref driver for pdfTeX
\Fld@listcount=\count369
\c@bookmark@seq@number=\count370
\Hy@SectionHShift=\skip59
) (/Users/bytedance/Library/TinyTeX/texmf-dist/tex/latex/cleveref/cleveref.sty
Package: cleveref 2018/03/27 v0.21.4 Intelligent cross-referencing
Package cleveref Info: `hyperref' support loaded on input line 2370.
LaTeX Info: Redefining \cref on input line 2370.
LaTeX Info: Redefining \Cref on input line 2370.
LaTeX Info: Redefining \crefrange on input line 2370.
LaTeX Info: Redefining \Crefrange on input line 2370.
LaTeX Info: Redefining \cpageref on input line 2370.
LaTeX Info: Redefining \Cpageref on input line 2370.
LaTeX Info: Redefining \cpagerefrange on input line 2370.
LaTeX Info: Redefining \Cpagerefrange on input line 2370.
LaTeX Info: Redefining \labelcref on input line 2370.
LaTeX Info: Redefining \labelcpageref on input line 2370.
Package cleveref Info: always capitalise cross-reference names on input line 7830.
Package cleveref Info: always capitalise cross-reference names on input line 7852.
)
==> First Aid for cleveref.sty applied!
LaTeX Font Info:    Trying to load font information for OT1+ptm on input line 49.
(/Users/bytedance/Library/TinyTeX/texmf-dist/tex/latex/psnfss/ot1ptm.fd
File: ot1ptm.fd 2001/06/04 font definitions for OT1/ptm.
) (/Users/bytedance/Library/TinyTeX/texmf-dist/tex/latex/l3backend/l3backend-pdftex.def
File: l3backend-pdftex.def 2026-02-18 L3 backend support: PDF output (pdfTeX)
\l__color_backend_stack_int=\count371
) (./main.aux)
\openout1 = `main.aux'.

LaTeX Font Info:    Checking defaults for OML/cmm/m/it on input line 49.
LaTeX Font Info:    ... okay on input line 49.
LaTeX Font Info:    Checking defaults for OMS/cmsy/m/n on input line 49.
LaTeX Font Info:    ... okay on input line 49.
LaTeX Font Info:    Checking defaults for OT1/cmr/m/n on input line 49.
LaTeX Font Info:    ... okay on input line 49.
LaTeX Font Info:    Checking defaults for T1/cmr/m/n on input line 49.
LaTeX Font Info:    ... okay on input line 49.
LaTeX Font Info:    Checking defaults for TS1/cmr/m/n on input line 49.
LaTeX Font Info:    ... okay on input line 49.
LaTeX Font Info:    Checking defaults for OMX/cmex/m/n on input line 49.
LaTeX Font Info:    ... okay on input line 49.
LaTeX Font Info:    Checking defaults for U/cmr/m/n on input line 49.
LaTeX Font Info:    ... okay on input line 49.
LaTeX Font Info:    Checking defaults for PD1/pdf/m/n on input line 49.
LaTeX Font Info:    ... okay on input line 49.
LaTeX Font Info:    Checking defaults for PU/pdf/m/n on input line 49.
LaTeX Font Info:    ... okay on input line 49.
 (/Users/bytedance/Library/TinyTeX/texmf-dist/tex/latex/epstopdf-pkg/epstopdf-base.sty
Package: epstopdf-base 2020-01-24 v2.11 Base part for package epstopdf
 (/Users/bytedance/Library/TinyTeX/texmf-dist/tex/latex/grfext/grfext.sty
Package: grfext 2019/12/03 v1.3 Manage graphics extensions (HO)
)
Package epstopdf-base Info: Redefining graphics rule for `.eps' on input line 485.
Package grfext Info: Graphics extension search list:
(grfext)             [.pdf,.png,.jpg,.mps,.jpeg,.jbig2,.jb2,.PDF,.PNG,.JPG,.JPEG,.JBIG2,.JB2,.eps]
(grfext)             \AppendGraphicsExtensions on input line 504.
 (/Users/bytedance/Library/TinyTeX/texmf-dist/tex/latex/latexconfig/epstopdf-sys.cfg
File: epstopdf-sys.cfg 2010/07/13 v1.3 Configuration of (r)epstopdf for TeX Live
))
Package caption Info: Begin \AtBeginDocument code.
Package caption Info: hyperref package is loaded.
Package caption Info: End \AtBeginDocument code.
 ABD: EveryShipout initializing macros
Package pgfplots notification 'compat/show suggested version=true': you might benefit from \pgfplotsset{compat=1.18} (current compat level: 1.16).

Package backref Info: ** backref set up for natbib ** on input line 49.
Package hyperref Info: Link coloring ON on input line 49.
(./main.out) (./main.out)
\@outlinefile=\write4
\openout4 = `main.out'.

 (./sections/0_abstract.tex
LaTeX Font Info:    Trying to load font information for U+msa on input line 23.
 (/Users/bytedance/Library/TinyTeX/texmf-dist/tex/latex/amsfonts/umsa.fd
File: umsa.fd 2013/01/14 v3.01 AMS symbols A
)
LaTeX Font Info:    Trying to load font information for U+msb on input line 23.
 (/Users/bytedance/Library/TinyTeX/texmf-dist/tex/latex/amsfonts/umsb.fd
File: umsb.fd 2013/01/14 v3.01 AMS symbols B
)) (./sections/1_introduction.tex
LaTeX Font Info:    Trying to load font information for OT1+phv on input line 68.
 (/Users/bytedance/Library/TinyTeX/texmf-dist/tex/latex/psnfss/ot1phv.fd
File: ot1phv.fd 2020/03/25 scalable font definitions for OT1/phv.
) [1{/Users/bytedance/Library/TinyTeX/texmf-var/fonts/map/pdftex/updmap/pdftex.map}{/Users/bytedance/Library/TinyTeX/texmf-dist/fonts/enc/dvips/base/8r.enc}


]
LaTeX Font Info:    Trying to load font information for OT1+pcr on input line 89.
 (/Users/bytedance/Library/TinyTeX/texmf-dist/tex/latex/psnfss/ot1pcr.fd
File: ot1pcr.fd 2001/06/04 font definitions for OT1/pcr.
)
LaTeX Font Info:    Trying to load font information for TS1+ptm on input line 117.
 (/Users/bytedance/Library/TinyTeX/texmf-dist/tex/latex/psnfss/ts1ptm.fd
File: ts1ptm.fd 2001/06/04 font definitions for TS1/ptm.
)) (./sections/2_method.tex [2] [3]) (./figures/fig1_architecture.tex) (./figures/fig2_dpr.tex) (./sections/3_experiments_setup.tex [4]) (./sections/3_experiments_comparison.tex [5]) (./tables/table1_main_comparison.tex) (./tables/table2_efficiency.tex) (./sections/3_experiments_efficiency.tex [6] [7]) (./figures/fig3_psnr_params.tex) (./sections/3_experiments_visual.tex) (./figures/fig7_visual.tex [8]
<figures/fig7_assets/Urban100_img_092_GT_full_box.png, id=351, 1027.84pt x 694.595pt>
File: figures/fig7_assets/Urban100_img_092_GT_full_box.png Graphic file (type png)
<use figures/fig7_assets/Urban100_img_092_GT_full_box.png>
Package pdftex.def Info: figures/fig7_assets/Urban100_img_092_GT_full_box.png  used on input line 66.
(pdftex.def)             Requested size: 80.67621pt x 54.52298pt.
<figures/fig7_assets/Urban100_img_024_GT_full_box.png, id=352, 1027.84pt x 662.475pt>
File: figures/fig7_assets/Urban100_img_024_GT_full_box.png Graphic file (type png)
<use figures/fig7_assets/Urban100_img_024_GT_full_box.png>
Package pdftex.def Info: figures/fig7_assets/Urban100_img_024_GT_full_box.png  used on input line 67.
(pdftex.def)             Requested size: 84.5814pt x 54.52298pt.
<figures/fig7_assets/Manga109_ThatsIzumiko_000_GT_full_box.png, id=353, 827.09pt x 1172.38pt>
File: figures/fig7_assets/Manga109_ThatsIzumiko_000_GT_full_box.png Graphic file (type png)
<use figures/fig7_assets/Manga109_ThatsIzumiko_000_GT_full_box.png>
Package pdftex.def Info: figures/fig7_assets/Manga109_ThatsIzumiko_000_GT_full_box.png  used on input line 68.
(pdftex.def)             Requested size: 38.45424pt x 54.52298pt.
<figures/fig7_assets/Urban100_img_092_Bicubic_crop.png, id=354, 289.08pt x 289.08pt>
File: figures/fig7_assets/Urban100_img_092_Bicubic_crop.png Graphic file (type png)
<use figures/fig7_assets/Urban100_img_092_Bicubic_crop.png>
Package pdftex.def Info: figures/fig7_assets/Urban100_img_092_Bicubic_crop.png  used on input line 71.
(pdftex.def)             Requested size: 67.07286pt x 67.06924pt.
<figures/fig7_assets/Urban100_img_092_IMDN_crop.png, id=355, 289.08pt x 289.08pt>
File: figures/fig7_assets/Urban100_img_092_IMDN_crop.png Graphic file (type png)
<use figures/fig7_assets/Urban100_img_092_IMDN_crop.png>
Package pdftex.def Info: figures/fig7_assets/Urban100_img_092_IMDN_crop.png  used on input line 71.
(pdftex.def)             Requested size: 67.07286pt x 67.06924pt.
<figures/fig7_assets/Urban100_img_092_SwinIR-light_crop.png, id=356, 289.08pt x 289.08pt>
File: figures/fig7_assets/Urban100_img_092_SwinIR-light_crop.png Graphic file (type png)
<use figures/fig7_assets/Urban100_img_092_SwinIR-light_crop.png>
Package pdftex.def Info: figures/fig7_assets/Urban100_img_092_SwinIR-light_crop.png  used on input line 71.
(pdftex.def)             Requested size: 67.07286pt x 67.06924pt.
<figures/fig7_assets/Urban100_img_092_SRFormer-light_crop.png, id=357, 289.08pt x 289.08pt>
File: figures/fig7_assets/Urban100_img_092_SRFormer-light_crop.png Graphic file (type png)
<use figures/fig7_assets/Urban100_img_092_SRFormer-light_crop.png>
Package pdftex.def Info: figures/fig7_assets/Urban100_img_092_SRFormer-light_crop.png  used on input line 71.
(pdftex.def)             Requested size: 67.07286pt x 67.06924pt.
<figures/fig7_assets/Urban100_img_092_CATANet_crop.png, id=358, 289.08pt x 289.08pt>
File: figures/fig7_assets/Urban100_img_092_CATANet_crop.png Graphic file (type png)
<use figures/fig7_assets/Urban100_img_092_CATANet_crop.png>
Package pdftex.def Info: figures/fig7_assets/Urban100_img_092_CATANet_crop.png  used on input line 71.
(pdftex.def)             Requested size: 67.07286pt x 67.06924pt.
<figures/fig7_assets/Urban100_img_092_DPRNet_crop.png, id=359, 289.08pt x 289.08pt>
File: figures/fig7_assets/Urban100_img_092_DPRNet_crop.png Graphic file (type png)
<use figures/fig7_assets/Urban100_img_092_DPRNet_crop.png>
Package pdftex.def Info: figures/fig7_assets/Urban100_img_092_DPRNet_crop.png  used on input line 71.
(pdftex.def)             Requested size: 67.07286pt x 67.06924pt.
<figures/fig7_assets/Urban100_img_092_GT_crop.png, id=360, 289.08pt x 289.08pt>
File: figures/fig7_assets/Urban100_img_092_GT_crop.png Graphic file (type png)
<use figures/fig7_assets/Urban100_img_092_GT_crop.png>
Package pdftex.def Info: figures/fig7_assets/Urban100_img_092_GT_crop.png  used on input line 71.
(pdftex.def)             Requested size: 67.07286pt x 67.06924pt.
<figures/fig7_assets/Urban100_img_024_Bicubic_crop.png, id=361, 289.08pt x 289.08pt>
File: figures/fig7_assets/Urban100_img_024_Bicubic_crop.png Graphic file (type png)
<use figures/fig7_assets/Urban100_img_024_Bicubic_crop.png>
Package pdftex.def Info: figures/fig7_assets/Urban100_img_024_Bicubic_crop.png  used on input line 74.
(pdftex.def)             Requested size: 67.07286pt x 67.06924pt.
<figures/fig7_assets/Urban100_img_024_IMDN_crop.png, id=362, 289.08pt x 289.08pt>
File: figures/fig7_assets/Urban100_img_024_IMDN_crop.png Graphic file (type png)
<use figures/fig7_assets/Urban100_img_024_IMDN_crop.png>
Package pdftex.def Info: figures/fig7_assets/Urban100_img_024_IMDN_crop.png  used on input line 74.
(pdftex.def)             Requested size: 67.07286pt x 67.06924pt.
<figures/fig7_assets/Urban100_img_024_SwinIR-light_crop.png, id=363, 289.08pt x 289.08pt>
File: figures/fig7_assets/Urban100_img_024_SwinIR-light_crop.png Graphic file (type png)
<use figures/fig7_assets/Urban100_img_024_SwinIR-light_crop.png>
Package pdftex.def Info: figures/fig7_assets/Urban100_img_024_SwinIR-light_crop.png  used on input line 74.
(pdftex.def)             Requested size: 67.07286pt x 67.06924pt.
<figures/fig7_assets/Urban100_img_024_SRFormer-light_crop.png, id=364, 289.08pt x 289.08pt>
File: figures/fig7_assets/Urban100_img_024_SRFormer-light_crop.png Graphic file (type png)
<use figures/fig7_assets/Urban100_img_024_SRFormer-light_crop.png>
Package pdftex.def Info: figures/fig7_assets/Urban100_img_024_SRFormer-light_crop.png  used on input line 74.
(pdftex.def)             Requested size: 67.07286pt x 67.06924pt.
<figures/fig7_assets/Urban100_img_024_CATANet_crop.png, id=365, 289.08pt x 289.08pt>
File: figures/fig7_assets/Urban100_img_024_CATANet_crop.png Graphic file (type png)
<use figures/fig7_assets/Urban100_img_024_CATANet_crop.png>
Package pdftex.def Info: figures/fig7_assets/Urban100_img_024_CATANet_crop.png  used on input line 74.
(pdftex.def)             Requested size: 67.07286pt x 67.06924pt.
<figures/fig7_assets/Urban100_img_024_DPRNet_crop.png, id=366, 289.08pt x 289.08pt>
File: figures/fig7_assets/Urban100_img_024_DPRNet_crop.png Graphic file (type png)
<use figures/fig7_assets/Urban100_img_024_DPRNet_crop.png>
Package pdftex.def Info: figures/fig7_assets/Urban100_img_024_DPRNet_crop.png  used on input line 74.
(pdftex.def)             Requested size: 67.07286pt x 67.06924pt.
<figures/fig7_assets/Urban100_img_024_GT_crop.png, id=367, 289.08pt x 289.08pt>
File: figures/fig7_assets/Urban100_img_024_GT_crop.png Graphic file (type png)
<use figures/fig7_assets/Urban100_img_024_GT_crop.png>
Package pdftex.def Info: figures/fig7_assets/Urban100_img_024_GT_crop.png  used on input line 74.
(pdftex.def)             Requested size: 67.07286pt x 67.06924pt.
<figures/fig7_assets/Manga109_ThatsIzumiko_000_Bicubic_crop.png, id=368, 289.08pt x 289.08pt>
File: figures/fig7_assets/Manga109_ThatsIzumiko_000_Bicubic_crop.png Graphic file (type png)
<use figures/fig7_assets/Manga109_ThatsIzumiko_000_Bicubic_crop.png>
Package pdftex.def Info: figures/fig7_assets/Manga109_ThatsIzumiko_000_Bicubic_crop.png  used on input line 77.
(pdftex.def)             Requested size: 67.07286pt x 67.06924pt.
<figures/fig7_assets/Manga109_ThatsIzumiko_000_IMDN_crop.png, id=369, 289.08pt x 289.08pt>
File: figures/fig7_assets/Manga109_ThatsIzumiko_000_IMDN_crop.png Graphic file (type png)
<use figures/fig7_assets/Manga109_ThatsIzumiko_000_IMDN_crop.png>
Package pdftex.def Info: figures/fig7_assets/Manga109_ThatsIzumiko_000_IMDN_crop.png  used on input line 77.
(pdftex.def)             Requested size: 67.07286pt x 67.06924pt.
<figures/fig7_assets/Manga109_ThatsIzumiko_000_SwinIR-light_crop.png, id=370, 289.08pt x 289.08pt>
File: figures/fig7_assets/Manga109_ThatsIzumiko_000_SwinIR-light_crop.png Graphic file (type png)
<use figures/fig7_assets/Manga109_ThatsIzumiko_000_SwinIR-light_crop.png>
Package pdftex.def Info: figures/fig7_assets/Manga109_ThatsIzumiko_000_SwinIR-light_crop.png  used on input line 77.
(pdftex.def)             Requested size: 67.07286pt x 67.06924pt.
<figures/fig7_assets/Manga109_ThatsIzumiko_000_SRFormer-light_crop.png, id=371, 289.08pt x 289.08pt>
File: figures/fig7_assets/Manga109_ThatsIzumiko_000_SRFormer-light_crop.png Graphic file (type png)
<use figures/fig7_assets/Manga109_ThatsIzumiko_000_SRFormer-light_crop.png>
Package pdftex.def Info: figures/fig7_assets/Manga109_ThatsIzumiko_000_SRFormer-light_crop.png  used on input line 77.
(pdftex.def)             Requested size: 67.07286pt x 67.06924pt.
<figures/fig7_assets/Manga109_ThatsIzumiko_000_CATANet_crop.png, id=372, 289.08pt x 289.08pt>
File: figures/fig7_assets/Manga109_ThatsIzumiko_000_CATANet_crop.png Graphic file (type png)
<use figures/fig7_assets/Manga109_ThatsIzumiko_000_CATANet_crop.png>
Package pdftex.def Info: figures/fig7_assets/Manga109_ThatsIzumiko_000_CATANet_crop.png  used on input line 77.
(pdftex.def)             Requested size: 67.07286pt x 67.06924pt.
<figures/fig7_assets/Manga109_ThatsIzumiko_000_DPRNet_crop.png, id=373, 289.08pt x 289.08pt>
File: figures/fig7_assets/Manga109_ThatsIzumiko_000_DPRNet_crop.png Graphic file (type png)
<use figures/fig7_assets/Manga109_ThatsIzumiko_000_DPRNet_crop.png>
Package pdftex.def Info: figures/fig7_assets/Manga109_ThatsIzumiko_000_DPRNet_crop.png  used on input line 77.
(pdftex.def)             Requested size: 67.07286pt x 67.06924pt.
<figures/fig7_assets/Manga109_ThatsIzumiko_000_GT_crop.png, id=374, 289.08pt x 289.08pt>
File: figures/fig7_assets/Manga109_ThatsIzumiko_000_GT_crop.png Graphic file (type png)
<use figures/fig7_assets/Manga109_ThatsIzumiko_000_GT_crop.png>
Package pdftex.def Info: figures/fig7_assets/Manga109_ThatsIzumiko_000_GT_crop.png  used on input line 77.
(pdftex.def)             Requested size: 67.07286pt x 67.06924pt.
) (./sections/3_experiments_ablation.tex) (./tables/table_c1_dpr_vs_ema.tex) (./tables/table3_ablation_a1.tex) (./tables/table4_ablation_a2.tex) (./tables/table5_ablation_a3.tex) [9] (./sections/3_experiments_routing_analysis.tex [10 <./figures/fig7_assets/Urban100_img_092_GT_full_box.png (PNG copy)> <./figures/fig7_assets/Urban100_img_024_GT_full_box.png (PNG copy)> <./figures/fig7_assets/Manga109_ThatsIzumiko_000_GT_full_box.png (PNG copy)> <./figures/fig7_assets/Urban100_img_092_Bicubic_crop.png (PNG copy)> <./figures/fig7_assets/Urban100_img_092_IMDN_crop.png (PNG copy)> <./figures/fig7_assets/Urban100_img_092_SwinIR-light_crop.png (PNG copy)> <./figures/fig7_assets/Urban100_img_092_SRFormer-light_crop.png (PNG copy)> <./figures/fig7_assets/Urban100_img_092_CATANet_crop.png (PNG copy)> <./figures/fig7_assets/Urban100_img_092_DPRNet_crop.png (PNG copy)> <./figures/fig7_assets/Urban100_img_092_GT_crop.png (PNG copy)> <./figures/fig7_assets/Urban100_img_024_Bicubic_crop.png (PNG copy)> <./figures/fig7_assets/Urban100_img_024_IMDN_crop.png (PNG copy)> <./figures/fig7_assets/Urban100_img_024_SwinIR-light_crop.png (PNG copy)> <./figures/fig7_assets/Urban100_img_024_SRFormer-light_crop.png (PNG copy)> <./figures/fig7_assets/Urban100_img_024_CATANet_crop.png (PNG copy)> <./figures/fig7_assets/Urban100_img_024_DPRNet_crop.png (PNG copy)> <./figures/fig7_assets/Urban100_img_024_GT_crop.png (PNG copy)> <./figures/fig7_assets/Manga109_ThatsIzumiko_000_Bicubic_crop.png (PNG copy)> <./figures/fig7_assets/Manga109_ThatsIzumiko_000_IMDN_crop.png (PNG copy)> <./figures/fig7_assets/Manga109_ThatsIzumiko_000_SwinIR-light_crop.png (PNG copy)> <./figures/fig7_assets/Manga109_ThatsIzumiko_000_SRFormer-light_crop.png (PNG copy)> <./figures/fig7_assets/Manga109_ThatsIzumiko_000_CATANet_crop.png (PNG copy)> <./figures/fig7_assets/Manga109_ThatsIzumiko_000_DPRNet_crop.png (PNG copy)> <./figures/fig7_assets/Manga109_ThatsIzumiko_000_GT_crop.png (PNG copy)>] [11]) (./figures/fig5_xscore_hist.tex) (./figures/fig6_usage_entropy.tex
Package pgfplots info on input line 31: Using 'lua backend=false' for axis: x coord trafo unsupported.
) (./figures/fig8_cluster_maps.tex
<figures/fig58_assets/fig8_Urban100_img_092_lr.png, id=436, 1027.84pt x 694.595pt>
File: figures/fig58_assets/fig8_Urban100_img_092_lr.png Graphic file (type png)
<use figures/fig58_assets/fig8_Urban100_img_092_lr.png>
Package pdftex.def Info: figures/fig58_assets/fig8_Urban100_img_092_lr.png  used on input line 49.
(pdftex.def)             Requested size: 119.9015pt x 81.02669pt.
<figures/fig58_assets/fig8_Urban100_img_092_b0_cluster.png, id=437, 1027.84pt x 694.595pt>
File: figures/fig58_assets/fig8_Urban100_img_092_b0_cluster.png Graphic file (type png)
<use figures/fig58_assets/fig8_Urban100_img_092_b0_cluster.png>
Package pdftex.def Info: figures/fig58_assets/fig8_Urban100_img_092_b0_cluster.png  used on input line 49.
(pdftex.def)             Requested size: 119.9015pt x 81.02669pt.
<figures/fig58_assets/fig8_Urban100_img_092_b3_cluster.png, id=438, 1027.84pt x 694.595pt>
File: figures/fig58_assets/fig8_Urban100_img_092_b3_cluster.png Graphic file (type png)
<use figures/fig58_assets/fig8_Urban100_img_092_b3_cluster.png>
Package pdftex.def Info: figures/fig58_assets/fig8_Urban100_img_092_b3_cluster.png  used on input line 49.
(pdftex.def)             Requested size: 119.9015pt x 81.02669pt.
<figures/fig58_assets/fig8_Urban100_img_092_b7_cluster.png, id=439, 1027.84pt x 694.595pt>
File: figures/fig58_assets/fig8_Urban100_img_092_b7_cluster.png Graphic file (type png)
<use figures/fig58_assets/fig8_Urban100_img_092_b7_cluster.png>
Package pdftex.def Info: figures/fig58_assets/fig8_Urban100_img_092_b7_cluster.png  used on input line 49.
(pdftex.def)             Requested size: 119.9015pt x 81.02669pt.
<figures/fig58_assets/fig8_Urban100_img_024_lr.png, id=440, 1027.84pt x 662.475pt>
File: figures/fig58_assets/fig8_Urban100_img_024_lr.png Graphic file (type png)
<use figures/fig58_assets/fig8_Urban100_img_024_lr.png>
Package pdftex.def Info: figures/fig58_assets/fig8_Urban100_img_024_lr.png  used on input line 52.
(pdftex.def)             Requested size: 119.9015pt x 77.2798pt.
<figures/fig58_assets/fig8_Urban100_img_024_b0_cluster.png, id=441, 1027.84pt x 662.475pt>
File: figures/fig58_assets/fig8_Urban100_img_024_b0_cluster.png Graphic file (type png)
<use figures/fig58_assets/fig8_Urban100_img_024_b0_cluster.png>
Package pdftex.def Info: figures/fig58_assets/fig8_Urban100_img_024_b0_cluster.png  used on input line 52.
(pdftex.def)             Requested size: 119.9015pt x 77.2798pt.
<figures/fig58_assets/fig8_Urban100_img_024_b3_cluster.png, id=442, 1027.84pt x 662.475pt>
File: figures/fig58_assets/fig8_Urban100_img_024_b3_cluster.png Graphic file (type png)
<use figures/fig58_assets/fig8_Urban100_img_024_b3_cluster.png>
Package pdftex.def Info: figures/fig58_assets/fig8_Urban100_img_024_b3_cluster.png  used on input line 52.
(pdftex.def)             Requested size: 119.9015pt x 77.2798pt.
<figures/fig58_assets/fig8_Urban100_img_024_b7_cluster.png, id=443, 1027.84pt x 662.475pt>
File: figures/fig58_assets/fig8_Urban100_img_024_b7_cluster.png Graphic file (type png)
<use figures/fig58_assets/fig8_Urban100_img_024_b7_cluster.png>
Package pdftex.def Info: figures/fig58_assets/fig8_Urban100_img_024_b7_cluster.png  used on input line 52.
(pdftex.def)             Requested size: 119.9015pt x 77.2798pt.
<figures/fig58_assets/fig8_Manga109_ThatsIzumiko_000_lr.png, id=444, 827.09pt x 1172.38pt>
File: figures/fig58_assets/fig8_Manga109_ThatsIzumiko_000_lr.png Graphic file (type png)
<use figures/fig58_assets/fig8_Manga109_ThatsIzumiko_000_lr.png>
Package pdftex.def Info: figures/fig58_assets/fig8_Manga109_ThatsIzumiko_000_lr.png  used on input line 55.
(pdftex.def)             Requested size: 119.9015pt x 169.94601pt.
<figures/fig58_assets/fig8_Manga109_ThatsIzumiko_000_b0_cluster.png, id=445, 827.09pt x 1172.38pt>
File: figures/fig58_assets/fig8_Manga109_ThatsIzumiko_000_b0_cluster.png Graphic file (type png)
<use figures/fig58_assets/fig8_Manga109_ThatsIzumiko_000_b0_cluster.png>
Package pdftex.def Info: figures/fig58_assets/fig8_Manga109_ThatsIzumiko_000_b0_cluster.png  used on input line 55.
(pdftex.def)             Requested size: 119.9015pt x 169.94601pt.
<figures/fig58_assets/fig8_Manga109_ThatsIzumiko_000_b3_cluster.png, id=446, 827.09pt x 1172.38pt>
File: figures/fig58_assets/fig8_Manga109_ThatsIzumiko_000_b3_cluster.png Graphic file (type png)
<use figures/fig58_assets/fig8_Manga109_ThatsIzumiko_000_b3_cluster.png>
Package pdftex.def Info: figures/fig58_assets/fig8_Manga109_ThatsIzumiko_000_b3_cluster.png  used on input line 55.
(pdftex.def)             Requested size: 119.9015pt x 169.94601pt.
<figures/fig58_assets/fig8_Manga109_ThatsIzumiko_000_b7_cluster.png, id=447, 827.09pt x 1172.38pt>
File: figures/fig58_assets/fig8_Manga109_ThatsIzumiko_000_b7_cluster.png Graphic file (type png)
<use figures/fig58_assets/fig8_Manga109_ThatsIzumiko_000_b7_cluster.png>
Package pdftex.def Info: figures/fig58_assets/fig8_Manga109_ThatsIzumiko_000_b7_cluster.png  used on input line 55.
(pdftex.def)             Requested size: 119.9015pt x 169.94601pt.
) (./sections/4_discussion.tex [12]) (./sections/5_conclusion.tex) (./main.bbl (./main.brf)
\tf@brf=\write5
\openout5 = `main.brf'.

 [13] [14 <./figures/fig58_assets/fig8_Urban100_img_092_lr.png (PNG copy)> <./figures/fig58_assets/fig8_Urban100_img_092_b0_cluster.png (PNG copy)> <./figures/fig58_assets/fig8_Urban100_img_092_b3_cluster.png (PNG copy)> <./figures/fig58_assets/fig8_Urban100_img_092_b7_cluster.png (PNG copy)> <./figures/fig58_assets/fig8_Urban100_img_024_lr.png (PNG copy)> <./figures/fig58_assets/fig8_Urban100_img_024_b0_cluster.png (PNG copy)> <./figures/fig58_assets/fig8_Urban100_img_024_b3_cluster.png (PNG copy)> <./figures/fig58_assets/fig8_Urban100_img_024_b7_cluster.png (PNG copy)> <./figures/fig58_assets/fig8_Manga109_ThatsIzumiko_000_lr.png (PNG copy)> <./figures/fig58_assets/fig8_Manga109_ThatsIzumiko_000_b0_cluster.png (PNG copy)> <./figures/fig58_assets/fig8_Manga109_ThatsIzumiko_000_b3_cluster.png (PNG copy)> <./figures/fig58_assets/fig8_Manga109_ThatsIzumiko_000_b7_cluster.png (PNG copy)>] [15]) [16] (./main.aux)
 ***********
LaTeX2e <2026-06-01>
L3 programming layer <2026-06-18>
 ***********
Package rerunfilecheck Info: File `main.out' has not changed.
(rerunfilecheck)             Checksum: B23B5A93BE850256D1581CBD3B5C85DE;2865.
Package rerunfilecheck Info: File `main.brf' has not changed.
(rerunfilecheck)             Checksum: A648FCA6870E44CF765C175111A6DE7C;2822.
 ) 
Here is how much of TeX's memory you used:
 38257 strings out of 469158
 897304 string characters out of 5459505
 1451508 words of memory out of 5000000
 66456 multiletter control sequences out of 15000+600000
 671239 words of font info for 121 fonts, out of 8000000 for 9000
 14 hyphenation exceptions out of 8191
 104i,22n,111p,1091b,2365s stack positions out of 10000i,1000n,20000p,200000b,200000s
</Users/bytedance/Library/TinyTeX/texmf-dist/fonts/type1/public/amsfonts/cm/cmbx7.pfb></Users/bytedance/Library/TinyTeX/texmf-dist/fonts/type1/public/amsfonts/cm/cmex10.pfb></Users/bytedance/Library/TinyTeX/texmf-dist/fonts/type1/public/amsfonts/cm/cmmi10.pfb></Users/bytedance/Library/TinyTeX/texmf-dist/fonts/type1/public/amsfonts/cm/cmmi5.pfb></Users/bytedance/Library/TinyTeX/texmf-dist/fonts/type1/public/amsfonts/cm/cmmi6.pfb></Users/bytedance/Library/TinyTeX/texmf-dist/fonts/type1/public/amsfonts/cm/cmmi7.pfb></Users/bytedance/Library/TinyTeX/texmf-dist/fonts/type1/public/amsfonts/cm/cmmi8.pfb></Users/bytedance/Library/TinyTeX/texmf-dist/fonts/type1/public/amsfonts/cm/cmmi9.pfb></Users/bytedance/Library/TinyTeX/texmf-dist/fonts/type1/public/amsfonts/cm/cmr10.pfb></Users/bytedance/Library/TinyTeX/texmf-dist/fonts/type1/public/amsfonts/cm/cmr5.pfb></Users/bytedance/Library/TinyTeX/texmf-dist/fonts/type1/public/amsfonts/cm/cmr6.pfb></Users/bytedance/Library/TinyTeX/texmf-dist/fonts/type1/public/amsfonts/cm/cmr7.pfb></Users/bytedance/Library/TinyTeX/texmf-dist/fonts/type1/public/amsfonts/cm/cmr8.pfb></Users/bytedance/Library/TinyTeX/texmf-dist/fonts/type1/public/amsfonts/cm/cmr9.pfb></Users/bytedance/Library/TinyTeX/texmf-dist/fonts/type1/public/amsfonts/cm/cmsy10.pfb></Users/bytedance/Library/TinyTeX/texmf-dist/fonts/type1/public/amsfonts/cm/cmsy5.pfb></Users/bytedance/Library/TinyTeX/texmf-dist/fonts/type1/public/amsfonts/cm/cmsy6.pfb></Users/bytedance/Library/TinyTeX/texmf-dist/fonts/type1/public/amsfonts/cm/cmsy7.pfb></Users/bytedance/Library/TinyTeX/texmf-dist/fonts/type1/public/amsfonts/cm/cmsy8.pfb></Users/bytedance/Library/TinyTeX/texmf-dist/fonts/type1/public/amsfonts/cm/cmsy9.pfb></Users/bytedance/Library/TinyTeX/texmf-dist/fonts/type1/public/amsfonts/symbols/msbm10.pfb></Users/bytedance/Library/TinyTeX/texmf-dist/fonts/type1/urw/courier/ucrr8a.pfb></Users/bytedance/Library/TinyTeX/texmf-dist/fonts/type1/urw/helvetic/uhvb8a.pfb></Users/bytedance/Library/TinyTeX/texmf-dist/fonts/type1/urw/helvetic/uhvr8a.pfb></Users/bytedance/Library/TinyTeX/texmf-dist/fonts/type1/urw/times/utmb8a.pfb></Users/bytedance/Library/TinyTeX/texmf-dist/fonts/type1/urw/times/utmr8a.pfb></Users/bytedance/Library/TinyTeX/texmf-dist/fonts/type1/urw/times/utmri8a.pfb></Users/bytedance/Library/TinyTeX/texmf-dist/fonts/type1/urw/zapfding/uzdr.pfb>
Output written on main.pdf (16 pages, 10846762 bytes).
PDF statistics:
 704 PDF objects out of 1000 (max. 8388607)
 576 compressed objects within 6 object streams
 144 named destinations out of 1000 (max. 500000)
 329 words of extra memory for PDF output out of 10000 (max. 10000000)

