This is pdfTeX, Version 3.141592653-2.6-1.40.29 (TeX Live 2026) (preloaded format=pdflatex)
 \write18 enabled.
entering extended mode
(./main_mdpi.tex
LaTeX2e <2026-06-01>
L3 programming layer <2026-06-18>
(./Definitions/mdpi.cls
Document Class: Definitions/mdpi 23/06/2026 MDPI paper class
(/Users/bytedance/Library/TinyTeX/texmf-dist/tex/latex/base/article.cls
Document Class: article 2025/01/22 v1.4n Standard LaTeX document class
(/Users/bytedance/Library/TinyTeX/texmf-dist/tex/latex/base/size10.clo)) (/Users/bytedance/Library/TinyTeX/texmf-dist/tex/latex/base/fontenc.sty) (/Users/bytedance/Library/TinyTeX/texmf-dist/tex/latex/base/inputenc.sty) (/Users/bytedance/Library/TinyTeX/texmf-dist/tex/latex/tools/calc.sty) (/Users/bytedance/Library/TinyTeX/texmf-dist/tex/latex/tools/indentfirst.sty) (/Users/bytedance/Library/TinyTeX/texmf-dist/tex/latex/fancyhdr/fancyhdr.sty) (/Users/bytedance/Library/TinyTeX/texmf-dist/tex/latex/graphics/graphicx.sty (/Users/bytedance/Library/TinyTeX/texmf-dist/tex/latex/graphics/keyval.sty) (/Users/bytedance/Library/TinyTeX/texmf-dist/tex/latex/graphics/graphics.sty (/Users/bytedance/Library/TinyTeX/texmf-dist/tex/latex/graphics/trig.sty) (/Users/bytedance/Library/TinyTeX/texmf-dist/tex/latex/graphics-cfg/graphics.cfg) (/Users/bytedance/Library/TinyTeX/texmf-dist/tex/latex/graphics-def/pdftex.def))) (/Users/bytedance/Library/TinyTeX/texmf-dist/tex/latex/lastpage/lastpage.sty (/Users/bytedance/Library/TinyTeX/texmf-dist/tex/latex/lastpage/lastpage2e.sty (/Users/bytedance/Library/TinyTeX/texmf-dist/tex/latex/lastpage/lastpagemodern.sty) 
)) (/Users/bytedance/Library/TinyTeX/texmf-dist/tex/latex/base/ifthen.sty) (/Users/bytedance/Library/TinyTeX/texmf-dist/tex/latex/float/float.sty) (/Users/bytedance/Library/TinyTeX/texmf-dist/tex/latex/amsmath/amsmath.sty
For additional information on amsmath, use the `?' option.
(/Users/bytedance/Library/TinyTeX/texmf-dist/tex/latex/amsmath/amstext.sty (/Users/bytedance/Library/TinyTeX/texmf-dist/tex/latex/amsmath/amsgen.sty)) (/Users/bytedance/Library/TinyTeX/texmf-dist/tex/latex/amsmath/amsbsy.sty) (/Users/bytedance/Library/TinyTeX/texmf-dist/tex/latex/amsmath/amsopn.sty)) (/Users/bytedance/Library/TinyTeX/texmf-dist/tex/latex/amsfonts/amssymb.sty (/Users/bytedance/Library/TinyTeX/texmf-dist/tex/latex/amsfonts/amsfonts.sty)) (/Users/bytedance/Library/TinyTeX/texmf-dist/tex/latex/lineno/lineno.sty (/Users/bytedance/Library/TinyTeX/texmf-dist/tex/latex/etoolbox/etoolbox.sty) (/Users/bytedance/Library/TinyTeX/texmf-dist/tex/latex/kvoptions/kvoptions.sty (/Users/bytedance/Library/TinyTeX/texmf-dist/tex/generic/ltxcmds/ltxcmds.sty) (/Users/bytedance/Library/TinyTeX/texmf-dist/tex/latex/kvsetkeys/kvsetkeys.sty))) (/Users/bytedance/Library/TinyTeX/texmf-dist/tex/latex/setspace/setspace.sty) (/Users/bytedance/Library/TinyTeX/texmf-dist/tex/latex/enumitem/enumitem.sty) (/Users/bytedance/Library/TinyTeX/texmf-dist/tex/latex/psnfss/mathpazo.sty) (/Users/bytedance/Library/TinyTeX/texmf-dist/tex/latex/booktabs/booktabs.sty) (/Users/bytedance/Library/TinyTeX/texmf-dist/tex/latex/titlesec/titlesec.sty) (/Users/bytedance/Library/TinyTeX/texmf-dist/tex/latex/tabto-ltx/tabto.sty) (/Users/bytedance/Library/TinyTeX/texmf-dist/tex/latex/xcolor/xcolor.sty (/Users/bytedance/Library/TinyTeX/texmf-dist/tex/latex/graphics-cfg/color.cfg) (/Users/bytedance/Library/TinyTeX/texmf-dist/tex/latex/graphics/mathcolor.ltx)) (/Users/bytedance/Library/TinyTeX/texmf-dist/tex/latex/colortbl/colortbl.sty (/Users/bytedance/Library/TinyTeX/texmf-dist/tex/latex/tools/array.sty)
new hooks used!!
) (/Users/bytedance/Library/TinyTeX/texmf-dist/tex/generic/soul/soul.sty (/Users/bytedance/Library/TinyTeX/texmf-dist/tex/generic/soul/soul-ori.sty) (/Users/bytedance/Library/TinyTeX/texmf-dist/tex/generic/infwarerr/infwarerr.sty) (/Users/bytedance/Library/TinyTeX/texmf-dist/tex/generic/etexcmds/etexcmds.sty (/Users/bytedance/Library/TinyTeX/texmf-dist/tex/generic/iftex/iftex.sty))) (/Users/bytedance/Library/TinyTeX/texmf-dist/tex/latex/multirow/multirow.sty) (/Users/bytedance/Library/TinyTeX/texmf-dist/tex/latex/microtype/microtype.sty (/Users/bytedance/Library/TinyTeX/texmf-dist/tex/latex/microtype/microtype-pdftex.def) (/Users/bytedance/Library/TinyTeX/texmf-dist/tex/latex/microtype/microtype.cfg)) (/Users/bytedance/Library/TinyTeX/texmf-dist/tex/latex/pgf/frontendlayer/tikz.sty (/Users/bytedance/Library/TinyTeX/texmf-dist/tex/latex/pgf/basiclayer/pgf.sty (/Users/bytedance/Library/TinyTeX/texmf-dist/tex/latex/pgf/utilities/pgfrcs.sty (/Users/bytedance/Library/TinyTeX/texmf-dist/tex/generic/pgf/utilities/pgfutil-common.tex) (/Users/bytedance/Library/TinyTeX/texmf-dist/tex/generic/pgf/utilities/pgfutil-latex.def) (/Users/bytedance/Library/TinyTeX/texmf-dist/tex/generic/pgf/utilities/pgfrcs.code.tex (/Users/bytedance/Library/TinyTeX/texmf-dist/tex/generic/pgf/pgf.revision.tex))) (/Users/bytedance/Library/TinyTeX/texmf-dist/tex/latex/pgf/basiclayer/pgfcore.sty (/Users/bytedance/Library/TinyTeX/texmf-dist/tex/latex/pgf/systemlayer/pgfsys.sty (/Users/bytedance/Library/TinyTeX/texmf-dist/tex/generic/pgf/systemlayer/pgfsys.code.tex (/Users/bytedance/Library/TinyTeX/texmf-dist/tex/generic/pgf/utilities/pgfkeys.code.tex (/Users/bytedance/Library/TinyTeX/texmf-dist/tex/generic/pgf/utilities/pgfkeyslibraryfiltered.code.tex)) (/Users/bytedance/Library/TinyTeX/texmf-dist/tex/generic/pgf/systemlayer/pgf.cfg) (/Users/bytedance/Library/TinyTeX/texmf-dist/tex/generic/pgf/systemlayer/pgfsys-pdftex.def (/Users/bytedance/Library/TinyTeX/texmf-dist/tex/generic/pgf/systemlayer/pgfsys-common-pdf.def))) (/Users/bytedance/Library/TinyTeX/texmf-dist/tex/generic/pgf/systemlayer/pgfsyssoftpath.code.tex) (/Users/bytedance/Library/TinyTeX/texmf-dist/tex/generic/pgf/systemlayer/pgfsysprotocol.code.tex)) (/Users/bytedance/Library/TinyTeX/texmf-dist/tex/generic/pgf/basiclayer/pgfcore.code.tex (/Users/bytedance/Library/TinyTeX/texmf-dist/tex/generic/pgf/math/pgfmath.code.tex (/Users/bytedance/Library/TinyTeX/texmf-dist/tex/generic/pgf/math/pgfmathutil.code.tex) (/Users/bytedance/Library/TinyTeX/texmf-dist/tex/generic/pgf/math/pgfmathparser.code.tex) (/Users/bytedance/Library/TinyTeX/texmf-dist/tex/generic/pgf/math/pgfmathfunctions.code.tex) (/Users/bytedance/Library/TinyTeX/texmf-dist/tex/generic/pgf/math/pgfmathfunctions.basic.code.tex) (/Users/bytedance/Library/TinyTeX/texmf-dist/tex/generic/pgf/math/pgfmathfunctions.trigonometric.code.tex) (/Users/bytedance/Library/TinyTeX/texmf-dist/tex/generic/pgf/math/pgfmathfunctions.random.code.tex) (/Users/bytedance/Library/TinyTeX/texmf-dist/tex/generic/pgf/math/pgfmathfunctions.comparison.code.tex) (/Users/bytedance/Library/TinyTeX/texmf-dist/tex/generic/pgf/math/pgfmathfunctions.base.code.tex) (/Users/bytedance/Library/TinyTeX/texmf-dist/tex/generic/pgf/math/pgfmathfunctions.round.code.tex) (/Users/bytedance/Library/TinyTeX/texmf-dist/tex/generic/pgf/math/pgfmathfunctions.misc.code.tex) (/Users/bytedance/Library/TinyTeX/texmf-dist/tex/generic/pgf/math/pgfmathfunctions.integerarithmetics.code.tex) (/Users/bytedance/Library/TinyTeX/texmf-dist/tex/generic/pgf/math/pgfmathcalc.code.tex) (/Users/bytedance/Library/TinyTeX/texmf-dist/tex/generic/pgf/math/pgfmathfloat.code.tex)) (/Users/bytedance/Library/TinyTeX/texmf-dist/tex/generic/pgf/math/pgfint.code.tex) (/Users/bytedance/Library/TinyTeX/texmf-dist/tex/generic/pgf/basiclayer/pgfcorepoints.code.tex) (/Users/bytedance/Library/TinyTeX/texmf-dist/tex/generic/pgf/basiclayer/pgfcorepathconstruct.code.tex) (/Users/bytedance/Library/TinyTeX/texmf-dist/tex/generic/pgf/basiclayer/pgfcorepathusage.code.tex) (/Users/bytedance/Library/TinyTeX/texmf-dist/tex/generic/pgf/basiclayer/pgfcorescopes.code.tex) (/Users/bytedance/Library/TinyTeX/texmf-dist/tex/generic/pgf/basiclayer/pgfcoregraphicstate.code.tex) (/Users/bytedance/Library/TinyTeX/texmf-dist/tex/generic/pgf/basiclayer/pgfcoretransformations.code.tex) (/Users/bytedance/Library/TinyTeX/texmf-dist/tex/generic/pgf/basiclayer/pgfcorequick.code.tex) (/Users/bytedance/Library/TinyTeX/texmf-dist/tex/generic/pgf/basiclayer/pgfcoreobjects.code.tex) (/Users/bytedance/Library/TinyTeX/texmf-dist/tex/generic/pgf/basiclayer/pgfcorepathprocessing.code.tex) (/Users/bytedance/Library/TinyTeX/texmf-dist/tex/generic/pgf/basiclayer/pgfcorearrows.code.tex) (/Users/bytedance/Library/TinyTeX/texmf-dist/tex/generic/pgf/basiclayer/pgfcoreshade.code.tex) (/Users/bytedance/Library/TinyTeX/texmf-dist/tex/generic/pgf/basiclayer/pgfcoreimage.code.tex) (/Users/bytedance/Library/TinyTeX/texmf-dist/tex/generic/pgf/basiclayer/pgfcoreexternal.code.tex) (/Users/bytedance/Library/TinyTeX/texmf-dist/tex/generic/pgf/basiclayer/pgfcorelayers.code.tex) (/Users/bytedance/Library/TinyTeX/texmf-dist/tex/generic/pgf/basiclayer/pgfcoretransparency.code.tex) (/Users/bytedance/Library/TinyTeX/texmf-dist/tex/generic/pgf/basiclayer/pgfcorepatterns.code.tex) (/Users/bytedance/Library/TinyTeX/texmf-dist/tex/generic/pgf/basiclayer/pgfcorerdf.code.tex))) (/Users/bytedance/Library/TinyTeX/texmf-dist/tex/generic/pgf/modules/pgfmoduleshapes.code.tex) (/Users/bytedance/Library/TinyTeX/texmf-dist/tex/generic/pgf/modules/pgfmoduleplot.code.tex) (/Users/bytedance/Library/TinyTeX/texmf-dist/tex/latex/pgf/compatibility/pgfcomp-version-0-65.sty) (/Users/bytedance/Library/TinyTeX/texmf-dist/tex/latex/pgf/compatibility/pgfcomp-version-1-18.sty)) (/Users/bytedance/Library/TinyTeX/texmf-dist/tex/latex/pgf/utilities/pgffor.sty (/Users/bytedance/Library/TinyTeX/texmf-dist/tex/latex/pgf/utilities/pgfkeys.sty (/Users/bytedance/Library/TinyTeX/texmf-dist/tex/generic/pgf/utilities/pgfkeys.code.tex)) (/Users/bytedance/Library/TinyTeX/texmf-dist/tex/latex/pgf/math/pgfmath.sty (/Users/bytedance/Library/TinyTeX/texmf-dist/tex/generic/pgf/math/pgfmath.code.tex)) (/Users/bytedance/Library/TinyTeX/texmf-dist/tex/generic/pgf/utilities/pgffor.code.tex)) (/Users/bytedance/Library/TinyTeX/texmf-dist/tex/generic/pgf/frontendlayer/tikz/tikz.code.tex (/Users/bytedance/Library/TinyTeX/texmf-dist/tex/generic/pgf/libraries/pgflibraryplothandlers.code.tex) (/Users/bytedance/Library/TinyTeX/texmf-dist/tex/generic/pgf/modules/pgfmodulematrix.code.tex) (/Users/bytedance/Library/TinyTeX/texmf-dist/tex/generic/pgf/frontendlayer/tikz/libraries/tikzlibrarytopaths.code.tex))) (/Users/bytedance/Library/TinyTeX/texmf-dist/tex/latex/refcount/refcount.sty) (/Users/bytedance/Library/TinyTeX/texmf-dist/tex/latex/changepage/changepage.sty) (/Users/bytedance/Library/TinyTeX/texmf-dist/tex/latex/frankenstein/attrib.sty (/Users/bytedance/Library/TinyTeX/texmf-dist/tex/latex/frankenstein/moredefs.sty)) (/Users/bytedance/Library/TinyTeX/texmf-dist/tex/latex/was/upgreek.sty) (/Users/bytedance/Library/TinyTeX/texmf-dist/tex/latex/tools/tabularx.sty) (/Users/bytedance/Library/TinyTeX/texmf-dist/tex/latex/pbox/pbox.sty) (/Users/bytedance/Library/TinyTeX/texmf-dist/tex/latex/ragged2e/ragged2e.sty) (/Users/bytedance/Library/TinyTeX/texmf-dist/tex/latex/tocloft/tocloft.sty) (/Users/bytedance/Library/TinyTeX/texmf-dist/tex/latex/marginnote/marginnote.sty) (/Users/bytedance/Library/TinyTeX/texmf-dist/tex/latex/marginfix/marginfix.sty)
==> First Aid for marginfix.sty applied!
(/Users/bytedance/Library/TinyTeX/texmf-dist/tex/latex/enotez/enotez.sty (/Users/bytedance/Library/TinyTeX/texmf-dist/tex/latex/l3kernel/expl3.sty (/Users/bytedance/Library/TinyTeX/texmf-dist/tex/latex/l3backend/l3backend-pdftex.def)) (/Users/bytedance/Library/TinyTeX/texmf-dist/tex/latex/l3packages/xparse/xparse.sty) (/Users/bytedance/Library/TinyTeX/texmf-dist/tex/latex/l3packages/l3keys2e/l3keys2e.sty) (/Users/bytedance/Library/TinyTeX/texmf-dist/tex/latex/l3packages/xtemplate/xtemplate.sty) (/Users/bytedance/Library/TinyTeX/texmf-dist/tex/latex/translations/translations.sty (/Users/bytedance/Library/TinyTeX/texmf-dist/tex/generic/pdftexcmds/pdftexcmds.sty))) (/Users/bytedance/Library/TinyTeX/texmf-dist/tex/generic/xstring/xstring.sty (/Users/bytedance/Library/TinyTeX/texmf-dist/tex/generic/xstring/xstring.tex)) (/Users/bytedance/Library/TinyTeX/texmf-dist/tex/latex/subfig/subfig.sty (/Users/bytedance/Library/TinyTeX/texmf-dist/tex/latex/caption/caption.sty (/Users/bytedance/Library/TinyTeX/texmf-dist/tex/latex/caption/caption3.sty))) (/Users/bytedance/Library/TinyTeX/texmf-dist/tex/generic/alphalph/alphalph.sty (/Users/bytedance/Library/TinyTeX/texmf-dist/tex/generic/intcalc/intcalc.sty)) (./Definitions/journalnames.tex) (/Users/bytedance/Library/TinyTeX/texmf-dist/tex/latex/amscls/amsthm.sty) (/Users/bytedance/Library/TinyTeX/texmf-dist/tex/latex/natbib/natbib.sty) (/Users/bytedance/Library/TinyTeX/texmf-dist/tex/latex/koma-script/scrextend.sty (/Users/bytedance/Library/TinyTeX/texmf-dist/tex/latex/koma-script/scrkbase.sty (/Users/bytedance/Library/TinyTeX/texmf-dist/tex/latex/koma-script/scrbase.sty (/Users/bytedance/Library/TinyTeX/texmf-dist/tex/latex/koma-script/scrlfile.sty (/Users/bytedance/Library/TinyTeX/texmf-dist/tex/latex/koma-script/scrlfile-hook.sty (/Users/bytedance/Library/TinyTeX/texmf-dist/tex/latex/koma-script/scrlogo.sty)))))) (/Users/bytedance/Library/TinyTeX/texmf-dist/tex/latex/geometry/geometry.sty (/Users/bytedance/Library/TinyTeX/texmf-dist/tex/generic/iftex/ifvtex.sty)) (/Users/bytedance/Library/TinyTeX/texmf-dist/tex/latex/newfloat/newfloat.sty) (/Users/bytedance/Library/TinyTeX/texmf-dist/tex/latex/seqsplit/seqsplit.sty)) (./preamble_mdpi.tex (/Users/bytedance/Library/TinyTeX/texmf-dist/tex/latex/psnfss/pifont.sty (/Users/bytedance/Library/TinyTeX/texmf-dist/tex/latex/psnfss/upzd.fd) (/Users/bytedance/Library/TinyTeX/texmf-dist/tex/latex/psnfss/upsy.fd)) (/Users/bytedance/Library/TinyTeX/texmf-dist/tex/latex/pgfplots/pgfplots.sty (/Users/bytedance/Library/TinyTeX/texmf-dist/tex/generic/pgfplots/pgfplots.revision.tex) (/Users/bytedance/Library/TinyTeX/texmf-dist/tex/generic/pgfplots/pgfplots.code.tex (/Users/bytedance/Library/TinyTeX/texmf-dist/tex/generic/pgfplots/pgfplotscore.code.tex (/Users/bytedance/Library/TinyTeX/texmf-dist/tex/generic/pgfplots/sys/pgfplotssysgeneric.code.tex)) (/Users/bytedance/Library/TinyTeX/texmf-dist/tex/generic/pgfplots/libs/pgfplotslibrary.code.tex) (/Users/bytedance/Library/TinyTeX/texmf-dist/tex/generic/pgfplots/oldpgfcompatib/pgfplotsoldpgfsupp_loader.code.tex (/Users/bytedance/Library/TinyTeX/texmf-dist/tex/generic/pgf/libraries/pgflibraryfpu.code.tex) (/Users/bytedance/Library/TinyTeX/texmf-dist/tex/generic/pgfplots/oldpgfcompatib/pgfplotsoldpgfsupp_pgfutil-common-lists.tex)) (/Users/bytedance/Library/TinyTeX/texmf-dist/tex/generic/pgfplots/util/pgfplotsutil.code.tex (/Users/bytedance/Library/TinyTeX/texmf-dist/tex/generic/pgfplots/liststructure/pgfplotsliststructure.code.tex) (/Users/bytedance/Library/TinyTeX/texmf-dist/tex/generic/pgfplots/liststructure/pgfplotsliststructureext.code.tex) (/Users/bytedance/Library/TinyTeX/texmf-dist/tex/generic/pgfplots/liststructure/pgfplotsarray.code.tex) (/Users/bytedance/Library/TinyTeX/texmf-dist/tex/generic/pgfplots/liststructure/pgfplotsmatrix.code.tex) (/Users/bytedance/Library/TinyTeX/texmf-dist/tex/generic/pgfplots/numtable/pgfplotstableshared.code.tex) (/Users/bytedance/Library/TinyTeX/texmf-dist/tex/generic/pgfplots/liststructure/pgfplotsdeque.code.tex) (/Users/bytedance/Library/TinyTeX/texmf-dist/tex/generic/pgfplots/util/pgfplotsbinary.code.tex (/Users/bytedance/Library/TinyTeX/texmf-dist/tex/generic/pgfplots/util/pgfplotsbinary.data.code.tex)) (/Users/bytedance/Library/TinyTeX/texmf-dist/tex/generic/pgfplots/util/pgfplotsutil.verb.code.tex) (/Users/bytedance/Library/TinyTeX/texmf-dist/tex/generic/pgfplots/libs/pgflibrarypgfplots.surfshading.code.tex (/Users/bytedance/Library/TinyTeX/texmf-dist/tex/generic/pgfplots/sys/pgflibrarypgfplots.surfshading.pgfsys-pdftex.def))) (/Users/bytedance/Library/TinyTeX/texmf-dist/tex/generic/pgfplots/util/pgfplotscolormap.code.tex (/Users/bytedance/Library/TinyTeX/texmf-dist/tex/generic/pgfplots/util/pgfplotscolor.code.tex)) (/Users/bytedance/Library/TinyTeX/texmf-dist/tex/generic/pgfplots/pgfplotsstackedplots.code.tex) (/Users/bytedance/Library/TinyTeX/texmf-dist/tex/generic/pgfplots/pgfplotsplothandlers.code.tex (/Users/bytedance/Library/TinyTeX/texmf-dist/tex/generic/pgfplots/pgfplotsmeshplothandler.code.tex (/Users/bytedance/Library/TinyTeX/texmf-dist/tex/generic/pgfplots/pgfplotsmeshplotimage.code.tex))) (/Users/bytedance/Library/TinyTeX/texmf-dist/tex/generic/pgfplots/pgfplots.scaling.code.tex) (/Users/bytedance/Library/TinyTeX/texmf-dist/tex/generic/pgfplots/pgfplotscoordprocessing.code.tex) (/Users/bytedance/Library/TinyTeX/texmf-dist/tex/generic/pgfplots/pgfplots.errorbars.code.tex) (/Users/bytedance/Library/TinyTeX/texmf-dist/tex/generic/pgfplots/pgfplots.markers.code.tex) (/Users/bytedance/Library/TinyTeX/texmf-dist/tex/generic/pgfplots/pgfplotsticks.code.tex) (/Users/bytedance/Library/TinyTeX/texmf-dist/tex/generic/pgfplots/pgfplots.paths.code.tex) (/Users/bytedance/Library/TinyTeX/texmf-dist/tex/generic/pgf/frontendlayer/tikz/libraries/tikzlibrarydecorations.code.tex (/Users/bytedance/Library/TinyTeX/texmf-dist/tex/generic/pgf/modules/pgfmoduledecorations.code.tex)) (/Users/bytedance/Library/TinyTeX/texmf-dist/tex/generic/pgf/frontendlayer/tikz/libraries/tikzlibrarydecorations.pathmorphing.code.tex (/Users/bytedance/Library/TinyTeX/texmf-dist/tex/generic/pgf/libraries/decorations/pgflibrarydecorations.pathmorphing.code.tex)) (/Users/bytedance/Library/TinyTeX/texmf-dist/tex/generic/pgf/frontendlayer/tikz/libraries/tikzlibrarydecorations.pathreplacing.code.tex (/Users/bytedance/Library/TinyTeX/texmf-dist/tex/generic/pgf/libraries/decorations/pgflibrarydecorations.pathreplacing.code.tex)) (/Users/bytedance/Library/TinyTeX/texmf-dist/tex/generic/pgfplots/libs/tikzlibrarypgfplots.contourlua.code.tex)) (/Users/bytedance/Library/TinyTeX/texmf-dist/tex/generic/pgf/frontendlayer/tikz/libraries/tikzlibraryplotmarks.code.tex (/Users/bytedance/Library/TinyTeX/texmf-dist/tex/generic/pgf/libraries/pgflibraryplotmarks.code.tex))) (/Users/bytedance/Library/TinyTeX/texmf-dist/tex/generic/pgf/frontendlayer/tikz/libraries/tikzlibrarypositioning.code.tex) (/Users/bytedance/Library/TinyTeX/texmf-dist/tex/generic/pgf/libraries/pgflibraryarrows.meta.code.tex) (/Users/bytedance/Library/TinyTeX/texmf-dist/tex/generic/pgf/frontendlayer/tikz/libraries/tikzlibrarycalc.code.tex) (/Users/bytedance/Library/TinyTeX/texmf-dist/tex/generic/pgf/frontendlayer/tikz/libraries/tikzlibraryfit.code.tex) (/Users/bytedance/Library/TinyTeX/texmf-dist/tex/generic/pgf/frontendlayer/tikz/libraries/tikzlibrarybackgrounds.code.tex) (/Users/bytedance/Library/TinyTeX/texmf-dist/tex/generic/pgf/frontendlayer/tikz/libraries/tikzlibraryshapes.geometric.code.tex (/Users/bytedance/Library/TinyTeX/texmf-dist/tex/generic/pgf/libraries/shapes/pgflibraryshapes.geometric.code.tex))) (/Users/bytedance/Library/TinyTeX/texmf-dist/tex/latex/hyperref/hyperref.sty (/Users/bytedance/Library/TinyTeX/texmf-dist/tex/generic/kvdefinekeys/kvdefinekeys.sty) (/Users/bytedance/Library/TinyTeX/texmf-dist/tex/generic/pdfescape/pdfescape.sty) (/Users/bytedance/Library/TinyTeX/texmf-dist/tex/latex/hycolor/hycolor.sty) (/Users/bytedance/Library/TinyTeX/texmf-dist/tex/latex/hyperref/nameref.sty (/Users/bytedance/Library/TinyTeX/texmf-dist/tex/generic/gettitlestring/gettitlestring.sty)) (/Users/bytedance/Library/TinyTeX/texmf-dist/tex/generic/stringenc/stringenc.sty) (/Users/bytedance/Library/TinyTeX/texmf-dist/tex/latex/hyperref/pd1enc.def) (/Users/bytedance/Library/TinyTeX/texmf-dist/tex/latex/hyperref/puenc.def) (/Users/bytedance/Library/TinyTeX/texmf-dist/tex/latex/url/url.sty) (/Users/bytedance/Library/TinyTeX/texmf-dist/tex/generic/bitset/bitset.sty (/Users/bytedance/Library/TinyTeX/texmf-dist/tex/generic/bigintcalc/bigintcalc.sty))) (/Users/bytedance/Library/TinyTeX/texmf-dist/tex/latex/hyperref/hpdftex.def (/Users/bytedance/Library/TinyTeX/texmf-dist/tex/latex/rerunfilecheck/rerunfilecheck.sty (/Users/bytedance/Library/TinyTeX/texmf-dist/tex/generic/uniquecounter/uniquecounter.sty))) (/Users/bytedance/Library/TinyTeX/texmf-dist/tex/latex/cleveref/cleveref.sty)
==> First Aid for cleveref.sty applied!
(/Users/bytedance/Library/TinyTeX/texmf-dist/tex/latex/psnfss/t1ppl.fd) (./main_mdpi.aux) (/Users/bytedance/Library/TinyTeX/texmf-dist/tex/latex/epstopdf-pkg/epstopdf-base.sty (/Users/bytedance/Library/TinyTeX/texmf-dist/tex/latex/grfext/grfext.sty) (/Users/bytedance/Library/TinyTeX/texmf-dist/tex/latex/latexconfig/epstopdf-sys.cfg)) (/Users/bytedance/Library/TinyTeX/texmf-dist/tex/latex/microtype/mt-ppl.cfg) (/Users/bytedance/Library/TinyTeX/texmf-dist/tex/latex/translations/translations-basic-dictionary-english.trsl)
*geometry* driver: auto-detecting
*geometry* detected driver: pdftex
Package pgfplots notification 'compat/show suggested version=true': you might benefit from \pgfplotsset{compat=1.18} (current compat level: 1.16).

(./main_mdpi.out) (./main_mdpi.out) (/Users/bytedance/Library/TinyTeX/texmf-dist/tex/latex/psnfss/ts1ppl.fd) (/Users/bytedance/Library/TinyTeX/texmf-dist/tex/latex/psnfss/ot1ppl.fd) (/Users/bytedance/Library/TinyTeX/texmf-dist/tex/latex/psnfss/omlzplm.fd) (/Users/bytedance/Library/TinyTeX/texmf-dist/tex/latex/psnfss/omszplm.fd) (/Users/bytedance/Library/TinyTeX/texmf-dist/tex/latex/psnfss/omxzplm.fd) (/Users/bytedance/Library/TinyTeX/texmf-dist/tex/latex/microtype/mt-msa.cfg) (/Users/bytedance/Library/TinyTeX/texmf-dist/tex/latex/microtype/mt-msb.cfg) (/Users/bytedance/Library/TinyTeX/texmf-dist/tex/latex/psnfss/ot1zplm.fd) (/Users/bytedance/Library/TinyTeX/texmf-dist/tex/latex/microtype/mt-eur.cfg)

Package hyperref Warning: Token not allowed in a PDF string (Unicode):
(hyperref)                removing `math shift' on input line 89.


Package hyperref Warning: Token not allowed in a PDF string (Unicode):
(hyperref)                removing `\times' on input line 89.


Package hyperref Warning: Token not allowed in a PDF string (Unicode):
(hyperref)                removing `\times' on input line 89.


Package hyperref Warning: Token not allowed in a PDF string (Unicode):
(hyperref)                removing `\times' on input line 89.


Package hyperref Warning: Token not allowed in a PDF string (Unicode):
(hyperref)                removing `math shift' on input line 89.


Package hyperref Warning: Token not allowed in a PDF string (Unicode):
(hyperref)                removing `math shift' on input line 89.


Package hyperref Warning: Token not allowed in a PDF string (Unicode):
(hyperref)                removing `math shift' on input line 89.


Package hyperref Warning: Token not allowed in a PDF string (Unicode):
(hyperref)                removing `\leavevmode@ifvmode' on input line 89.


Package hyperref Warning: Token not allowed in a PDF string (Unicode):
(hyperref)                \kern 1.66702pt
(hyperref)                removed on input line 89.


Package hyperref Warning: Token not allowed in a PDF string (Unicode):
(hyperref)                removing `math shift' on input line 89.


Package hyperref Warning: Token not allowed in a PDF string (Unicode):
(hyperref)                removing `\times' on input line 89.


Package hyperref Warning: Token not allowed in a PDF string (Unicode):
(hyperref)                removing `math shift' on input line 89.


Package hyperref Warning: Token not allowed in a PDF string (Unicode):
(hyperref)                removing `math shift' on input line 89.


Package hyperref Warning: Token not allowed in a PDF string (Unicode):
(hyperref)                removing `math shift' on input line 89.


Package hyperref Warning: Token not allowed in a PDF string (Unicode):
(hyperref)                removing `\leavevmode@ifvmode' on input line 89.


Package hyperref Warning: Token not allowed in a PDF string (Unicode):
(hyperref)                \kern 1.66702pt
(hyperref)                removed on input line 89.

(./sections/1_introduction.tex

Package fancyhdr Warning: \headheight is too small (12.0pt): 
(fancyhdr)                Make it at least 20.0pt, for example:
(fancyhdr)                \setlength{\headheight}{20.0pt}.
(fancyhdr)                You might also make \topmargin smaller:
(fancyhdr)                \addtolength{\topmargin}{-8.0pt}.

[1{/Users/bytedance/Library/TinyTeX/texmf-var/fonts/map/pdftex/updmap/pdftex.map}{/Users/bytedance/Library/TinyTeX/texmf-dist/fonts/enc/dvips/base/8r.enc} <./Definitions/logo-mdpi-eps-converted-to.pdf>]

Package fancyhdr Warning: \headheight is too small (12.0pt): 
(fancyhdr)                Make it at least 18.18796pt, for example:
(fancyhdr)                \setlength{\headheight}{18.18796pt}.
(fancyhdr)                You might also make \topmargin smaller:
(fancyhdr)                \addtolength{\topmargin}{-6.18796pt}.

[2]) (./sections/2_method.tex

Package fancyhdr Warning: \headheight is too small (12.0pt): 
(fancyhdr)                Make it at least 18.18796pt, for example:
(fancyhdr)                \setlength{\headheight}{18.18796pt}.
(fancyhdr)                You might also make \topmargin smaller:
(fancyhdr)                \addtolength{\topmargin}{-6.18796pt}.

[3]

Package fancyhdr Warning: \headheight is too small (12.0pt): 
(fancyhdr)                Make it at least 18.18796pt, for example:
(fancyhdr)                \setlength{\headheight}{18.18796pt}.
(fancyhdr)                You might also make \topmargin smaller:
(fancyhdr)                \addtolength{\topmargin}{-6.18796pt}.

[4]

Package fancyhdr Warning: \headheight is too small (12.0pt): 
(fancyhdr)                Make it at least 18.18796pt, for example:
(fancyhdr)                \setlength{\headheight}{18.18796pt}.
(fancyhdr)                You might also make \topmargin smaller:
(fancyhdr)                \addtolength{\topmargin}{-6.18796pt}.

[5]) (./figures/fig1_architecture.tex) (./figures/fig2_dpr.tex) (./sections/3_experiments_setup.tex

Package fancyhdr Warning: \headheight is too small (12.0pt): 
(fancyhdr)                Make it at least 18.18796pt, for example:
(fancyhdr)                \setlength{\headheight}{18.18796pt}.
(fancyhdr)                You might also make \topmargin smaller:
(fancyhdr)                \addtolength{\topmargin}{-6.18796pt}.

[6])

Package fancyhdr Warning: \headheight is too small (12.0pt): 
(fancyhdr)                Make it at least 18.18796pt, for example:
(fancyhdr)                \setlength{\headheight}{18.18796pt}.
(fancyhdr)                You might also make \topmargin smaller:
(fancyhdr)                \addtolength{\topmargin}{-6.18796pt}.

[7] (./sections/3_experiments_comparison.tex

Package fancyhdr Warning: \headheight is too small (12.0pt): 
(fancyhdr)                Make it at least 18.18796pt, for example:
(fancyhdr)                \setlength{\headheight}{18.18796pt}.
(fancyhdr)                You might also make \topmargin smaller:
(fancyhdr)                \addtolength{\topmargin}{-6.18796pt}.

[8]) (./tables/table1_main_comparison.tex) (./tables/table2_efficiency.tex) (./sections/3_experiments_efficiency.tex

Package fancyhdr Warning: \headheight is too small (12.0pt): 
(fancyhdr)                Make it at least 18.18796pt, for example:
(fancyhdr)                \setlength{\headheight}{18.18796pt}.
(fancyhdr)                You might also make \topmargin smaller:
(fancyhdr)                \addtolength{\topmargin}{-6.18796pt}.

[9]

Package fancyhdr Warning: \headheight is too small (12.0pt): 
(fancyhdr)                Make it at least 18.18796pt, for example:
(fancyhdr)                \setlength{\headheight}{18.18796pt}.
(fancyhdr)                You might also make \topmargin smaller:
(fancyhdr)                \addtolength{\topmargin}{-6.18796pt}.

[10]) (./figures/fig3_psnr_params.tex) (./sections/3_experiments_visual.tex) (./figures/fig7_visual.tex

Package fancyhdr Warning: \headheight is too small (12.0pt): 
(fancyhdr)                Make it at least 18.18796pt, for example:
(fancyhdr)                \setlength{\headheight}{18.18796pt}.
(fancyhdr)                You might also make \topmargin smaller:
(fancyhdr)                \addtolength{\topmargin}{-6.18796pt}.

[11]) (./sections/3_experiments_ablation.tex

Package fancyhdr Warning: \headheight is too small (12.0pt): 
(fancyhdr)                Make it at least 18.18796pt, for example:
(fancyhdr)                \setlength{\headheight}{18.18796pt}.
(fancyhdr)                You might also make \topmargin smaller:
(fancyhdr)                \addtolength{\topmargin}{-6.18796pt}.

[12]

Package fancyhdr Warning: \headheight is too small (12.0pt): 
(fancyhdr)                Make it at least 18.18796pt, for example:
(fancyhdr)                \setlength{\headheight}{18.18796pt}.
(fancyhdr)                You might also make \topmargin smaller:
(fancyhdr)                \addtolength{\topmargin}{-6.18796pt}.

[13 <./figures/fig7_assets/Urban100_img_092_GT_full_box.png (PNG copy)> <./figures/fig7_assets/Urban100_img_092_Bicubic_crop.png (PNG copy)> <./figures/fig7_assets/Urban100_img_092_IMDN_crop.png (PNG copy)> <./figures/fig7_assets/Urban100_img_092_SwinIR-light_crop.png (PNG copy)> <./figures/fig7_assets/Urban100_img_092_SRFormer-light_crop.png (PNG copy)> <./figures/fig7_assets/Urban100_img_092_CATANet_crop.png (PNG copy)> <./figures/fig7_assets/Urban100_img_092_DPRNet_crop.png (PNG copy)> <./figures/fig7_assets/Urban100_img_092_GT_crop.png (PNG copy)> <./figures/fig7_assets/Urban100_img_024_GT_full_box.png (PNG copy)> <./figures/fig7_assets/Urban100_img_024_Bicubic_crop.png (PNG copy)> <./figures/fig7_assets/Urban100_img_024_IMDN_crop.png (PNG copy)> <./figures/fig7_assets/Urban100_img_024_SwinIR-light_crop.png (PNG copy)> <./figures/fig7_assets/Urban100_img_024_SRFormer-light_crop.png (PNG copy)> <./figures/fig7_assets/Urban100_img_024_CATANet_crop.png (PNG copy)> <./figures/fig7_assets/Urban100_img_024_DPRNet_crop.png (PNG copy)> <./figures/fig7_assets/Urban100_img_024_GT_crop.png (PNG copy)> <./figures/fig7_assets/Manga109_ThatsIzumiko_000_GT_full_box.png (PNG copy)> <./figures/fig7_assets/Manga109_ThatsIzumiko_000_Bicubic_crop.png (PNG copy)> <./figures/fig7_assets/Manga109_ThatsIzumiko_000_IMDN_crop.png (PNG copy)> <./figures/fig7_assets/Manga109_ThatsIzumiko_000_SwinIR-light_crop.png (PNG copy)> <./figures/fig7_assets/Manga109_ThatsIzumiko_000_SRFormer-light_crop.png (PNG copy)> <./figures/fig7_assets/Manga109_ThatsIzumiko_000_CATANet_crop.png (PNG copy)> <./figures/fig7_assets/Manga109_ThatsIzumiko_000_DPRNet_crop.png (PNG copy)> <./figures/fig7_assets/Manga109_ThatsIzumiko_000_GT_crop.png (PNG copy)>]) (./tables/table3_ablation_a1.tex) (./tables/table4_ablation_a2.tex) (./tables/table5_ablation_a3.tex) (./sections/3_experiments_routing_analysis.tex

Package fancyhdr Warning: \headheight is too small (12.0pt): 
(fancyhdr)                Make it at least 18.18796pt, for example:
(fancyhdr)                \setlength{\headheight}{18.18796pt}.
(fancyhdr)                You might also make \topmargin smaller:
(fancyhdr)                \addtolength{\topmargin}{-6.18796pt}.

[14]) (./figures/fig5_xscore_hist.tex) (./figures/fig6_usage_entropy.tex) (./figures/fig8_cluster_maps.tex

Package fancyhdr Warning: \headheight is too small (12.0pt): 
(fancyhdr)                Make it at least 18.18796pt, for example:
(fancyhdr)                \setlength{\headheight}{18.18796pt}.
(fancyhdr)                You might also make \topmargin smaller:
(fancyhdr)                \addtolength{\topmargin}{-6.18796pt}.

[15]) (./sections/4_discussion.tex

Package fancyhdr Warning: \headheight is too small (12.0pt): 
(fancyhdr)                Make it at least 18.18796pt, for example:
(fancyhdr)                \setlength{\headheight}{18.18796pt}.
(fancyhdr)                You might also make \topmargin smaller:
(fancyhdr)                \addtolength{\topmargin}{-6.18796pt}.

[16]) (./sections/5_conclusion.tex

Package fancyhdr Warning: \headheight is too small (12.0pt): 
(fancyhdr)                Make it at least 18.18796pt, for example:
(fancyhdr)                \setlength{\headheight}{18.18796pt}.
(fancyhdr)                You might also make \topmargin smaller:
(fancyhdr)                \addtolength{\topmargin}{-6.18796pt}.

[17]) (./main_mdpi.bbl

Package fancyhdr Warning: \headheight is too small (12.0pt): 
(fancyhdr)                Make it at least 18.18796pt, for example:
(fancyhdr)                \setlength{\headheight}{18.18796pt}.
(fancyhdr)                You might also make \topmargin smaller:
(fancyhdr)                \addtolength{\topmargin}{-6.18796pt}.

[18]

Package fancyhdr Warning: \headheight is too small (12.0pt): 
(fancyhdr)                Make it at least 18.18796pt, for example:
(fancyhdr)                \setlength{\headheight}{18.18796pt}.
(fancyhdr)                You might also make \topmargin smaller:
(fancyhdr)                \addtolength{\topmargin}{-6.18796pt}.

[19 <./figures/fig58_assets/fig8_Urban100_img_092_lr.png (PNG copy)> <./figures/fig58_assets/fig8_Urban100_img_092_b0_cluster.png (PNG copy)> <./figures/fig58_assets/fig8_Urban100_img_092_b3_cluster.png (PNG copy)> <./figures/fig58_assets/fig8_Urban100_img_092_b7_cluster.png (PNG copy)> <./figures/fig58_assets/fig8_Urban100_img_024_lr.png (PNG copy)> <./figures/fig58_assets/fig8_Urban100_img_024_b0_cluster.png (PNG copy)> <./figures/fig58_assets/fig8_Urban100_img_024_b3_cluster.png (PNG copy)> <./figures/fig58_assets/fig8_Urban100_img_024_b7_cluster.png (PNG copy)> <./figures/fig58_assets/fig8_Manga109_ThatsIzumiko_000_lr.png (PNG copy)> <./figures/fig58_assets/fig8_Manga109_ThatsIzumiko_000_b0_cluster.png (PNG copy)> <./figures/fig58_assets/fig8_Manga109_ThatsIzumiko_000_b3_cluster.png (PNG copy)> <./figures/fig58_assets/fig8_Manga109_ThatsIzumiko_000_b7_cluster.png (PNG copy)>]

Package fancyhdr Warning: \headheight is too small (12.0pt): 
(fancyhdr)                Make it at least 18.18796pt, for example:
(fancyhdr)                \setlength{\headheight}{18.18796pt}.
(fancyhdr)                You might also make \topmargin smaller:
(fancyhdr)                \addtolength{\topmargin}{-6.18796pt}.

[20])

Package fancyhdr Warning: \headheight is too small (12.0pt): 
(fancyhdr)                Make it at least 18.18796pt, for example:
(fancyhdr)                \setlength{\headheight}{18.18796pt}.
(fancyhdr)                You might also make \topmargin smaller:
(fancyhdr)                \addtolength{\topmargin}{-6.18796pt}.

[21] 
enddocument/afterlastpage (AED): lastpage setting LastPage.
(./main_mdpi.aux)

LaTeX Warning: Label(s) may have changed. Rerun to get cross-references right.

 ) </Users/bytedance/Library/TinyTeX/texmf-var/fonts/pk/ljfour/jknappen/ec/ectt0800.600pk> </Users/bytedance/Library/TinyTeX/texmf-var/fonts/pk/ljfour/jknappen/ec/ecit0800.525pk> </Users/bytedance/Library/TinyTeX/texmf-var/fonts/pk/ljfour/jknappen/ec/ectt1000.600pk> </Users/bytedance/Library/TinyTeX/texmf-var/fonts/pk/ljfour/jknappen/ec/ecss0800.375pk></Users/bytedance/Library/TinyTeX/texmf-dist/fonts/type1/public/amsfonts/cm/cmex10.pfb></Users/bytedance/Library/TinyTeX/texmf-dist/fonts/type1/public/amsfonts/cm/cmmi10.pfb></Users/bytedance/Library/TinyTeX/texmf-dist/fonts/type1/public/amsfonts/cm/cmr10.pfb></Users/bytedance/Library/TinyTeX/texmf-dist/fonts/type1/public/amsfonts/cm/cmsy10.pfb></Users/bytedance/Library/TinyTeX/texmf-dist/fonts/type1/public/mathpazo/fplmr.pfb></Users/bytedance/Library/TinyTeX/texmf-dist/fonts/type1/public/mathpazo/fplmri.pfb></Users/bytedance/Library/TinyTeX/texmf-dist/fonts/type1/public/amsfonts/symbols/msbm10.pfb></Users/bytedance/Library/TinyTeX/texmf-dist/fonts/type1/urw/palatino/uplb8a.pfb></Users/bytedance/Library/TinyTeX/texmf-dist/fonts/type1/urw/palatino/uplr8a.pfb></Users/bytedance/Library/TinyTeX/texmf-dist/fonts/type1/urw/palatino/uplri8a.pfb></Users/bytedance/Library/TinyTeX/texmf-dist/fonts/type1/urw/zapfding/uzdr.pfb>
Output written on main_mdpi.pdf (21 pages, 10698603 bytes).
Transcript written on main_mdpi.log.
